[transformers] The `check_model_inputs` decorator is deprecated in favor of `merge_with_config_defaults`.
DEVICE: cuda:0
Loading tokenizer: multimolecule/rinalmo-micro
pad token id = 0
run at: 20260521_143659
(34271, 6)
labels: {1: 4394, 0: 29877}
train labels: {np.int64(1): 3080, np.int64(0): 21095}
val labels: {np.int64(1): 435, np.int64(0): 2776}
test labels: {np.int64(1): 879, np.int64(0): 6006}
train sections: {np.int64(0): 2387, np.int64(3): 535, np.int64(1): 17161, np.int64(2): 1310, np.int64(4): 2782}
section_ratio: {np.int64(0): 10.127775450356095, np.int64(3): 45.18691588785047, np.int64(1): 1.4087174407085834, np.int64(2): 18.454198473282442, np.int64(4): 8.68979151689432}
section_neg_pos_ratio: {0: 0.26229508196721313, 3: 1.1926229508196722, 1: 64.00378787878788, 2: 1.1475409836065573, 4: 38.183098591549296}
hyperparameters: {'lora_r': 4, 'lora_alpha': 32, 'lora_dropout': 0.1, 'num_heads': 8, 'dropout': 0.1, 'pooling_mode': 'attention', 'batch_size': 16, 'max_epoch': 50, 'section_scaling': 0, 'section_label_scaling': 1, 'section_pos_weight_fold': {'0': 0.5, '1': 0.5, '2': 0.5, '3': 0.5, '4': 0.5}, 'max_weight': 300, 'lr': 0.0001, 'left_window': 411, 'right_window': 101, 'ignore_sec': 0}
Loading backbone: multimolecule/rinalmo-micro
Loading weights:   0%|          | 0/183 [00:00<?, ?it/s]Loading weights: 100%|██████████| 183/183 [00:00<00:00, 33325.70it/s]
[transformers] [1mRiNALMoModel LOAD REPORT[0m from: multimolecule/rinalmo-micro
Key                                 | Status     | 
------------------------------------+------------+-
lm_head.transform.layer_norm.weight | UNEXPECTED | 
lm_head.transform.dense.bias        | UNEXPECTED | 
lm_head.transform.layer_norm.bias   | UNEXPECTED | 
lm_head.transform.dense.weight      | UNEXPECTED | 
lm_head.bias                        | UNEXPECTED | 
pooler.dense.weight                 | MISSING    | 
pooler.dense.bias                   | MISSING    | 

Notes:
- UNEXPECTED:	can be ignored when loading from different task/architecture; not ok if you expect identical arch.
- MISSING:	those params were newly initialized because missing from the checkpoint. Consider training on your downstream task.
trainable params: 301,920 || all params: 33,783,372 || trainable%: 0.8937
Total params: 34,707,853  |  Trainable: 1,226,401
Epoch 01 | lr=1.00e-04 | train loss=0.7045 acc=0.8077 prec=0.3040 rec=0.3951 f1=0.3436 | val   loss=0.3963 acc=0.8419 prec=0.2040 rec=0.5838 f1=0.3024 aupr=0.2562
  -> saved best model to model.pt
Epoch 02 | lr=1.00e-04 | train loss=0.5924 acc=0.8213 prec=0.3449 rec=0.4481 f1=0.3898 | val   loss=0.4829 acc=0.7727 prec=0.1619 rec=0.6879 f1=0.2621 aupr=0.2404
Epoch 03 | lr=1.00e-04 | train loss=0.4990 acc=0.8355 prec=0.3793 rec=0.4575 f1=0.4147 | val   loss=0.5411 acc=0.7626 prec=0.1652 rec=0.7514 f1=0.2708 aupr=0.2714
  -> saved best model to model.pt
Epoch 04 | lr=1.00e-04 | train loss=0.4130 acc=0.8511 prec=0.4195 rec=0.4390 f1=0.4290 | val   loss=0.5484 acc=0.7324 prec=0.1585 rec=0.8266 f1=0.2660 aupr=0.3582
  -> saved best model to model.pt
Epoch 05 | lr=1.00e-04 | train loss=0.3142 acc=0.8719 prec=0.4967 rec=0.4341 f1=0.4633 | val   loss=0.2256 acc=0.9172 prec=0.3680 rec=0.5723 f1=0.4480 aupr=0.4017
  -> saved best model to model.pt
Epoch 06 | lr=1.00e-04 | train loss=0.2685 acc=0.8856 prec=0.5622 rec=0.4607 f1=0.5064 | val   loss=0.2155 acc=0.9254 prec=0.3907 rec=0.4855 f1=0.4330 aupr=0.3915
Epoch 07 | lr=1.00e-04 | train loss=0.2216 acc=0.8948 prec=0.6152 rec=0.4656 f1=0.5300 | val   loss=0.2314 acc=0.9118 prec=0.3320 rec=0.4971 f1=0.3981 aupr=0.3843
Epoch 08 | lr=1.00e-04 | train loss=0.1762 acc=0.9077 prec=0.6923 rec=0.4961 f1=0.5780 | val   loss=0.1872 acc=0.9423 prec=0.5102 rec=0.4335 f1=0.4688 aupr=0.4581
  -> saved best model to model.pt
Epoch 09 | lr=1.00e-04 | train loss=0.1617 acc=0.9149 prec=0.7310 rec=0.5250 f1=0.6111 | val   loss=0.1773 acc=0.9440 prec=0.5333 rec=0.3699 f1=0.4369 aupr=0.4631
  -> saved best model to model.pt
Epoch 10 | lr=1.00e-04 | train loss=0.1481 acc=0.9179 prec=0.7564 rec=0.5244 f1=0.6194 | val   loss=0.1818 acc=0.9444 prec=0.5344 rec=0.4046 f1=0.4605 aupr=0.4777
  -> saved best model to model.pt
Epoch 11 | lr=1.00e-04 | train loss=0.1222 acc=0.9291 prec=0.8086 rec=0.5815 f1=0.6765 | val   loss=0.1741 acc=0.9427 prec=0.5120 rec=0.4913 f1=0.5015 aupr=0.5572
  -> saved best model to model.pt
Epoch 12 | lr=1.00e-04 | train loss=0.1382 acc=0.9404 prec=0.8149 rec=0.6890 f1=0.7467 | val   loss=0.1454 acc=0.9481 prec=0.5575 rec=0.5607 f1=0.5591 aupr=0.6179
  -> saved best model to model.pt
Epoch 13 | lr=1.00e-04 | train loss=0.1142 acc=0.9513 prec=0.8328 rec=0.7731 f1=0.8018 | val   loss=0.1637 acc=0.9440 prec=0.5177 rec=0.6763 f1=0.5865 aupr=0.6472
  -> saved best model to model.pt
Epoch 14 | lr=1.00e-04 | train loss=0.0892 acc=0.9645 prec=0.8860 rec=0.8279 f1=0.8560 | val   loss=0.1437 acc=0.9481 prec=0.5500 rec=0.6358 f1=0.5898 aupr=0.6327
Epoch 15 | lr=1.00e-04 | train loss=0.0768 acc=0.9664 prec=0.8841 rec=0.8474 f1=0.8654 | val   loss=0.0985 acc=0.9688 prec=0.7914 rec=0.6358 f1=0.7051 aupr=0.7910
  -> saved best model to model.pt
Epoch 16 | lr=1.00e-04 | train loss=0.0787 acc=0.9666 prec=0.8828 rec=0.8510 f1=0.8666 | val   loss=0.1158 acc=0.9607 prec=0.6338 rec=0.7803 f1=0.6995 aupr=0.7795
Epoch 17 | lr=1.00e-04 | train loss=0.0860 acc=0.9661 prec=0.8810 rec=0.8484 f1=0.8644 | val   loss=0.1257 acc=0.9593 prec=0.6514 rec=0.6590 f1=0.6552 aupr=0.7168
Epoch 18 | lr=1.00e-04 | train loss=0.0704 acc=0.9717 prec=0.9072 rec=0.8669 f1=0.8866 | val   loss=0.0917 acc=0.9763 prec=0.8872 rec=0.6821 f1=0.7712 aupr=0.8370
  -> saved best model to model.pt
Epoch 19 | lr=1.00e-04 | train loss=0.0734 acc=0.9721 prec=0.8970 rec=0.8825 f1=0.8897 | val   loss=0.1681 acc=0.9430 prec=0.5091 rec=0.8092 f1=0.6250 aupr=0.6927
Epoch 20 | lr=1.00e-04 | train loss=0.0570 acc=0.9727 prec=0.9135 rec=0.8679 f1=0.8901 | val   loss=0.0787 acc=0.9800 prec=0.8608 rec=0.7861 f1=0.8218 aupr=0.8680
  -> saved best model to model.pt
Epoch 21 | lr=1.00e-04 | train loss=0.0552 acc=0.9757 prec=0.9176 rec=0.8893 f1=0.9032 | val   loss=0.0815 acc=0.9769 prec=0.8221 rec=0.7746 f1=0.7976 aupr=0.8353
Epoch 22 | lr=1.00e-04 | train loss=0.0485 acc=0.9785 prec=0.9313 rec=0.8977 f1=0.9142 | val   loss=0.0871 acc=0.9735 prec=0.7436 rec=0.8382 f1=0.7880 aupr=0.8651
Epoch 23 | lr=1.00e-04 | train loss=0.0571 acc=0.9768 prec=0.9169 rec=0.8990 f1=0.9079 | val   loss=0.1012 acc=0.9749 prec=0.8037 rec=0.7572 f1=0.7798 aupr=0.8104
Epoch 24 | lr=1.00e-04 | train loss=0.0607 acc=0.9759 prec=0.9125 rec=0.8971 f1=0.9047 | val   loss=0.1320 acc=0.9522 prec=0.5611 rec=0.8497 f1=0.6759 aupr=0.8123
Epoch 25 | lr=5.00e-05 | train loss=0.0441 acc=0.9812 prec=0.9336 rec=0.9175 f1=0.9255 | val   loss=0.0897 acc=0.9773 prec=0.8118 rec=0.7977 f1=0.8047 aupr=0.8487
  -> early stopping at epoch 25
Best val AUPR: 0.8680
Loading backbone: multimolecule/rinalmo-micro
Loading weights:   0%|          | 0/183 [00:00<?, ?it/s]Loading weights: 100%|██████████| 183/183 [00:00<00:00, 33204.60it/s]
[transformers] [1mRiNALMoModel LOAD REPORT[0m from: multimolecule/rinalmo-micro
Key                                 | Status     | 
------------------------------------+------------+-
lm_head.transform.layer_norm.weight | UNEXPECTED | 
lm_head.transform.dense.bias        | UNEXPECTED | 
lm_head.transform.layer_norm.bias   | UNEXPECTED | 
lm_head.transform.dense.weight      | UNEXPECTED | 
lm_head.bias                        | UNEXPECTED | 
pooler.dense.weight                 | MISSING    | 
pooler.dense.bias                   | MISSING    | 

Notes:
- UNEXPECTED:	can be ignored when loading from different task/architecture; not ok if you expect identical arch.
- MISSING:	those params were newly initialized because missing from the checkpoint. Consider training on your downstream task.
trainable params: 301,920 || all params: 33,783,372 || trainable%: 0.8937
Total params: 34,707,853  |  Trainable: 1,226,401
/nas/cluster_data/homes/bangchi/TISCalling/model/rinalmo_dora_20260521-02-halffold_on_label_weight/main.py:635: FutureWarning: You are using `torch.load` with `weights_only=False` (the current default value), which uses the default pickle module implicitly. It is possible to construct malicious pickle data which will execute arbitrary code during unpickling (See https://github.com/pytorch/pytorch/blob/main/SECURITY.md#untrusted-models for more details). In a future release, the default value for `weights_only` will be flipped to `True`. This limits the functions that could be executed during unpickling. Arbitrary objects will no longer be allowed to be loaded via this mode unless they are explicitly allowlisted by the user via `torch.serialization.add_safe_globals`. We recommend you start setting `weights_only=True` for any use case where you don't have full control of the loaded file. Please open an issue on GitHub for any issues related to this experimental feature.
  sd    = torch.load(path, map_location=device)
/homes/bangchi/miniconda3/envs/TIScalling/lib/python3.10/site-packages/sklearn/metrics/_classification.py:395: UserWarning: A single label was found in 'y_true' and 'y_pred'. For the confusion matrix to have the correct shape, use the 'labels' parameter to pass all known labels.
  warnings.warn(
/homes/bangchi/miniconda3/envs/TIScalling/lib/python3.10/site-packages/sklearn/metrics/_classification.py:395: UserWarning: A single label was found in 'y_true' and 'y_pred'. For the confusion matrix to have the correct shape, use the 'labels' parameter to pass all known labels.
  warnings.warn(
========== non-indicated sites ==========
{'accuracy': 0.9638045771790293,
 'auc': np.float64(0.9637586653817429),
 'aupr': np.float64(0.7442724263949309),
 'f1': np.float64(0.6924137931034483),
 'fn': np.int64(88),
 'fp': np.int64(135),
 'mcc': np.float64(0.6748725524710296),
 'precision': np.float64(0.6502590673575129),
 'recall': np.float64(0.7404129793510325),
 'specificity': np.float64(0.9768120920645826),
 'tn': np.int64(5687),
 'total': np.int64(6161),
 'tp': np.int64(251)}
========== all sites ==========
{'accuracy': 0.9620915032679739,
 'auc': np.float64(0.9818198487140467),
 'aupr': np.float64(0.9091246680534537),
 'f1': np.float64(0.8524590163934426),
 'fn': np.int64(125),
 'fp': np.int64(136),
 'mcc': np.float64(0.8307329379767473),
 'precision': np.float64(0.8471910112359551),
 'recall': np.float64(0.8577929465301479),
 'specificity': np.float64(0.9773559773559773),
 'tn': np.int64(5870),
 'total': np.int64(6885),
 'tp': np.int64(754)}
      section  accuracy  balanced_accuracy  precision    recall  specificity       auc      aupr        f1       mcc   tp    tn  fp  fn  total  balanced_downsample_accuracy_mean  balanced_downsample_accuracy_std  balanced_downsample_balanced_accuracy_mean  balanced_downsample_balanced_accuracy_std  balanced_downsample_precision_mean  balanced_downsample_precision_std  balanced_downsample_recall_mean  balanced_downsample_recall_std  balanced_downsample_specificity_mean  balanced_downsample_specificity_std  balanced_downsample_auc_mean  balanced_downsample_auc_std  balanced_downsample_aupr_mean  balanced_downsample_aupr_std  balanced_downsample_f1_mean  balanced_downsample_f1_std  balanced_downsample_mcc_mean  balanced_downsample_mcc_std  balanced_downsample_tp_mean  balanced_downsample_tp_std  balanced_downsample_tn_mean  balanced_downsample_tn_std  balanced_downsample_fp_mean  balanced_downsample_fp_std  balanced_downsample_fn_mean  balanced_downsample_fn_std  balanced_downsample_total_mean  balanced_downsample_total_std
5     3UTRATG  0.888889           0.470588   0.000000  0.000000     0.941176  0.882353  0.333333  0.000000 -0.058824    0    16   1   1     18                           0.450000                          0.150756                                    0.450000                                   0.150756                            0.000000                           0.000000                         0.000000                    0.000000e+00                              0.900000                         3.015113e-01                      0.830000                     0.377525                       0.915000                      0.188763                     0.000000                    0.000000                     -0.100000                     0.301511                         0.00                    0.000000                         0.90                    0.301511                         0.10                    0.301511                         1.00                    0.000000                             2.0                            0.0
6  3UTRnonATG  1.000000           1.000000   0.000000  0.000000     1.000000       NaN       NaN  0.000000  0.000000    0   164   0   0    164                                NaN                               NaN                                         NaN                                        NaN                                 NaN                                NaN                              NaN                             NaN                                   NaN                                  NaN                           NaN                          NaN                            NaN                           NaN                          NaN                         NaN                           NaN                          NaN                          NaN                         NaN                          NaN                         NaN                          NaN                         NaN                          NaN                         NaN                             NaN                            NaN
1     5UTRATG  0.855072           0.844077   0.846154  0.785714     0.902439  0.943622  0.929292  0.814815  0.697325  132   222  24  36    414                           0.845327                          0.005853                                    0.845327                                   0.005853                            0.892229                           0.011909                         0.785714                    3.347448e-16                              0.904940                         1.170635e-02                      0.944108                     0.003881                       0.948407                      0.003802                     0.835554                    0.005210                      0.695683                     0.012798                       132.00                    0.000000                       152.03                    1.966667                        15.97                    1.966667                        36.00                    0.000000                           336.0                            0.0
2  5UTRnonATG  0.976099           0.772777   0.263158  0.564516     0.981037  0.921636  0.371289  0.358974  0.375069   35  5070  98  27   5230                           0.773548                          0.008160                                    0.773548                                   0.008160                            0.970798                           0.026365                         0.564516                    1.115816e-16                              0.982581                         1.632015e-02                      0.922102                     0.012584                       0.932349                      0.015141                     0.713777                    0.007273                      0.602548                     0.022600                        35.00                    0.000000                        60.92                    1.011849                         1.08                    1.011849                        27.00                    0.000000                           124.0                            0.0
0   Annotated  0.933579           0.966605   1.000000  0.933210     1.000000  0.987013  0.999927  0.965451  0.267928  503     3   0  36    542                           0.966667                          0.071067                                    0.966667                                   0.071067                            1.000000                           0.000000                         0.933333                    1.421338e-01                              1.000000                         0.000000e+00                      0.991111                     0.040817                       0.994333                      0.025428                     0.959000                    0.090000                      0.941751                     0.123519                         2.80                    0.426401                         3.00                    0.000000                         0.00                    0.000000                         0.20                    0.426401                             6.0                            0.0
3      CDSATG  0.884298           0.911649   0.987179  0.855556     0.967742  0.973835  0.991037  0.916667  0.750892   77    30   1  13    121                           0.909194                          0.026799                                    0.909194                                   0.026799                            0.963327                           0.002276                         0.850645                    5.359799e-02                              0.967742                         3.347448e-16                      0.972747                     0.010236                       0.975727                      0.008978                     0.902659                    0.031501                      0.824943                     0.048648                        26.37                    1.661538                        30.00                    0.000000                         1.00                    0.000000                         4.63                    1.661538                            62.0                            0.0
4   CDSnonATG  0.939394           0.668295   0.368421  0.368421     0.968170  0.749546  0.319582  0.368421  0.336591    7   365  12  12    396                           0.668947                          0.021545                                    0.668947                                   0.021545                            0.932864                           0.088460                         0.368421                    5.579081e-17                              0.969474                         4.309055e-02                      0.751468                     0.043268                       0.797408                      0.039686                     0.527185                    0.015534                      0.426176                     0.066728                         7.00                    0.000000                        18.42                    0.818720                         0.58                    0.818720                        12.00                    0.000000                            38.0                            0.0
========== training set: all sites ==========
      section  accuracy  balanced_accuracy  precision    recall  specificity       auc      aupr        f1       mcc   tp     tn    fp    fn  total  balanced_downsample_accuracy_mean  balanced_downsample_accuracy_std  balanced_downsample_balanced_accuracy_mean  balanced_downsample_balanced_accuracy_std  balanced_downsample_precision_mean  balanced_downsample_precision_std  balanced_downsample_recall_mean  balanced_downsample_recall_std  balanced_downsample_specificity_mean  balanced_downsample_specificity_std  balanced_downsample_auc_mean  balanced_downsample_auc_std  balanced_downsample_aupr_mean  balanced_downsample_aupr_std  balanced_downsample_f1_mean  balanced_downsample_f1_std  balanced_downsample_mcc_mean  balanced_downsample_mcc_std  balanced_downsample_tp_mean  balanced_downsample_tp_std  balanced_downsample_tn_mean  balanced_downsample_tn_std  balanced_downsample_fp_mean  balanced_downsample_fp_std  balanced_downsample_fn_mean  balanced_downsample_fn_std  balanced_downsample_total_mean  balanced_downsample_total_std
5     3UTRATG  0.816327           0.425532   0.000000  0.000000     0.851064  0.223404  0.038676  0.000000 -0.084215    0     40     7     2     49                           0.422500                          0.131498                                    0.422500                                   0.131498                            0.000000                           0.000000                         0.000000                    0.000000e+00                              0.845000                             0.262996                      0.190000                     0.246491                       0.490000                      0.114396                     0.000000                    0.000000                     -0.174338                     0.289443                         0.00                    0.000000                         1.69                    0.525991                         0.31                    0.525991                         2.00                    0.000000                             4.0                            0.0
6  3UTRnonATG  0.885650           0.444820   0.000000  0.000000     0.889640  0.408784  0.005523  0.000000 -0.023579    0    395    49     2    446                           0.445000                          0.109982                                    0.445000                                   0.109982                            0.000000                           0.000000                         0.000000                    0.000000e+00                              0.890000                             0.219963                      0.320000                     0.282217                       0.559167                      0.157266                     0.000000                    0.000000                     -0.125470                     0.248071                         0.00                    0.000000                         1.78                    0.439927                         0.22                    0.439927                         2.00                    0.000000                             4.0                            0.0
3     5UTRATG  0.532061           0.505867   0.490323  0.124590     0.887143  0.497892  0.464228  0.198693  0.018120   76    621    79   534   1310                           0.506025                          0.002242                                    0.506025                                   0.002242                            0.525593                           0.009975                         0.124590                    1.394770e-17                              0.887459                             0.004484                      0.498235                     0.003912                       0.499122                      0.003491                     0.201420                    0.000730                      0.018695                     0.007099                        76.00                    0.000000                       541.35                    2.735384                        68.65                    2.735384                       534.00                    0.000000                          1220.0                            0.0
2  5UTRnonATG  0.866558           0.499708   0.015311  0.121212     0.878203  0.508828  0.016171  0.027188 -0.000220   32  14839  2058   232  17161                           0.500095                          0.009500                                    0.500095                                   0.009500                            0.503383                           0.038746                         0.121212                    4.184310e-17                              0.878977                             0.019000                      0.508717                     0.016777                       0.512983                      0.014016                     0.195197                    0.002967                      0.001249                     0.028886                        32.00                    0.000000                       232.05                    5.015884                        31.95                    5.015884                       232.00                    0.000000                           528.0                            0.0
0   Annotated  0.123679           0.560678   1.000000  0.121357     1.000000  0.597880  0.998327  0.216446  0.019102  229      5     0  1658   1892                           0.563000                          0.067652                                    0.563000                                   0.067652                            0.520000                           0.502117                         0.126000                    1.353036e-01                              1.000000                             0.000000                      0.580400                     0.162555                       0.665806                      0.117062                     0.199524                    0.205146                      0.191667                     0.191537                         0.63                    0.676518                         5.00                    0.000000                         0.00                    0.000000                         4.37                    0.676518                            10.0                            0.0
1      CDSATG  0.543925           0.510922   0.500000  0.135246     0.886598  0.505324  0.467556  0.212903  0.033084   33    258    33   211    535                           0.511230                          0.004610                                    0.511230                                   0.004610                            0.546029                           0.020533                         0.135246                    0.000000e+00                              0.887213                             0.009219                      0.506355                     0.007014                       0.512593                      0.007197                     0.216746                    0.001604                      0.034309                     0.014603                        33.00                    0.000000                       216.48                    2.249489                        27.52                    2.249489                       211.00                    0.000000                           488.0                            0.0
4   CDSnonATG  0.863048           0.497688   0.024540  0.112676     0.882700  0.497779  0.026737  0.040302 -0.002267    8   2393   318    63   2782                           0.496268                          0.022302                                    0.496268                                   0.022302                            0.501705                           0.096227                         0.112676                    1.394770e-17                              0.879859                             0.044605                      0.497122                     0.034168                       0.517027                      0.030146                     0.183028                    0.006535                     -0.006093                     0.068645                         8.00                    0.000000                        62.47                    3.166922                         8.53                    3.166922                        63.00                    0.000000                           142.0                            0.0
========== val set: all sites ==========
      section  accuracy  balanced_accuracy  precision    recall  specificity       auc      aupr        f1       mcc   tp    tn  fp  fn  total  balanced_downsample_accuracy_mean  balanced_downsample_accuracy_std  balanced_downsample_balanced_accuracy_mean  balanced_downsample_balanced_accuracy_std  balanced_downsample_precision_mean  balanced_downsample_precision_std  balanced_downsample_recall_mean  balanced_downsample_recall_std  balanced_downsample_specificity_mean  balanced_downsample_specificity_std  balanced_downsample_auc_mean  balanced_downsample_auc_std  balanced_downsample_aupr_mean  balanced_downsample_aupr_std  balanced_downsample_f1_mean  balanced_downsample_f1_std  balanced_downsample_mcc_mean  balanced_downsample_mcc_std  balanced_downsample_tp_mean  balanced_downsample_tp_std  balanced_downsample_tn_mean  balanced_downsample_tn_std  balanced_downsample_fp_mean  balanced_downsample_fp_std  balanced_downsample_fn_mean  balanced_downsample_fn_std  balanced_downsample_total_mean  balanced_downsample_total_std
1     5UTRATG  0.918367           0.913300   0.950000  0.863636     0.962963  0.976747  0.973581  0.904762  0.836516   76   104   4  12    196                           0.913295                          0.004167                                    0.913295                                   0.004167                            0.958951                           0.008923                         0.863636                    3.347448e-16                              0.962955                         8.333333e-03                      0.976685                     0.002585                       0.977783                      0.002692                     0.908782                    0.003995                      0.830735                     0.009092                        76.00                    0.000000                        84.74                    0.733333                         3.26                    0.733333                        12.00                    0.000000                           176.0                            0.0
2  5UTRnonATG  0.987981           0.837646   0.652174  0.681818     0.993475  0.969042  0.687401  0.666667  0.660719   30  2436  16  14   2496                           0.838068                          0.005447                                    0.838068                                   0.005447                            0.991976                           0.015317                         0.681818                    2.231632e-16                              0.994318                         1.089483e-02                      0.968993                     0.009085                       0.972573                      0.008416                     0.808114                    0.005162                      0.711886                     0.013986                        30.00                    0.000000                        43.75                    0.479372                         0.25                    0.479372                        14.00                    0.000000                            88.0                            0.0
0   Annotated  0.954373           0.977099   1.000000  0.954198     1.000000  1.000000  1.000000  0.976562  0.270924  250     1   0  12    263                           0.965000                          0.128216                                    0.965000                                   0.128216                            0.930000                           0.256432                         0.930000                    2.564324e-01                              1.000000                         0.000000e+00                      1.000000                     0.000000                       1.000000                      0.000000                     0.930000                    0.256432                      0.930000                     0.256432                         0.93                    0.256432                         1.00                    0.000000                         0.00                    0.000000                         0.07                    0.256432                             2.0                            0.0
3      CDSATG  0.909091           0.916667   0.966667  0.878788     0.954545  0.951791  0.968448  0.920635  0.819892   29    21   1   4     55                           0.911364                          0.021059                                    0.911364                                   0.021059                            0.950147                           0.002241                         0.868182                    4.211814e-02                              0.954545                         2.231632e-16                      0.948905                     0.012924                       0.952424                      0.011101                     0.906846                    0.023747                      0.826428                     0.039723                        19.10                    0.926599                        21.00                    0.000000                         1.00                    0.000000                         2.90                    0.926599                            44.0                            0.0
4   CDSnonATG  0.960199           0.559909   0.500000  0.125000     0.994819  0.615285  0.175391  0.200000  0.235997    1   192   1   7    201                           0.560000                          0.012309                                    0.560000                                   0.012309                            0.980000                           0.098473                         0.125000                    0.000000e+00                              0.995000                         2.461830e-02                      0.601875                     0.119874                       0.652202                      0.079007                     0.221333                    0.004377                      0.247871                     0.050851                         1.00                    0.000000                         7.96                    0.196946                         0.04                    0.196946                         7.00                    0.000000                            16.0                            0.0
