[transformers] The `check_model_inputs` decorator is deprecated in favor of `merge_with_config_defaults`.
DEVICE: cuda:1
Loading tokenizer: multimolecule/rinalmo-giga
pad token id = 0
device : cuda:1
captum : OK
Loading backbone: multimolecule/rinalmo-giga
  tokenizer vocab_size=28, len(tokenizer)=28
Loading weights:   0%|          | 0/498 [00:00<?, ?it/s]Loading weights: 100%|██████████| 498/498 [00:00<00:00, 33779.08it/s]
[transformers] [1mRiNALMoModel LOAD REPORT[0m from: multimolecule/rinalmo-giga
Key                                 | Status     | 
------------------------------------+------------+-
lm_head.transform.dense.weight      | UNEXPECTED | 
lm_head.transform.dense.bias        | UNEXPECTED | 
lm_head.transform.layer_norm.bias   | UNEXPECTED | 
lm_head.bias                        | UNEXPECTED | 
lm_head.decoder.weight              | UNEXPECTED | 
lm_head.transform.layer_norm.weight | UNEXPECTED | 
pooler.dense.bias                   | MISSING    | 
pooler.dense.weight                 | MISSING    | 

Notes:
- UNEXPECTED:	can be ignored when loading from different task/architecture; not ok if you expect identical arch.
- MISSING:	those params were newly initialized because missing from the checkpoint. Consider training on your downstream task.
  base_model vocab_size=28, emb.shape=torch.Size([28, 1280])
trainable params: 2,193,876 || all params: 653,072,607 || trainable%: 0.3359
Total params: 659,633,888  |  Trainable: 8,755,157
embedding_layer: Embedding(28, 1280, padding_idx=0)
[forward hook] embedding output: torch.Size([1, 204, 1280])
[backward hook] grad output norm: 0.14523164927959442
forward called: True
backward grad exists: True

By Di-nt shuffle================

logit: -4.917050
baseline_logit_mean: -10.744945
score_diff_mean: 5.827894
delta_mean: -6.183658
delta_abs_mean: 27.550748
delta_abs_min: 1.617158
delta_abs_max: 89.092087
relative_delta_mean: 81.030410
relative_delta_min: 0.247311
relative_delta_max: 781.543274
64 delta= -6.183658409118652 relative_delta= 81.03040998727083 score_diff= 5.827894163131714
logit: -4.917050
baseline_logit_mean: -10.744945
score_diff_mean: 5.827894
delta_mean: -4.995828
delta_abs_mean: 18.550464
delta_abs_min: 0.893569
delta_abs_max: 87.977707
relative_delta_mean: 13.302047
relative_delta_min: 0.131781
relative_delta_max: 101.624130
128 delta= -4.995827627182007 relative_delta= 13.30204712599516 score_diff= 5.827894163131714
logit: -4.917050
baseline_logit_mean: -10.744945
score_diff_mean: 5.827894
delta_mean: -1.815375
delta_abs_mean: 15.701081
delta_abs_min: 0.040166
delta_abs_max: 36.787159
relative_delta_mean: 34.216401
relative_delta_min: 0.006583
relative_delta_max: 322.708313
256 delta= -1.8153748989105225 relative_delta= 34.21640051673167 score_diff= 5.827894163131714
slurmstepd: error: *** JOB 532188 ON haydn CANCELLED AT 2026-06-09T15:40:02 ***
