[transformers] The `check_model_inputs` decorator is deprecated in favor of `merge_with_config_defaults`.
DEVICE: cuda:1
Loading tokenizer: multimolecule/rinalmo-giga
pad token id = 0
device : cuda:1
captum : OK
Loading backbone: multimolecule/rinalmo-giga
  tokenizer vocab_size=28, len(tokenizer)=28
Loading weights:   0%|          | 0/498 [00:00<?, ?it/s]Loading weights: 100%|██████████| 498/498 [00:00<00:00, 34107.27it/s]
[transformers] [1mRiNALMoModel LOAD REPORT[0m from: multimolecule/rinalmo-giga
Key                                 | Status     | 
------------------------------------+------------+-
lm_head.transform.dense.bias        | UNEXPECTED | 
lm_head.transform.layer_norm.weight | UNEXPECTED | 
lm_head.transform.layer_norm.bias   | UNEXPECTED | 
lm_head.bias                        | UNEXPECTED | 
lm_head.decoder.weight              | UNEXPECTED | 
lm_head.transform.dense.weight      | UNEXPECTED | 
pooler.dense.bias                   | MISSING    | 
pooler.dense.weight                 | MISSING    | 

Notes:
- UNEXPECTED:	can be ignored when loading from different task/architecture; not ok if you expect identical arch.
- MISSING:	those params were newly initialized because missing from the checkpoint. Consider training on your downstream task.
  base_model vocab_size=28, emb.shape=torch.Size([28, 1280])
trainable params: 2,193,876 || all params: 653,072,607 || trainable%: 0.3359
Total params: 659,633,888  |  Trainable: 8,755,157
embedding_layer: Embedding(28, 1280, padding_idx=0)
[forward hook] embedding output: torch.Size([1, 204, 1280])
[backward hook] grad output norm: 0.1452317237854004
forward called: True
backward grad exists: True

By Di-nt shuffle================

logit: -4.917050
baseline_logit_mean: -10.744945
score_diff_mean: 5.827894
delta_mean: -6.183663
delta_abs_mean: 27.550745
delta_abs_min: 1.617154
delta_abs_max: 89.092094
relative_delta_mean: 81.030416
relative_delta_min: 0.247310
relative_delta_max: 781.543335
64 delta= -6.1836625099182125 relative_delta= 81.03041571080685 score_diff= 5.827894163131714
logit: -4.917050
baseline_logit_mean: -10.744945
score_diff_mean: 5.827894
delta_mean: -4.995836
delta_abs_mean: 18.550461
delta_abs_min: 0.893583
delta_abs_max: 87.977707
relative_delta_mean: 13.302066
relative_delta_min: 0.131783
relative_delta_max: 101.624329
128 delta= -4.995836067199707 relative_delta= 13.302066113054753 score_diff= 5.827894163131714
logit: -4.917050
baseline_logit_mean: -10.744945
score_diff_mean: 5.827894
delta_mean: -1.815373
delta_abs_mean: 15.701084
delta_abs_min: 0.040162
delta_abs_max: 36.787167
relative_delta_mean: 34.216407
relative_delta_min: 0.006582
relative_delta_max: 322.708374
256 delta= -1.8153726577758789 relative_delta= 34.21640687962063 score_diff= 5.827894163131714
logit: -4.917050
baseline_logit_mean: -10.744945
score_diff_mean: 5.827894
delta_mean: 25.150846
delta_abs_mean: 34.215350
delta_abs_min: 1.108265
delta_abs_max: 105.236588
relative_delta_mean: 89.515538
relative_delta_min: 0.157578
relative_delta_max: 858.324402
512 delta= 25.15084581375122 relative_delta= 89.51553761065006 score_diff= 5.827894163131714
logit: -4.917050
baseline_logit_mean: -10.744945
score_diff_mean: 5.827894
delta_mean: 1.664939
delta_abs_mean: 21.579481
delta_abs_min: 2.980630
delta_abs_max: 80.734146
relative_delta_mean: 40.651058
relative_delta_min: 0.455825
relative_delta_max: 380.420319
1024 delta= 1.66493878364563 relative_delta= 40.651058346033096 score_diff= 5.827894163131714
ig run complete
