[transformers] The `check_model_inputs` decorator is deprecated in favor of `merge_with_config_defaults`.
DEVICE: cuda:0
Loading tokenizer: multimolecule/rinalmo-giga
pad token id = 0
run at: 20260514_114149
(34271, 6)
labels: {1: 4394, 0: 29877}
train labels: {np.int64(1): 3080, np.int64(0): 21095}
val labels: {np.int64(1): 435, np.int64(0): 2776}
test labels: {np.int64(1): 879, np.int64(0): 6006}
train sections: {np.int64(0): 2387, np.int64(3): 535, np.int64(1): 17161, np.int64(2): 1310, np.int64(4): 2782}
section_ratio: {np.int64(0): 10.127775450356095, np.int64(3): 45.18691588785047, np.int64(1): 1.4087174407085834, np.int64(2): 18.454198473282442, np.int64(4): 8.68979151689432}
section_neg_pos_ratio: {np.int64(0): 6.849025974025974, np.int64(3): 6.849025974025974, np.int64(1): 6.849025974025974, np.int64(2): 6.849025974025974, np.int64(4): 6.849025974025974}
hyperparameters: {'lora_r': 2, 'lora_alpha': 32, 'lora_dropout': 0.1, 'num_heads': 8, 'dropout': 0.1, 'pooling_mode': 'attention', 'batch_size': 16, 'max_epoch': 50, 'section_scaling': 0, 'section_label_scaling': 0, 'max_weight': 100, 'lr': 0.0001, 'left_window': 411, 'right_window': 101, 'ignore_sec': -1}
Loading backbone: multimolecule/rinalmo-giga
Loading weights:   0%|          | 0/498 [00:00<?, ?it/s]Loading weights: 100%|██████████| 498/498 [00:00<00:00, 27782.76it/s]
[transformers] [1mRiNALMoModel LOAD REPORT[0m from: multimolecule/rinalmo-giga
Key                                 | Status     | 
------------------------------------+------------+-
lm_head.bias                        | UNEXPECTED | 
lm_head.transform.dense.bias        | UNEXPECTED | 
lm_head.transform.layer_norm.bias   | UNEXPECTED | 
lm_head.transform.layer_norm.weight | UNEXPECTED | 
lm_head.transform.dense.weight      | UNEXPECTED | 
pooler.dense.weight                 | MISSING    | 
pooler.dense.bias                   | MISSING    | 

Notes:
- UNEXPECTED:	can be ignored when loading from different task/architecture; not ok if you expect identical arch.
- MISSING:	those params were newly initialized because missing from the checkpoint. Consider training on your downstream task.
trainable params: 1,203,178 || all params: 652,079,349 || trainable%: 0.1845
Total params: 658,640,630  |  Trainable: 7,764,459
[transformers] `use_cache=True` is incompatible with gradient checkpointing. Setting `use_cache=False`.
Epoch 01 | lr=1.00e-04 | train loss=0.1092 acc=0.9625 prec=0.9020 rec=0.7916 f1=0.8432 | val   loss=0.0573 acc=0.9782 prec=0.8959 rec=0.9494 f1=0.9219 aupr=0.9830
  -> saved best model to model/rinalmo_dora_20260514_114253.pt
Epoch 02 | lr=1.00e-04 | train loss=0.0514 acc=0.9842 prec=0.9554 rec=0.9188 f1=0.9368 | val   loss=0.0488 acc=0.9841 prec=0.9571 rec=0.9241 f1=0.9404 aupr=0.9800
Epoch 03 | lr=1.00e-04 | train loss=0.0317 acc=0.9897 prec=0.9698 rec=0.9487 f1=0.9591 | val   loss=0.0488 acc=0.9838 prec=0.9464 rec=0.9333 f1=0.9398 aupr=0.9809
Epoch 04 | lr=1.00e-04 | train loss=0.0239 acc=0.9921 prec=0.9766 rec=0.9614 f1=0.9689 | val   loss=0.0731 acc=0.9819 prec=0.9654 rec=0.8989 f1=0.9310 aupr=0.9741
Epoch 05 | lr=1.00e-04 | train loss=0.0196 acc=0.9938 prec=0.9800 rec=0.9711 f1=0.9755 | val   loss=0.0517 acc=0.9829 prec=0.9260 rec=0.9494 f1=0.9376 aupr=0.9846
  -> saved best model to model/rinalmo_dora_20260514_114253.pt
Epoch 06 | lr=1.00e-04 | train loss=0.0162 acc=0.9948 prec=0.9840 rec=0.9753 f1=0.9796 | val   loss=0.0708 acc=0.9819 prec=0.9394 rec=0.9264 f1=0.9329 aupr=0.9761
Epoch 07 | lr=1.00e-04 | train loss=0.0134 acc=0.9958 prec=0.9844 rec=0.9828 f1=0.9836 | val   loss=0.0517 acc=0.9860 prec=0.9756 rec=0.9195 f1=0.9467 aupr=0.9853
  -> saved best model to model/rinalmo_dora_20260514_114253.pt
Epoch 08 | lr=1.00e-04 | train loss=0.0134 acc=0.9952 prec=0.9818 rec=0.9808 f1=0.9813 | val   loss=0.0593 acc=0.9851 prec=0.9708 rec=0.9172 f1=0.9433 aupr=0.9836
Epoch 09 | lr=1.00e-04 | train loss=0.0103 acc=0.9962 prec=0.9860 rec=0.9841 f1=0.9851 | val   loss=0.0731 acc=0.9851 prec=0.9532 rec=0.9356 f1=0.9443 aupr=0.9798
Epoch 10 | lr=1.00e-04 | train loss=0.0126 acc=0.9955 prec=0.9831 rec=0.9815 f1=0.9823 | val   loss=0.0993 acc=0.9832 prec=0.9751 rec=0.8989 f1=0.9354 aupr=0.9724
Epoch 11 | lr=1.00e-04 | train loss=0.0092 acc=0.9973 prec=0.9918 rec=0.9870 f1=0.9894 | val   loss=0.0801 acc=0.9826 prec=0.9417 rec=0.9287 f1=0.9352 aupr=0.9789
Epoch 12 | lr=5.00e-05 | train loss=0.0040 acc=0.9989 prec=0.9967 rec=0.9945 f1=0.9956 | val   loss=0.0892 acc=0.9860 prec=0.9688 rec=0.9264 f1=0.9471 aupr=0.9816
  -> early stopping at epoch 12
Best val AUPR: 0.9853
Loading backbone: multimolecule/rinalmo-giga
Loading weights:   0%|          | 0/498 [00:00<?, ?it/s]Loading weights: 100%|██████████| 498/498 [00:00<00:00, 33418.61it/s]
[transformers] [1mRiNALMoModel LOAD REPORT[0m from: multimolecule/rinalmo-giga
Key                                 | Status     | 
------------------------------------+------------+-
lm_head.bias                        | UNEXPECTED | 
lm_head.transform.dense.bias        | UNEXPECTED | 
lm_head.transform.layer_norm.bias   | UNEXPECTED | 
lm_head.transform.layer_norm.weight | UNEXPECTED | 
lm_head.transform.dense.weight      | UNEXPECTED | 
pooler.dense.weight                 | MISSING    | 
pooler.dense.bias                   | MISSING    | 

Notes:
- UNEXPECTED:	can be ignored when loading from different task/architecture; not ok if you expect identical arch.
- MISSING:	those params were newly initialized because missing from the checkpoint. Consider training on your downstream task.
trainable params: 1,203,178 || all params: 652,079,349 || trainable%: 0.1845
Total params: 658,640,630  |  Trainable: 7,764,459
/nas/cluster_data/homes/bangchi/TISCalling/script/train_nn_model_by_site_rnafm_transformer_RiNALMo_nonannotatedtis_fixwindow.py:509: FutureWarning: You are using `torch.load` with `weights_only=False` (the current default value), which uses the default pickle module implicitly. It is possible to construct malicious pickle data which will execute arbitrary code during unpickling (See https://github.com/pytorch/pytorch/blob/main/SECURITY.md#untrusted-models for more details). In a future release, the default value for `weights_only` will be flipped to `True`. This limits the functions that could be executed during unpickling. Arbitrary objects will no longer be allowed to be loaded via this mode unless they are explicitly allowlisted by the user via `torch.serialization.add_safe_globals`. We recommend you start setting `weights_only=True` for any use case where you don't have full control of the loaded file. Please open an issue on GitHub for any issues related to this experimental feature.
  sd    = torch.load(path, map_location=device)
{'accuracy': 0.9844589687726942,
 'auc': np.float64(0.9941052500779464),
 'aupr': np.float64(0.9799790461171535),
 'f1': np.float64(0.9387521465369204),
 'fn': np.int64(59),
 'fp': np.int64(48),
 'mcc': np.float64(0.9298771205334152),
 'precision': np.float64(0.9447004608294931),
 'recall': np.float64(0.9328782707622298),
 'specificity': np.float64(0.9920079920079921),
 'tn': np.int64(5958),
 'total': np.int64(6885),
 'tp': np.int64(820)}
