[transformers] The `check_model_inputs` decorator is deprecated in favor of `merge_with_config_defaults`.
DEVICE: cuda:0
Loading tokenizer: multimolecule/rinalmo-mega
pad token id = 0
(34271, 6)
(34271, 6)
labels: {1: 4394, 0: 29877}
train labels: {np.int64(1): 3080, np.int64(0): 21095}
val labels: {np.int64(1): 435, np.int64(0): 2776}
test labels: {np.int64(1): 879, np.int64(0): 6006}
train sections: {np.int64(0): 2387, np.int64(3): 535, np.int64(1): 17161, np.int64(2): 1310, np.int64(4): 2782}
section_ratio: {np.int64(0): 10.127775450356095, np.int64(3): 45.18691588785047, np.int64(1): 1.4087174407085834, np.int64(2): 18.454198473282442, np.int64(4): 8.68979151689432}
section_neg_pos_ratio: {np.int64(0): 6.849025974025974, np.int64(3): 6.849025974025974, np.int64(1): 6.849025974025974, np.int64(2): 6.849025974025974, np.int64(4): 6.849025974025974}
(6885, 6) (3211, 6)
Loading backbone: multimolecule/rinalmo-mega
Loading weights:   0%|          | 0/453 [00:00<?, ?it/s]Loading weights: 100%|██████████| 453/453 [00:00<00:00, 30900.16it/s]
[transformers] [1mRiNALMoModel LOAD REPORT[0m from: multimolecule/rinalmo-mega
Key                                 | Status     | 
------------------------------------+------------+-
lm_head.transform.layer_norm.weight | UNEXPECTED | 
lm_head.transform.layer_norm.bias   | UNEXPECTED | 
lm_head.transform.dense.weight      | UNEXPECTED | 
lm_head.bias                        | UNEXPECTED | 
lm_head.transform.dense.bias        | UNEXPECTED | 
pooler.dense.bias                   | MISSING    | 
pooler.dense.weight                 | MISSING    | 

Notes:
- UNEXPECTED:	can be ignored when loading from different task/architecture; not ok if you expect identical arch.
- MISSING:	those params were newly initialized because missing from the checkpoint. Consider training on your downstream task.
trainable params: 997,680 || all params: 149,041,830 || trainable%: 0.6694
Total params: 150,684,071  |  Trainable: 2,639,921
/nas/cluster_data/homes/bangchi/TISCalling/model/rinalmo_dora_20260513_121752.py:508: FutureWarning: You are using `torch.load` with `weights_only=False` (the current default value), which uses the default pickle module implicitly. It is possible to construct malicious pickle data which will execute arbitrary code during unpickling (See https://github.com/pytorch/pytorch/blob/main/SECURITY.md#untrusted-models for more details). In a future release, the default value for `weights_only` will be flipped to `True`. This limits the functions that could be executed during unpickling. Arbitrary objects will no longer be allowed to be loaded via this mode unless they are explicitly allowlisted by the user via `torch.serialization.add_safe_globals`. We recommend you start setting `weights_only=True` for any use case where you don't have full control of the loaded file. Please open an issue on GitHub for any issues related to this experimental feature.
  sd    = torch.load(path, map_location=device)
/nas/cluster_data/homes/bangchi/TISCalling/script/evaluate_model.py:238: SettingWithCopyWarning: 
A value is trying to be set on a copy of a slice from a DataFrame.
Try using .loc[row_indexer,col_indexer] = value instead

See the caveats in the documentation: https://pandas.pydata.org/pandas-docs/stable/user_guide/indexing.html#returning-a-view-versus-a-copy
  df_test['yhat_prob'] = yhat_prob.numpy().tolist()
/nas/cluster_data/homes/bangchi/TISCalling/script/evaluate_model.py:239: SettingWithCopyWarning: 
A value is trying to be set on a copy of a slice from a DataFrame.
Try using .loc[row_indexer,col_indexer] = value instead

See the caveats in the documentation: https://pandas.pydata.org/pandas-docs/stable/user_guide/indexing.html#returning-a-view-versus-a-copy
  df_test['yhat'] = yhat.numpy().tolist()
/homes/bangchi/miniconda3/envs/TIScalling/lib/python3.10/site-packages/sklearn/metrics/_classification.py:395: UserWarning: A single label was found in 'y_true' and 'y_pred'. For the confusion matrix to have the correct shape, use the 'labels' parameter to pass all known labels.
  warnings.warn(
/homes/bangchi/miniconda3/envs/TIScalling/lib/python3.10/site-packages/sklearn/metrics/_classification.py:395: UserWarning: A single label was found in 'y_true' and 'y_pred'. For the confusion matrix to have the correct shape, use the 'labels' parameter to pass all known labels.
  warnings.warn(
{'accuracy': 0.9837327523602033, 'balanced_accuracy': np.float64(0.9591134121850846), 'precision': np.float64(0.9454123112659698), 'recall': np.float64(0.926052332195677), 'specificity': np.float64(0.9921744921744922), 'auc': np.float64(0.9932683925857987), 'aupr': np.float64(0.9764682163667089), 'f1': np.float64(0.9356321839080459), 'mcc': np.float64(0.926388211461072), 'tp': 814, 'tn': 5959, 'fp': 47, 'fn': 65, 'total': 6885, 'balanced_downsample_accuracy_mean': np.float64(0.9589192263936291), 'balanced_downsample_accuracy_std': np.float64(0.0014588390811737118), 'balanced_downsample_balanced_accuracy_mean': np.float64(0.9589192263936291), 'balanced_downsample_balanced_accuracy_std': np.float64(0.0014588390811736973), 'balanced_downsample_precision_mean': np.float64(0.9912177432542442), 'balanced_downsample_precision_std': np.float64(0.0030859665289818205), 'balanced_downsample_recall_mean': np.float64(0.9260523321956772), 'balanced_downsample_recall_std': np.float64(2.2316322462394835e-16), 'balanced_downsample_specificity_mean': np.float64(0.9917861205915814), 'balanced_downsample_specificity_std': np.float64(0.0029176781623474054), 'balanced_downsample_auc_mean': np.float64(0.9931922328739996), 'balanced_downsample_auc_std': np.float64(0.0005503196945155725), 'balanced_downsample_aupr_mean': np.float64(0.9942335658261807), 'balanced_downsample_aupr_std': np.float64(0.000528176429065044), 'balanced_downsample_f1_mean': np.float64(0.9575252976912649), 'balanced_downsample_f1_std': np.float64(0.0014421683902269293), 'balanced_downsample_mcc_mean': np.float64(0.9198323468331463), 'balanced_downsample_mcc_std': np.float64(0.0030966865000665055), 'balanced_downsample_tp_mean': np.float64(814.0), 'balanced_downsample_tp_std': np.float64(0.0), 'balanced_downsample_tn_mean': np.float64(871.78), 'balanced_downsample_tn_std': np.float64(2.5646391047033767), 'balanced_downsample_fp_mean': np.float64(7.22), 'balanced_downsample_fp_std': np.float64(2.5646391047033767), 'balanced_downsample_fn_mean': np.float64(65.0), 'balanced_downsample_fn_std': np.float64(0.0), 'balanced_downsample_total_mean': np.float64(1758.0), 'balanced_downsample_total_std': np.float64(0.0)}
      section  accuracy  balanced_accuracy  precision    recall  specificity       auc      aupr        f1       mcc   tp    tn  fp  fn  total  balanced_downsample_accuracy_mean  balanced_downsample_accuracy_std  balanced_downsample_balanced_accuracy_mean  balanced_downsample_balanced_accuracy_std  balanced_downsample_precision_mean  balanced_downsample_precision_std  balanced_downsample_recall_mean  balanced_downsample_recall_std  balanced_downsample_specificity_mean  balanced_downsample_specificity_std  balanced_downsample_auc_mean  balanced_downsample_auc_std  balanced_downsample_aupr_mean  balanced_downsample_aupr_std  balanced_downsample_f1_mean  balanced_downsample_f1_std  balanced_downsample_mcc_mean  balanced_downsample_mcc_std  balanced_downsample_tp_mean  balanced_downsample_tp_std  balanced_downsample_tn_mean  balanced_downsample_tn_std  balanced_downsample_fp_mean  balanced_downsample_fp_std  balanced_downsample_fn_mean  balanced_downsample_fn_std  balanced_downsample_total_mean  balanced_downsample_total_std
5     3UTRATG  1.000000           1.000000   1.000000  1.000000     1.000000  1.000000  1.000000  1.000000  1.000000    1    17   0   0     18                           1.000000                          0.000000                                    1.000000                                   0.000000                            1.000000                           0.000000                         1.000000                    0.000000e+00                              1.000000                         0.000000e+00                      1.000000                     0.000000                       1.000000                      0.000000                     1.000000                    0.000000                      1.000000                     0.000000                         1.00                    0.000000                         1.00                    0.000000                         0.00                    0.000000                         0.00                    0.000000                             2.0                            0.0
6  3UTRnonATG  1.000000           1.000000   0.000000  0.000000     1.000000       NaN       NaN  0.000000  0.000000    0   164   0   0    164                                NaN                               NaN                                         NaN                                        NaN                                 NaN                                NaN                              NaN                             NaN                                   NaN                                  NaN                           NaN                          NaN                            NaN                           NaN                          NaN                         NaN                           NaN                          NaN                          NaN                         NaN                          NaN                         NaN                          NaN                         NaN                          NaN                         NaN                             NaN                            NaN
1     5UTRATG  0.893720           0.891696   0.860465  0.880952     0.902439  0.963245  0.956346  0.870588  0.780601  148   222  24  20    414                           0.892649                          0.007194                                    0.892649                                   0.007194                            0.902250                           0.013419                         0.880952                    2.231632e-16                              0.904345                         1.438893e-02                      0.963676                     0.002855                       0.968218                      0.002586                     0.891425                    0.006518                      0.785599                     0.014714                       148.00                    0.000000                       151.93                    2.417341                        16.07                    2.417341                        20.00                    0.000000                           336.0                            0.0
2  5UTRnonATG  0.993881           0.861452   0.750000  0.725806     0.997098  0.962808  0.740862  0.737705  0.734711   45  5153  15  17   5230                           0.861774                          0.002812                                    0.861774                                   0.002812                            0.996957                           0.007581                         0.725806                    3.347448e-16                              0.997742                         5.624759e-03                      0.963736                     0.006271                       0.971729                      0.005966                     0.840031                    0.002716                      0.751908                     0.007035                        45.00                    0.000000                        61.86                    0.348735                         0.14                    0.348735                        17.00                    0.000000                           124.0                            0.0
0   Annotated  0.985240           0.661101   0.996262  0.988868     0.333333  0.921459  0.999512  0.992551  0.211718  533     1   2   6    542                           0.661667                          0.028574                                    0.661667                                   0.028574                            0.597000                           0.017145                         0.990000                    5.714887e-02                              0.333333                         1.115816e-16                      0.921111                     0.088347                       0.937167                      0.076756                     0.744643                    0.030615                      0.433797                     0.076673                         2.97                    0.171447                         1.00                    0.000000                         2.00                    0.000000                         0.03                    0.171447                             6.0                            0.0
3      CDSATG  0.884298           0.879928   0.952381  0.888889     0.870968  0.950538  0.982794  0.919540  0.719935   80    27   4  10    121                           0.879677                          0.023870                                    0.879677                                   0.023870                            0.872896                           0.006064                         0.888387                    4.774088e-02                              0.870968                         1.115816e-16                      0.950312                     0.017112                       0.956371                      0.013570                     0.880091                    0.026697                      0.760356                     0.048275                        27.54                    1.479967                        27.00                    0.000000                         4.00                    0.000000                         3.46                    1.479967                            62.0                            0.0
4   CDSnonATG  0.964646           0.681558   0.777778  0.368421     0.994695  0.754014  0.444372  0.500000  0.520734    7   375   2  12    396                           0.682895                          0.005764                                    0.682895                                   0.005764                            0.993750                           0.027380                         0.368421                    5.579081e-17                              0.997368                         1.152857e-02                      0.755346                     0.042240                       0.807733                      0.026215                     0.537464                    0.004368                      0.470796                     0.019252                         7.00                    0.000000                        18.95                    0.219043                         0.05                    0.219043                        12.00                    0.000000                            38.0                            0.0
