[transformers] The `check_model_inputs` decorator is deprecated in favor of `merge_with_config_defaults`.
DEVICE: cuda:0
Loading tokenizer: multimolecule/rinalmo-giga
pad token id = 0
device : cuda:0
captum : OK
Loading backbone: multimolecule/rinalmo-giga
Loading weights:   0%|          | 0/498 [00:00<?, ?it/s]Loading weights: 100%|██████████| 498/498 [00:00<00:00, 34045.56it/s]
[transformers] [1mRiNALMoModel LOAD REPORT[0m from: multimolecule/rinalmo-giga
Key                                 | Status     | 
------------------------------------+------------+-
lm_head.bias                        | UNEXPECTED | 
lm_head.transform.dense.weight      | UNEXPECTED | 
lm_head.decoder.weight              | UNEXPECTED | 
lm_head.transform.layer_norm.bias   | UNEXPECTED | 
lm_head.transform.dense.bias        | UNEXPECTED | 
lm_head.transform.layer_norm.weight | UNEXPECTED | 
pooler.dense.bias                   | MISSING    | 
pooler.dense.weight                 | MISSING    | 

Notes:
- UNEXPECTED:	can be ignored when loading from different task/architecture; not ok if you expect identical arch.
- MISSING:	those params were newly initialized because missing from the checkpoint. Consider training on your downstream task.
trainable params: 2,193,876 || all params: 653,072,607 || trainable%: 0.3359
Total params: 659,633,888  |  Trainable: 8,755,157
/nas/cluster_data/homes/bangchi/TISCalling/model/rinalmo_dora_20260522-05__halfposweight_giga_1k/main.py:649: FutureWarning: You are using `torch.load` with `weights_only=False` (the current default value), which uses the default pickle module implicitly. It is possible to construct malicious pickle data which will execute arbitrary code during unpickling (See https://github.com/pytorch/pytorch/blob/main/SECURITY.md#untrusted-models for more details). In a future release, the default value for `weights_only` will be flipped to `True`. This limits the functions that could be executed during unpickling. Arbitrary objects will no longer be allowed to be loaded via this mode unless they are explicitly allowlisted by the user via `torch.serialization.add_safe_globals`. We recommend you start setting `weights_only=True` for any use case where you don't have full control of the loaded file. Please open an issue on GitHub for any issues related to this experimental feature.
  sd    = torch.load(path, map_location=device)
[load_model] backbone vocab mismatch (current=28, checkpoint=26); resizing to 26
logit: 9.173386573791504
baseline_logit: -0.404838502407074
score_diff: 9.578225135803223
delta: -8.306038856506348
relative_delta: 0.8671793341636658
saved → ig_data/df_test_lig_results.jsonl
logit: 8.410919189453125
baseline_logit: -1.4026975631713867
score_diff: 9.813616752624512
delta: -26.794025421142578
relative_delta: 2.730290651321411
saved → ig_data/df_test_lig_results.jsonl
ig run complete
