[transformers] The `check_model_inputs` decorator is deprecated in favor of `merge_with_config_defaults`.
DEVICE: cuda:1
Loading tokenizer: multimolecule/rinalmo-giga
pad token id = 0
run at: 20260604_153531
(34271, 7)
labels: {1: 4394, 0: 29877}
train labels: {np.int64(1): 3080, np.int64(0): 21095}
val labels: {np.int64(1): 435, np.int64(0): 2776}
test labels: {np.int64(1): 879, np.int64(0): 6006}
pos_weight: tensor([6.8490], device='cuda:1')
Loading backbone: multimolecule/rinalmo-giga
Loading weights:   0%|          | 0/498 [00:00<?, ?it/s]Loading weights: 100%|██████████| 498/498 [00:00<00:00, 33954.80it/s]
[transformers] [1mRiNALMoModel LOAD REPORT[0m from: multimolecule/rinalmo-giga
Key                                 | Status     | 
------------------------------------+------------+-
lm_head.transform.layer_norm.bias   | UNEXPECTED | 
lm_head.transform.layer_norm.weight | UNEXPECTED | 
lm_head.bias                        | UNEXPECTED | 
lm_head.transform.dense.weight      | UNEXPECTED | 
lm_head.transform.dense.bias        | UNEXPECTED | 
lm_head.decoder.weight              | UNEXPECTED | 
pooler.dense.weight                 | MISSING    | 
pooler.dense.bias                   | MISSING    | 

Notes:
- UNEXPECTED:	can be ignored when loading from different task/architecture; not ok if you expect identical arch.
- MISSING:	those params were newly initialized because missing from the checkpoint. Consider training on your downstream task.
trainable params: 2,193,876 || all params: 653,072,607 || trainable%: 0.3359
Total params: 659,633,888  |  Trainable: 8,755,157
/nas/cluster_data/homes/bangchi/TISCalling/model/rinalmo_dora_20260522-05__halfposweight_giga_1k/inference.py:649: FutureWarning: You are using `torch.load` with `weights_only=False` (the current default value), which uses the default pickle module implicitly. It is possible to construct malicious pickle data which will execute arbitrary code during unpickling (See https://github.com/pytorch/pytorch/blob/main/SECURITY.md#untrusted-models for more details). In a future release, the default value for `weights_only` will be flipped to `True`. This limits the functions that could be executed during unpickling. Arbitrary objects will no longer be allowed to be loaded via this mode unless they are explicitly allowlisted by the user via `torch.serialization.add_safe_globals`. We recommend you start setting `weights_only=True` for any use case where you don't have full control of the loaded file. Please open an issue on GitHub for any issues related to this experimental feature.
  sd    = torch.load(path, map_location=device)
[load_model] backbone vocab mismatch (current=28, checkpoint=26); resizing to 26
========== test set: all sites ==========
{'accuracy': 0.9892519970951343,
 'auc': np.float64(0.9969456027476505),
 'aupr': np.float64(0.9877132947136624),
 'f1': np.float64(0.9576174112256587),
 'fn': np.int64(43),
 'fp': np.int64(31),
 'mcc': np.float64(0.951492858917189),
 'precision': np.float64(0.9642445213379469),
 'recall': np.float64(0.9510807736063709),
 'specificity': np.float64(0.9948384948384948),
 'tn': np.int64(5975),
 'total': np.int64(6885),
 'tp': np.int64(836)}
