[transformers] The `check_model_inputs` decorator is deprecated in favor of `merge_with_config_defaults`.
DEVICE: cuda:0
Loading tokenizer: multimolecule/rinalmo-giga
pad token id = 0
run at: 20260529_114349
mode=train | n_splits=5 | n_repeats=2
(34271, 6)
labels (full): {1: 4394, 0: 29877}

=== repeat 1/2 | fold 1/5 ===
train labels: {np.int64(1): 3515, np.int64(0): 23871}
val   labels: {np.int64(1): 879, np.int64(0): 6006}
pos_weight: tensor([6.7912], device='cuda:0')
hyperparameters: {'lora_r': 4, 'lora_alpha': 32, 'lora_dropout': 0.1, 'num_heads': 8, 'dropout': 0.1, 'pooling_mode': 'attention', 'batch_size': 16, 'max_epoch': 50, 'weight_fold': 0.5, 'max_weight': 300, 'lr': 0.0001, 'left_window': 99, 'right_window': 102, 'ignore_sec': -1}
Loading backbone: multimolecule/rinalmo-giga
  tokenizer vocab_size=28, len(tokenizer)=28
Loading weights:   0%|          | 0/498 [00:00<?, ?it/s]Loading weights: 100%|██████████| 498/498 [00:00<00:00, 31219.37it/s]
[transformers] [1mRiNALMoModel LOAD REPORT[0m from: multimolecule/rinalmo-giga
Key                                 | Status     | 
------------------------------------+------------+-
lm_head.transform.dense.bias        | UNEXPECTED | 
lm_head.decoder.weight              | UNEXPECTED | 
lm_head.transform.layer_norm.bias   | UNEXPECTED | 
lm_head.transform.dense.weight      | UNEXPECTED | 
lm_head.bias                        | UNEXPECTED | 
lm_head.transform.layer_norm.weight | UNEXPECTED | 
pooler.dense.bias                   | MISSING    | 
pooler.dense.weight                 | MISSING    | 

Notes:
- UNEXPECTED:	can be ignored when loading from different task/architecture; not ok if you expect identical arch.
- MISSING:	those params were newly initialized because missing from the checkpoint. Consider training on your downstream task.
  base_model vocab_size=28, emb.shape=torch.Size([28, 1280])
trainable params: 2,193,876 || all params: 653,072,607 || trainable%: 0.3359
Total params: 659,633,888  |  Trainable: 8,755,157
[transformers] `use_cache=True` is incompatible with gradient checkpointing. Setting `use_cache=False`.
Epoch 01 | lr=1.00e-04 | train loss=0.2536 acc=0.9437 prec=0.7438 rec=0.8563 f1=0.7961 aupr=0.9008 | val   loss=0.1145 acc=0.9720 prec=0.8410 rec=0.9625 f1=0.8976 aupr=0.9776
  -> saved best model to model_r0_f0.pt
Epoch 02 | lr=1.00e-04 | train loss=0.1017 acc=0.9790 prec=0.8906 rec=0.9539 f1=0.9212 aupr=0.9781 | val   loss=0.1201 acc=0.9651 prec=0.7983 rec=0.9727 f1=0.8769 aupr=0.9809
  -> saved best model to model_r0_f0.pt
Epoch 03 | lr=1.00e-04 | train loss=0.0638 acc=0.9855 prec=0.9193 rec=0.9724 f1=0.9451 aupr=0.9894 | val   loss=0.1165 acc=0.9820 prec=0.9218 rec=0.9386 f1=0.9301 aupr=0.9807
Epoch 04 | lr=1.00e-04 | train loss=0.0409 acc=0.9897 prec=0.9394 rec=0.9835 f1=0.9609 aupr=0.9950 | val   loss=0.1576 acc=0.9618 prec=0.7810 rec=0.9738 f1=0.8668 aupr=0.9789
Epoch 05 | lr=1.00e-04 | train loss=0.0395 acc=0.9901 prec=0.9410 rec=0.9844 f1=0.9622 aupr=0.9959 | val   loss=0.1287 acc=0.9797 prec=0.8952 rec=0.9522 f1=0.9228 aupr=0.9794
Epoch 06 | lr=5.00e-05 | train loss=0.0145 acc=0.9970 prec=0.9801 rec=0.9966 f1=0.9883 aupr=0.9993 | val   loss=0.1683 acc=0.9833 prec=0.9179 rec=0.9545 f1=0.9359 aupr=0.9826
  -> saved best model to model_r0_f0.pt
Epoch 07 | lr=5.00e-05 | train loss=0.0104 acc=0.9977 prec=0.9854 rec=0.9966 f1=0.9909 aupr=0.9997 | val   loss=0.1644 acc=0.9797 prec=0.8935 rec=0.9545 f1=0.9230 aupr=0.9772
Epoch 08 | lr=5.00e-05 | train loss=0.0122 acc=0.9975 prec=0.9840 rec=0.9966 f1=0.9902 aupr=0.9995 | val   loss=0.1665 acc=0.9842 prec=0.9425 rec=0.9329 f1=0.9377 aupr=0.9798
Epoch 09 | lr=5.00e-05 | train loss=0.0077 acc=0.9984 prec=0.9896 rec=0.9977 f1=0.9936 aupr=0.9997 | val   loss=0.1977 acc=0.9808 prec=0.9073 rec=0.9465 f1=0.9265 aupr=0.9791
Epoch 10 | lr=2.50e-05 | train loss=0.0037 acc=0.9993 prec=0.9957 rec=0.9986 f1=0.9972 aupr=1.0000 | val   loss=0.2064 acc=0.9826 prec=0.9121 rec=0.9556 f1=0.9333 aupr=0.9813
  -> early stopping at epoch 10
Best val AUPR: 0.9826
Reloading best checkpoint from model_r0_f0.pt into trained model
/homes/bangchi/miniconda3/envs/TIScalling/lib/python3.10/site-packages/sklearn/metrics/_classification.py:395: UserWarning: A single label was found in 'y_true' and 'y_pred'. For the confusion matrix to have the correct shape, use the 'labels' parameter to pass all known labels.
  warnings.warn(
/homes/bangchi/miniconda3/envs/TIScalling/lib/python3.10/site-packages/sklearn/metrics/_classification.py:395: UserWarning: A single label was found in 'y_true' and 'y_pred'. For the confusion matrix to have the correct shape, use the 'labels' parameter to pass all known labels.
  warnings.warn(
[r0 f0] val all-section: aupr=0.9826 auc=0.9964 f1=0.9359 mcc=0.9265

=== repeat 1/2 | fold 2/5 ===
train labels: {np.int64(1): 3520, np.int64(0): 24712}
val   labels: {np.int64(1): 874, np.int64(0): 5165}
pos_weight: tensor([7.0205], device='cuda:0')
hyperparameters: {'lora_r': 4, 'lora_alpha': 32, 'lora_dropout': 0.1, 'num_heads': 8, 'dropout': 0.1, 'pooling_mode': 'attention', 'batch_size': 16, 'max_epoch': 50, 'weight_fold': 0.5, 'max_weight': 300, 'lr': 0.0001, 'left_window': 99, 'right_window': 102, 'ignore_sec': -1}
Loading backbone: multimolecule/rinalmo-giga
  tokenizer vocab_size=28, len(tokenizer)=28
Loading weights:   0%|          | 0/498 [00:00<?, ?it/s]Loading weights: 100%|██████████| 498/498 [00:00<00:00, 33752.88it/s]
[transformers] [1mRiNALMoModel LOAD REPORT[0m from: multimolecule/rinalmo-giga
Key                                 | Status     | 
------------------------------------+------------+-
lm_head.transform.dense.bias        | UNEXPECTED | 
lm_head.decoder.weight              | UNEXPECTED | 
lm_head.transform.layer_norm.bias   | UNEXPECTED | 
lm_head.transform.dense.weight      | UNEXPECTED | 
lm_head.bias                        | UNEXPECTED | 
lm_head.transform.layer_norm.weight | UNEXPECTED | 
pooler.dense.bias                   | MISSING    | 
pooler.dense.weight                 | MISSING    | 

Notes:
- UNEXPECTED:	can be ignored when loading from different task/architecture; not ok if you expect identical arch.
- MISSING:	those params were newly initialized because missing from the checkpoint. Consider training on your downstream task.
  base_model vocab_size=28, emb.shape=torch.Size([28, 1280])
trainable params: 2,193,876 || all params: 653,072,607 || trainable%: 0.3359
Total params: 659,633,888  |  Trainable: 8,755,157
Epoch 01 | lr=1.00e-04 | train loss=0.2422 acc=0.9463 prec=0.7473 rec=0.8597 f1=0.7996 aupr=0.9058 | val   loss=0.1164 acc=0.9735 prec=0.8680 rec=0.9634 f1=0.9132 aupr=0.9817
  -> saved best model to model_r0_f1.pt
Epoch 02 | lr=1.00e-04 | train loss=0.1041 acc=0.9803 prec=0.8971 rec=0.9514 f1=0.9235 aupr=0.9766 | val   loss=0.1340 acc=0.9649 prec=0.8195 rec=0.9714 f1=0.8890 aupr=0.9824
  -> saved best model to model_r0_f1.pt
Epoch 03 | lr=1.00e-04 | train loss=0.0651 acc=0.9860 prec=0.9215 rec=0.9702 f1=0.9452 aupr=0.9897 | val   loss=0.1497 acc=0.9654 prec=0.8238 rec=0.9680 f1=0.8901 aupr=0.9818
Epoch 04 | lr=1.00e-04 | train loss=0.0481 acc=0.9884 prec=0.9304 rec=0.9801 f1=0.9546 aupr=0.9933 | val   loss=0.1254 acc=0.9790 prec=0.8995 rec=0.9622 f1=0.9298 aupr=0.9824
  -> saved best model to model_r0_f1.pt
Epoch 05 | lr=1.00e-04 | train loss=0.0380 acc=0.9915 prec=0.9478 rec=0.9858 f1=0.9664 aupr=0.9957 | val   loss=0.1547 acc=0.9669 prec=0.8384 rec=0.9554 f1=0.8930 aupr=0.9753
Epoch 06 | lr=5.00e-05 | train loss=0.0203 acc=0.9954 prec=0.9700 rec=0.9938 f1=0.9818 aupr=0.9985 | val   loss=0.1791 acc=0.9833 prec=0.9377 rec=0.9474 f1=0.9425 aupr=0.9823
Epoch 07 | lr=5.00e-05 | train loss=0.0082 acc=0.9981 prec=0.9871 rec=0.9980 f1=0.9925 aupr=0.9997 | val   loss=0.1881 acc=0.9828 prec=0.9365 rec=0.9451 f1=0.9408 aupr=0.9850
  -> saved best model to model_r0_f1.pt
Epoch 08 | lr=5.00e-05 | train loss=0.0111 acc=0.9974 prec=0.9832 rec=0.9963 f1=0.9897 aupr=0.9995 | val   loss=0.1710 acc=0.9770 prec=0.8922 rec=0.9565 f1=0.9232 aupr=0.9834
Epoch 09 | lr=5.00e-05 | train loss=0.0107 acc=0.9976 prec=0.9843 rec=0.9966 f1=0.9904 aupr=0.9995 | val   loss=0.2397 acc=0.9806 prec=0.9326 rec=0.9336 f1=0.9331 aupr=0.9797
Epoch 10 | lr=5.00e-05 | train loss=0.0052 acc=0.9988 prec=0.9918 rec=0.9983 f1=0.9950 aupr=0.9999 | val   loss=0.2538 acc=0.9722 prec=0.8558 rec=0.9714 f1=0.9100 aupr=0.9797
Epoch 11 | lr=2.50e-05 | train loss=0.0045 acc=0.9989 prec=0.9927 rec=0.9989 f1=0.9958 aupr=0.9999 | val   loss=0.2786 acc=0.9816 prec=0.9350 rec=0.9382 f1=0.9366 aupr=0.9798
  -> early stopping at epoch 11
Best val AUPR: 0.9850
Reloading best checkpoint from model_r0_f1.pt into trained model
[r0 f1] val all-section: aupr=0.9850 auc=0.9958 f1=0.9408 mcc=0.9307

=== repeat 1/2 | fold 3/5 ===
train labels: {np.int64(1): 3524, np.int64(0): 23682}
val   labels: {np.int64(1): 870, np.int64(0): 6195}
pos_weight: tensor([6.7202], device='cuda:0')
hyperparameters: {'lora_r': 4, 'lora_alpha': 32, 'lora_dropout': 0.1, 'num_heads': 8, 'dropout': 0.1, 'pooling_mode': 'attention', 'batch_size': 16, 'max_epoch': 50, 'weight_fold': 0.5, 'max_weight': 300, 'lr': 0.0001, 'left_window': 99, 'right_window': 102, 'ignore_sec': -1}
Loading backbone: multimolecule/rinalmo-giga
  tokenizer vocab_size=28, len(tokenizer)=28
Loading weights:   0%|          | 0/498 [00:00<?, ?it/s]Loading weights: 100%|██████████| 498/498 [00:00<00:00, 34820.85it/s]
[transformers] [1mRiNALMoModel LOAD REPORT[0m from: multimolecule/rinalmo-giga
Key                                 | Status     | 
------------------------------------+------------+-
lm_head.transform.dense.bias        | UNEXPECTED | 
lm_head.decoder.weight              | UNEXPECTED | 
lm_head.transform.layer_norm.bias   | UNEXPECTED | 
lm_head.transform.dense.weight      | UNEXPECTED | 
lm_head.bias                        | UNEXPECTED | 
lm_head.transform.layer_norm.weight | UNEXPECTED | 
pooler.dense.bias                   | MISSING    | 
pooler.dense.weight                 | MISSING    | 

Notes:
- UNEXPECTED:	can be ignored when loading from different task/architecture; not ok if you expect identical arch.
- MISSING:	those params were newly initialized because missing from the checkpoint. Consider training on your downstream task.
  base_model vocab_size=28, emb.shape=torch.Size([28, 1280])
trainable params: 2,193,876 || all params: 653,072,607 || trainable%: 0.3359
Total params: 659,633,888  |  Trainable: 8,755,157
Epoch 01 | lr=1.00e-04 | train loss=0.2537 acc=0.9444 prec=0.7510 rec=0.8533 f1=0.7989 aupr=0.9028 | val   loss=0.1186 acc=0.9761 prec=0.8662 rec=0.9529 f1=0.9075 aupr=0.9733
  -> saved best model to model_r0_f2.pt
Epoch 02 | lr=1.00e-04 | train loss=0.1057 acc=0.9779 prec=0.8896 rec=0.9469 f1=0.9174 aupr=0.9774 | val   loss=0.1031 acc=0.9820 prec=0.9087 rec=0.9494 f1=0.9286 aupr=0.9778
  -> saved best model to model_r0_f2.pt
Epoch 03 | lr=1.00e-04 | train loss=0.0645 acc=0.9868 prec=0.9285 rec=0.9728 f1=0.9501 aupr=0.9893 | val   loss=0.1269 acc=0.9741 prec=0.8516 rec=0.9563 f1=0.9009 aupr=0.9757
Epoch 04 | lr=1.00e-04 | train loss=0.0482 acc=0.9892 prec=0.9389 rec=0.9807 f1=0.9593 aupr=0.9936 | val   loss=0.1197 acc=0.9792 prec=0.8951 rec=0.9414 f1=0.9176 aupr=0.9800
  -> saved best model to model_r0_f2.pt
Epoch 05 | lr=1.00e-04 | train loss=0.0351 acc=0.9918 prec=0.9521 rec=0.9861 f1=0.9688 aupr=0.9963 | val   loss=0.1811 acc=0.9761 prec=0.8969 rec=0.9103 f1=0.9036 aupr=0.9643
Epoch 06 | lr=1.00e-04 | train loss=0.0341 acc=0.9921 prec=0.9549 rec=0.9858 f1=0.9701 aupr=0.9966 | val   loss=0.1683 acc=0.9850 prec=0.9505 rec=0.9264 f1=0.9383 aupr=0.9780
Epoch 07 | lr=1.00e-04 | train loss=0.0261 acc=0.9944 prec=0.9665 rec=0.9909 f1=0.9786 aupr=0.9980 | val   loss=0.1667 acc=0.9782 prec=0.8960 rec=0.9310 f1=0.9132 aupr=0.9746
Epoch 08 | lr=5.00e-05 | train loss=0.0118 acc=0.9974 prec=0.9837 rec=0.9960 f1=0.9898 aupr=0.9996 | val   loss=0.1525 acc=0.9840 prec=0.9356 rec=0.9345 f1=0.9350 aupr=0.9817
  -> saved best model to model_r0_f2.pt
Epoch 09 | lr=5.00e-05 | train loss=0.0060 acc=0.9986 prec=0.9915 rec=0.9977 f1=0.9946 aupr=0.9999 | val   loss=0.1739 acc=0.9827 prec=0.9119 rec=0.9517 f1=0.9314 aupr=0.9819
  -> saved best model to model_r0_f2.pt
Epoch 10 | lr=5.00e-05 | train loss=0.0084 acc=0.9982 prec=0.9890 rec=0.9972 f1=0.9931 aupr=0.9998 | val   loss=0.1687 acc=0.9827 prec=0.9231 rec=0.9379 f1=0.9304 aupr=0.9789
Epoch 11 | lr=5.00e-05 | train loss=0.0067 acc=0.9987 prec=0.9924 rec=0.9977 f1=0.9950 aupr=0.9997 | val   loss=0.2089 acc=0.9832 prec=0.9301 rec=0.9333 f1=0.9317 aupr=0.9791
Epoch 12 | lr=5.00e-05 | train loss=0.0074 acc=0.9986 prec=0.9913 rec=0.9977 f1=0.9945 aupr=0.9998 | val   loss=0.1796 acc=0.9839 prec=0.9345 rec=0.9345 f1=0.9345 aupr=0.9794
Epoch 13 | lr=2.50e-05 | train loss=0.0028 acc=0.9994 prec=0.9966 rec=0.9989 f1=0.9977 aupr=1.0000 | val   loss=0.1753 acc=0.9809 prec=0.8947 rec=0.9575 f1=0.9250 aupr=0.9802
  -> early stopping at epoch 13
Best val AUPR: 0.9819
Reloading best checkpoint from model_r0_f2.pt into trained model
/homes/bangchi/miniconda3/envs/TIScalling/lib/python3.10/site-packages/sklearn/metrics/_classification.py:2466: UserWarning: y_pred contains classes not in y_true
  warnings.warn("y_pred contains classes not in y_true")
[r0 f2] val all-section: aupr=0.9819 auc=0.9958 f1=0.9314 mcc=0.9218

=== repeat 1/2 | fold 4/5 ===
train labels: {np.int64(1): 3502, np.int64(0): 24054}
val   labels: {np.int64(1): 892, np.int64(0): 5823}
pos_weight: tensor([6.8686], device='cuda:0')
hyperparameters: {'lora_r': 4, 'lora_alpha': 32, 'lora_dropout': 0.1, 'num_heads': 8, 'dropout': 0.1, 'pooling_mode': 'attention', 'batch_size': 16, 'max_epoch': 50, 'weight_fold': 0.5, 'max_weight': 300, 'lr': 0.0001, 'left_window': 99, 'right_window': 102, 'ignore_sec': -1}
Loading backbone: multimolecule/rinalmo-giga
  tokenizer vocab_size=28, len(tokenizer)=28
Loading weights:   0%|          | 0/498 [00:00<?, ?it/s]Loading weights: 100%|██████████| 498/498 [00:00<00:00, 34650.44it/s]
[transformers] [1mRiNALMoModel LOAD REPORT[0m from: multimolecule/rinalmo-giga
Key                                 | Status     | 
------------------------------------+------------+-
lm_head.transform.dense.bias        | UNEXPECTED | 
lm_head.decoder.weight              | UNEXPECTED | 
lm_head.transform.layer_norm.bias   | UNEXPECTED | 
lm_head.transform.dense.weight      | UNEXPECTED | 
lm_head.bias                        | UNEXPECTED | 
lm_head.transform.layer_norm.weight | UNEXPECTED | 
pooler.dense.bias                   | MISSING    | 
pooler.dense.weight                 | MISSING    | 

Notes:
- UNEXPECTED:	can be ignored when loading from different task/architecture; not ok if you expect identical arch.
- MISSING:	those params were newly initialized because missing from the checkpoint. Consider training on your downstream task.
  base_model vocab_size=28, emb.shape=torch.Size([28, 1280])
trainable params: 2,193,876 || all params: 653,072,607 || trainable%: 0.3359
Total params: 659,633,888  |  Trainable: 8,755,157
Epoch 01 | lr=1.00e-04 | train loss=0.2627 acc=0.9400 prec=0.7253 rec=0.8504 f1=0.7829 aupr=0.8926 | val   loss=0.1507 acc=0.9640 prec=0.8089 rec=0.9540 f1=0.8755 aupr=0.9686
  -> saved best model to model_r0_f3.pt
Epoch 02 | lr=1.00e-04 | train loss=0.0986 acc=0.9806 prec=0.9004 rec=0.9529 f1=0.9259 aupr=0.9798 | val   loss=0.1543 acc=0.9576 prec=0.7717 rec=0.9664 f1=0.8581 aupr=0.9727
  -> saved best model to model_r0_f3.pt
Epoch 03 | lr=1.00e-04 | train loss=0.0686 acc=0.9850 prec=0.9157 rec=0.9712 f1=0.9426 aupr=0.9887 | val   loss=0.1521 acc=0.9754 prec=0.8863 rec=0.9350 f1=0.9100 aupr=0.9721
Epoch 04 | lr=1.00e-04 | train loss=0.0469 acc=0.9887 prec=0.9320 rec=0.9826 f1=0.9566 aupr=0.9938 | val   loss=0.1537 acc=0.9753 prec=0.8797 rec=0.9428 f1=0.9102 aupr=0.9742
  -> saved best model to model_r0_f3.pt
Epoch 05 | lr=1.00e-04 | train loss=0.0334 acc=0.9921 prec=0.9516 rec=0.9880 f1=0.9695 aupr=0.9966 | val   loss=0.1598 acc=0.9759 prec=0.8842 rec=0.9417 f1=0.9121 aupr=0.9705
Epoch 06 | lr=1.00e-04 | train loss=0.0305 acc=0.9924 prec=0.9544 rec=0.9872 f1=0.9705 aupr=0.9974 | val   loss=0.2045 acc=0.9786 prec=0.9119 rec=0.9283 f1=0.9200 aupr=0.9710
Epoch 07 | lr=1.00e-04 | train loss=0.0234 acc=0.9949 prec=0.9695 rec=0.9909 f1=0.9801 aupr=0.9984 | val   loss=0.1917 acc=0.9701 prec=0.8458 rec=0.9473 f1=0.8937 aupr=0.9706
Epoch 08 | lr=5.00e-05 | train loss=0.0115 acc=0.9974 prec=0.9834 rec=0.9963 f1=0.9898 aupr=0.9995 | val   loss=0.2350 acc=0.9797 prec=0.9127 rec=0.9372 f1=0.9248 aupr=0.9753
  -> saved best model to model_r0_f3.pt
Epoch 09 | lr=5.00e-05 | train loss=0.0088 acc=0.9983 prec=0.9892 rec=0.9974 f1=0.9933 aupr=0.9997 | val   loss=0.2631 acc=0.9793 prec=0.9226 rec=0.9215 f1=0.9220 aupr=0.9695
Epoch 10 | lr=5.00e-05 | train loss=0.0089 acc=0.9980 prec=0.9887 rec=0.9960 f1=0.9923 aupr=0.9998 | val   loss=0.2767 acc=0.9808 prec=0.9291 rec=0.9260 f1=0.9276 aupr=0.9708
Epoch 11 | lr=5.00e-05 | train loss=0.0042 acc=0.9991 prec=0.9949 rec=0.9983 f1=0.9966 aupr=0.9999 | val   loss=0.3151 acc=0.9814 prec=0.9383 rec=0.9204 f1=0.9293 aupr=0.9708
Epoch 12 | lr=2.50e-05 | train loss=0.0030 acc=0.9993 prec=0.9957 rec=0.9986 f1=0.9971 aupr=1.0000 | val   loss=0.3237 acc=0.9827 prec=0.9480 rec=0.9204 f1=0.9340 aupr=0.9743
  -> early stopping at epoch 12
Best val AUPR: 0.9753
Reloading best checkpoint from model_r0_f3.pt into trained model
[r0 f3] val all-section: aupr=0.9753 auc=0.9934 f1=0.9248 mcc=0.9132

=== repeat 1/2 | fold 5/5 ===
train labels: {np.int64(1): 3515, np.int64(0): 23189}
val   labels: {np.int64(1): 879, np.int64(0): 6688}
pos_weight: tensor([6.5972], device='cuda:0')
hyperparameters: {'lora_r': 4, 'lora_alpha': 32, 'lora_dropout': 0.1, 'num_heads': 8, 'dropout': 0.1, 'pooling_mode': 'attention', 'batch_size': 16, 'max_epoch': 50, 'weight_fold': 0.5, 'max_weight': 300, 'lr': 0.0001, 'left_window': 99, 'right_window': 102, 'ignore_sec': -1}
Loading backbone: multimolecule/rinalmo-giga
  tokenizer vocab_size=28, len(tokenizer)=28
Loading weights:   0%|          | 0/498 [00:00<?, ?it/s]Loading weights: 100%|██████████| 498/498 [00:00<00:00, 34299.38it/s]
[transformers] [1mRiNALMoModel LOAD REPORT[0m from: multimolecule/rinalmo-giga
Key                                 | Status     | 
------------------------------------+------------+-
lm_head.transform.dense.bias        | UNEXPECTED | 
lm_head.decoder.weight              | UNEXPECTED | 
lm_head.transform.layer_norm.bias   | UNEXPECTED | 
lm_head.transform.dense.weight      | UNEXPECTED | 
lm_head.bias                        | UNEXPECTED | 
lm_head.transform.layer_norm.weight | UNEXPECTED | 
pooler.dense.bias                   | MISSING    | 
pooler.dense.weight                 | MISSING    | 

Notes:
- UNEXPECTED:	can be ignored when loading from different task/architecture; not ok if you expect identical arch.
- MISSING:	those params were newly initialized because missing from the checkpoint. Consider training on your downstream task.
  base_model vocab_size=28, emb.shape=torch.Size([28, 1280])
trainable params: 2,193,876 || all params: 653,072,607 || trainable%: 0.3359
Total params: 659,633,888  |  Trainable: 8,755,157
Epoch 01 | lr=1.00e-04 | train loss=0.2753 acc=0.9351 prec=0.7154 rec=0.8418 f1=0.7735 aupr=0.8857 | val   loss=0.1870 acc=0.9438 prec=0.6819 rec=0.9681 f1=0.8002 aupr=0.9670
  -> saved best model to model_r0_f4.pt
Epoch 02 | lr=1.00e-04 | train loss=0.0964 acc=0.9793 prec=0.8962 rec=0.9533 f1=0.9239 aupr=0.9812 | val   loss=0.1476 acc=0.9593 prec=0.7584 rec=0.9534 f1=0.8448 aupr=0.9651
Epoch 03 | lr=1.00e-04 | train loss=0.0579 acc=0.9874 prec=0.9318 rec=0.9755 f1=0.9532 aupr=0.9921 | val   loss=0.1392 acc=0.9650 prec=0.7935 rec=0.9443 f1=0.8623 aupr=0.9672
  -> saved best model to model_r0_f4.pt
Epoch 04 | lr=1.00e-04 | train loss=0.0392 acc=0.9910 prec=0.9495 rec=0.9841 f1=0.9665 aupr=0.9960 | val   loss=0.1772 acc=0.9582 prec=0.7619 rec=0.9317 f1=0.8383 aupr=0.9565
Epoch 05 | lr=1.00e-04 | train loss=0.0305 acc=0.9924 prec=0.9557 rec=0.9883 f1=0.9717 aupr=0.9971 | val   loss=0.1760 acc=0.9724 prec=0.8497 rec=0.9261 f1=0.8862 aupr=0.9640
Epoch 06 | lr=1.00e-04 | train loss=0.0335 acc=0.9926 prec=0.9575 rec=0.9875 f1=0.9723 aupr=0.9967 | val   loss=0.1684 acc=0.9787 prec=0.8885 rec=0.9340 f1=0.9107 aupr=0.9725
  -> saved best model to model_r0_f4.pt
Epoch 07 | lr=1.00e-04 | train loss=0.0241 acc=0.9946 prec=0.9691 rec=0.9906 f1=0.9797 aupr=0.9980 | val   loss=0.1863 acc=0.9749 prec=0.8653 rec=0.9283 f1=0.8957 aupr=0.9655
Epoch 08 | lr=1.00e-04 | train loss=0.0206 acc=0.9951 prec=0.9711 rec=0.9926 f1=0.9817 aupr=0.9986 | val   loss=0.1593 acc=0.9683 prec=0.8117 rec=0.9465 f1=0.8739 aupr=0.9675
Epoch 09 | lr=1.00e-04 | train loss=0.0270 acc=0.9945 prec=0.9696 rec=0.9889 f1=0.9792 aupr=0.9964 | val   loss=0.1849 acc=0.9709 prec=0.8318 rec=0.9397 f1=0.8825 aupr=0.9674
Epoch 10 | lr=5.00e-05 | train loss=0.0097 acc=0.9980 prec=0.9887 rec=0.9963 f1=0.9925 aupr=0.9997 | val   loss=0.2157 acc=0.9685 prec=0.8097 rec=0.9534 f1=0.8757 aupr=0.9691
  -> early stopping at epoch 10
Best val AUPR: 0.9725
Reloading best checkpoint from model_r0_f4.pt into trained model
/homes/bangchi/miniconda3/envs/TIScalling/lib/python3.10/site-packages/sklearn/metrics/_classification.py:2466: UserWarning: y_pred contains classes not in y_true
  warnings.warn("y_pred contains classes not in y_true")
[r0 f4] val all-section: aupr=0.9725 auc=0.9933 f1=0.9107 mcc=0.8990

=== repeat 2/2 | fold 1/5 ===
train labels: {np.int64(1): 3496, np.int64(0): 23494}
val   labels: {np.int64(1): 898, np.int64(0): 6383}
pos_weight: tensor([6.7203], device='cuda:0')
hyperparameters: {'lora_r': 4, 'lora_alpha': 32, 'lora_dropout': 0.1, 'num_heads': 8, 'dropout': 0.1, 'pooling_mode': 'attention', 'batch_size': 16, 'max_epoch': 50, 'weight_fold': 0.5, 'max_weight': 300, 'lr': 0.0001, 'left_window': 99, 'right_window': 102, 'ignore_sec': -1}
Loading backbone: multimolecule/rinalmo-giga
  tokenizer vocab_size=28, len(tokenizer)=28
Loading weights:   0%|          | 0/498 [00:00<?, ?it/s]Loading weights: 100%|██████████| 498/498 [00:00<00:00, 34680.94it/s]
[transformers] [1mRiNALMoModel LOAD REPORT[0m from: multimolecule/rinalmo-giga
Key                                 | Status     | 
------------------------------------+------------+-
lm_head.transform.dense.bias        | UNEXPECTED | 
lm_head.decoder.weight              | UNEXPECTED | 
lm_head.transform.layer_norm.bias   | UNEXPECTED | 
lm_head.transform.dense.weight      | UNEXPECTED | 
lm_head.bias                        | UNEXPECTED | 
lm_head.transform.layer_norm.weight | UNEXPECTED | 
pooler.dense.bias                   | MISSING    | 
pooler.dense.weight                 | MISSING    | 

Notes:
- UNEXPECTED:	can be ignored when loading from different task/architecture; not ok if you expect identical arch.
- MISSING:	those params were newly initialized because missing from the checkpoint. Consider training on your downstream task.
  base_model vocab_size=28, emb.shape=torch.Size([28, 1280])
trainable params: 2,193,876 || all params: 653,072,607 || trainable%: 0.3359
Total params: 659,633,888  |  Trainable: 8,755,157
Epoch 01 | lr=1.00e-04 | train loss=0.2280 acc=0.9484 prec=0.7627 rec=0.8736 f1=0.8144 aupr=0.9170 | val   loss=0.1269 acc=0.9769 prec=0.8933 rec=0.9232 f1=0.9080 aupr=0.9678
  -> saved best model to model_r1_f0.pt
Epoch 02 | lr=1.00e-04 | train loss=0.0923 acc=0.9808 prec=0.9005 rec=0.9574 f1=0.9280 aupr=0.9806 | val   loss=0.1654 acc=0.9501 prec=0.7202 rec=0.9744 f1=0.8282 aupr=0.9701
  -> saved best model to model_r1_f0.pt
Epoch 03 | lr=1.00e-04 | train loss=0.0642 acc=0.9850 prec=0.9185 rec=0.9700 f1=0.9435 aupr=0.9896 | val   loss=0.1248 acc=0.9760 prec=0.8754 rec=0.9388 f1=0.9060 aupr=0.9719
  -> saved best model to model_r1_f0.pt
Epoch 04 | lr=1.00e-04 | train loss=0.0511 acc=0.9884 prec=0.9352 rec=0.9780 f1=0.9561 aupr=0.9930 | val   loss=0.1390 acc=0.9688 prec=0.8217 rec=0.9543 f1=0.8830 aupr=0.9704
Epoch 05 | lr=1.00e-04 | train loss=0.0382 acc=0.9914 prec=0.9503 rec=0.9851 f1=0.9674 aupr=0.9957 | val   loss=0.1580 acc=0.9677 prec=0.8130 rec=0.9588 f1=0.8799 aupr=0.9720
  -> saved best model to model_r1_f0.pt
Epoch 06 | lr=1.00e-04 | train loss=0.0284 acc=0.9938 prec=0.9635 rec=0.9897 f1=0.9764 aupr=0.9971 | val   loss=0.1851 acc=0.9626 prec=0.7830 rec=0.9644 f1=0.8643 aupr=0.9723
  -> saved best model to model_r1_f0.pt
slurmstepd: error: *** JOB 485734 ON haydn CANCELLED AT 2026-06-01T14:06:14 ***
