[transformers] The `check_model_inputs` decorator is deprecated in favor of `merge_with_config_defaults`.
DEVICE: cuda:1
Loading tokenizer: multimolecule/rinalmo-micro
pad token id = 0
run at: 20260515_090049
(34271, 6)
labels: {1: 4394, 0: 29877}
train labels: {np.int64(1): 3080, np.int64(0): 21095}
val labels: {np.int64(1): 435, np.int64(0): 2776}
test labels: {np.int64(1): 879, np.int64(0): 6006}
train sections: {np.int64(0): 2387, np.int64(3): 535, np.int64(1): 17161, np.int64(2): 1310, np.int64(4): 2782}
section_ratio: {np.int64(0): 10.127775450356095, np.int64(3): 45.18691588785047, np.int64(1): 1.4087174407085834, np.int64(2): 18.454198473282442, np.int64(4): 8.68979151689432}
section_neg_pos_ratio: {np.int64(0): 0.26229508196721313, np.int64(3): 1.1926229508196722, np.int64(1): 64.00378787878788, np.int64(2): 1.1475409836065573, np.int64(4): 38.183098591549296}
hyperparameters: {'lora_r': 2, 'lora_alpha': 32, 'lora_dropout': 0.1, 'num_heads': 8, 'dropout': 0.1, 'pooling_mode': 'attention', 'batch_size': 16, 'max_epoch': 50, 'section_scaling': 1, 'section_label_scaling': 1, 'max_weight': 100, 'lr': 0.0001, 'left_window': 411, 'right_window': 101, 'ignore_sec': 0}
Loading backbone: multimolecule/rinalmo-micro
Loading weights:   0%|          | 0/183 [00:00<?, ?it/s]Loading weights: 100%|██████████| 183/183 [00:00<00:00, 32364.55it/s]
[transformers] [1mRiNALMoModel LOAD REPORT[0m from: multimolecule/rinalmo-micro
Key                                 | Status     | 
------------------------------------+------------+-
lm_head.transform.layer_norm.bias   | UNEXPECTED | 
lm_head.transform.dense.bias        | UNEXPECTED | 
lm_head.transform.layer_norm.weight | UNEXPECTED | 
lm_head.transform.dense.weight      | UNEXPECTED | 
lm_head.bias                        | UNEXPECTED | 
pooler.dense.bias                   | MISSING    | 
pooler.dense.weight                 | MISSING    | 

Notes:
- UNEXPECTED:	can be ignored when loading from different task/architecture; not ok if you expect identical arch.
- MISSING:	those params were newly initialized because missing from the checkpoint. Consider training on your downstream task.
trainable params: 165,600 || all params: 33,647,052 || trainable%: 0.4922
Total params: 34,571,533  |  Trainable: 1,090,081
[transformers] `use_cache=True` is incompatible with gradient checkpointing. Setting `use_cache=False`.
Epoch 01 | lr=1.00e-04 | train loss=7.4826 acc=0.7999 prec=0.3226 rec=0.5185 f1=0.3977 | val   loss=0.3837 acc=0.8022 prec=0.1787 rec=0.6590 f1=0.2811 aupr=0.2772
  -> saved best model to model/rinalmo_dora_20260515_090055.pt
Epoch 02 | lr=1.00e-04 | train loss=6.4510 acc=0.8225 prec=0.3800 rec=0.6218 f1=0.4717 | val   loss=0.2384 acc=0.9135 prec=0.3794 rec=0.7457 f1=0.5029 aupr=0.6077
  -> saved best model to model/rinalmo_dora_20260515_090055.pt
Epoch 03 | lr=1.00e-04 | train loss=3.7032 acc=0.9238 prec=0.6485 rec=0.8776 f1=0.7459 | val   loss=0.1126 acc=0.9657 prec=0.6622 rec=0.8497 f1=0.7443 aupr=0.8418
  -> saved best model to model/rinalmo_dora_20260515_090055.pt
Epoch 04 | lr=1.00e-04 | train loss=2.5524 acc=0.9530 prec=0.7565 rec=0.9302 f1=0.8344 | val   loss=0.2203 acc=0.9223 prec=0.4251 rec=0.9191 f1=0.5814 aupr=0.8634
  -> saved best model to model/rinalmo_dora_20260515_090055.pt
Epoch 05 | lr=1.00e-04 | train loss=1.9683 acc=0.9608 prec=0.7883 rec=0.9464 f1=0.8601 | val   loss=0.1082 acc=0.9664 prec=0.6568 rec=0.8960 f1=0.7579 aupr=0.8975
  -> saved best model to model/rinalmo_dora_20260515_090055.pt
Epoch 06 | lr=1.00e-04 | train loss=1.4812 acc=0.9705 prec=0.8335 rec=0.9604 f1=0.8924 | val   loss=0.1021 acc=0.9688 prec=0.6800 rec=0.8844 f1=0.7688 aupr=0.8853
Epoch 07 | lr=1.00e-04 | train loss=1.3562 acc=0.9718 prec=0.8367 rec=0.9679 f1=0.8975 | val   loss=0.0959 acc=0.9661 prec=0.6502 rec=0.9133 f1=0.7596 aupr=0.9029
  -> saved best model to model/rinalmo_dora_20260515_090055.pt
Epoch 08 | lr=1.00e-04 | train loss=1.0548 acc=0.9763 prec=0.8607 rec=0.9708 f1=0.9124 | val   loss=0.1139 acc=0.9607 prec=0.6118 rec=0.9017 f1=0.7290 aupr=0.8978
Epoch 09 | lr=1.00e-04 | train loss=0.9511 acc=0.9781 prec=0.8722 rec=0.9701 f1=0.9185 | val   loss=0.1382 acc=0.9620 prec=0.6206 rec=0.9075 f1=0.7371 aupr=0.9026
Epoch 10 | lr=1.00e-04 | train loss=0.8849 acc=0.9810 prec=0.8858 rec=0.9769 f1=0.9291 | val   loss=0.1178 acc=0.9640 prec=0.6314 rec=0.9306 f1=0.7523 aupr=0.8903
Epoch 11 | lr=1.00e-04 | train loss=0.7737 acc=0.9814 prec=0.8909 rec=0.9731 f1=0.9302 | val   loss=0.0776 acc=0.9766 prec=0.7549 rec=0.8902 f1=0.8170 aupr=0.9061
  -> saved best model to model/rinalmo_dora_20260515_090055.pt
Epoch 12 | lr=1.00e-04 | train loss=0.5889 acc=0.9862 prec=0.9148 rec=0.9831 f1=0.9477 | val   loss=0.0800 acc=0.9834 prec=0.8605 rec=0.8555 f1=0.8580 aupr=0.9060
Epoch 13 | lr=1.00e-04 | train loss=0.6979 acc=0.9832 prec=0.8984 rec=0.9792 f1=0.9371 | val   loss=0.1219 acc=0.9610 prec=0.6098 rec=0.9306 f1=0.7368 aupr=0.8961
Epoch 14 | lr=1.00e-04 | train loss=0.6245 acc=0.9857 prec=0.9137 rec=0.9802 f1=0.9458 | val   loss=0.0802 acc=0.9786 prec=0.7644 rec=0.9191 f1=0.8346 aupr=0.9234
  -> saved best model to model/rinalmo_dora_20260515_090055.pt
Epoch 15 | lr=1.00e-04 | train loss=0.5604 acc=0.9865 prec=0.9191 rec=0.9805 f1=0.9488 | val   loss=0.0709 acc=0.9813 prec=0.8278 rec=0.8613 f1=0.8442 aupr=0.9082
Epoch 16 | lr=1.00e-04 | train loss=0.5077 acc=0.9879 prec=0.9286 rec=0.9802 f1=0.9537 | val   loss=0.0707 acc=0.9803 prec=0.8142 rec=0.8613 f1=0.8371 aupr=0.9127
Epoch 17 | lr=1.00e-04 | train loss=0.5710 acc=0.9867 prec=0.9212 rec=0.9792 f1=0.9493 | val   loss=0.1107 acc=0.9732 prec=0.7136 rec=0.9075 f1=0.7990 aupr=0.9093
Epoch 18 | lr=1.00e-04 | train loss=0.6192 acc=0.9851 prec=0.9081 rec=0.9821 f1=0.9437 | val   loss=0.1015 acc=0.9671 prec=0.6638 rec=0.8902 f1=0.7605 aupr=0.8982
Epoch 19 | lr=5.00e-05 | train loss=0.2886 acc=0.9919 prec=0.9560 rec=0.9812 f1=0.9684 | val   loss=0.0905 acc=0.9820 prec=0.8333 rec=0.8671 f1=0.8499 aupr=0.9116
  -> early stopping at epoch 19
Best val AUPR: 0.9234
Loading backbone: multimolecule/rinalmo-micro
Loading weights:   0%|          | 0/183 [00:00<?, ?it/s]Loading weights: 100%|██████████| 183/183 [00:00<00:00, 31453.41it/s]
[transformers] [1mRiNALMoModel LOAD REPORT[0m from: multimolecule/rinalmo-micro
Key                                 | Status     | 
------------------------------------+------------+-
lm_head.transform.layer_norm.bias   | UNEXPECTED | 
lm_head.transform.dense.bias        | UNEXPECTED | 
lm_head.transform.layer_norm.weight | UNEXPECTED | 
lm_head.transform.dense.weight      | UNEXPECTED | 
lm_head.bias                        | UNEXPECTED | 
pooler.dense.bias                   | MISSING    | 
pooler.dense.weight                 | MISSING    | 

Notes:
- UNEXPECTED:	can be ignored when loading from different task/architecture; not ok if you expect identical arch.
- MISSING:	those params were newly initialized because missing from the checkpoint. Consider training on your downstream task.
trainable params: 165,600 || all params: 33,647,052 || trainable%: 0.4922
Total params: 34,571,533  |  Trainable: 1,090,081
/nas/cluster_data/homes/bangchi/TISCalling/script/train_nn_model_by_site_rnafm_transformer_RiNALMo_nonannotatedtis_fixwindow_adjidv.py:509: FutureWarning: You are using `torch.load` with `weights_only=False` (the current default value), which uses the default pickle module implicitly. It is possible to construct malicious pickle data which will execute arbitrary code during unpickling (See https://github.com/pytorch/pytorch/blob/main/SECURITY.md#untrusted-models for more details). In a future release, the default value for `weights_only` will be flipped to `True`. This limits the functions that could be executed during unpickling. Arbitrary objects will no longer be allowed to be loaded via this mode unless they are explicitly allowlisted by the user via `torch.serialization.add_safe_globals`. We recommend you start setting `weights_only=True` for any use case where you don't have full control of the loaded file. Please open an issue on GitHub for any issues related to this experimental feature.
  sd    = torch.load(path, map_location=device)
========== all sites ==========
{'accuracy': 0.968482207697894,
 'auc': np.float64(0.9927077094312591),
 'aupr': np.float64(0.9705541426633945),
 'f1': np.float64(0.8863279203771608),
 'fn': np.int64(33),
 'fp': np.int64(184),
 'mcc': np.float64(0.8718417781491142),
 'precision': np.float64(0.8213592233009709),
 'recall': np.float64(0.962457337883959),
 'specificity': np.float64(0.9693639693639694),
 'tn': np.int64(5822),
 'total': np.int64(6885),
 'tp': np.int64(846)}
========== non-indicated sites ==========
{'accuracy': 0.9657523129362117,
 'auc': np.float64(0.9833122050527497),
 'aupr': np.float64(0.8874762704337841),
 'f1': np.float64(0.7448609431680774),
 'fn': np.int64(31),
 'fp': np.int64(180),
 'mcc': np.float64(0.741028224920591),
 'precision': np.float64(0.6311475409836066),
 'recall': np.float64(0.9085545722713865),
 'specificity': np.float64(0.9690827894194435),
 'tn': np.int64(5642),
 'total': np.int64(6161),
 'tp': np.int64(308)}
