[transformers] The `check_model_inputs` decorator is deprecated in favor of `merge_with_config_defaults`.
DEVICE: cuda:0
Loading tokenizer: multimolecule/rinalmo-micro
pad token id = 0
run at: 20260515_134512
(34271, 6)
labels: {1: 4394, 0: 29877}
hyperparameters: {'lora_r': 4, 'lora_alpha': 32, 'lora_dropout': 0.1, 'num_heads': 8, 'dropout': 0.1, 'pooling_mode': 'attention', 'batch_size': 16, 'max_epoch': 50, 'pos_weight_fold': 0.5, 'noncanonical_weight_fold': 10, 'lr': 0.0001, 'left_window': 411, 'right_window': 101}
Loading backbone: multimolecule/rinalmo-micro

Loading weights:   0%|          | 0/183 [00:00<?, ?it/s]
Loading weights: 100%|██████████| 183/183 [00:00<00:00, 32769.40it/s]
[transformers] [1mRiNALMoModel LOAD REPORT[0m from: multimolecule/rinalmo-micro
Key                                 | Status     | 
------------------------------------+------------+-
lm_head.transform.dense.weight      | UNEXPECTED | 
lm_head.transform.layer_norm.bias   | UNEXPECTED | 
lm_head.transform.layer_norm.weight | UNEXPECTED | 
lm_head.bias                        | UNEXPECTED | 
lm_head.transform.dense.bias        | UNEXPECTED | 
pooler.dense.weight                 | MISSING    | 
pooler.dense.bias                   | MISSING    | 

Notes:
- UNEXPECTED:	can be ignored when loading from different task/architecture; not ok if you expect identical arch.
- MISSING:	those params were newly initialized because missing from the checkpoint. Consider training on your downstream task.
trainable params: 301,920 || all params: 33,783,372 || trainable%: 0.8937
Total params: 34,707,853  |  Trainable: 1,226,401
[transformers] `use_cache=True` is incompatible with gradient checkpointing. Setting `use_cache=False`.
Epoch 01 | lr=1.00e-04 | train loss=4.2368 acc=0.8647 prec=0.4841 rec=0.2482 f1=0.3282 | val   loss=0.4171 acc=0.8643 prec=0.2219 rec=0.6124 f1=0.3258 aupr=0.2700
  -> saved best model to model/rinalmo_dora_20260515_134516.pt
Epoch 02 | lr=1.00e-04 | train loss=2.9659 acc=0.9146 prec=0.7107 rec=0.6051 f1=0.6537 | val   loss=0.1757 acc=0.9685 prec=0.6815 rec=0.7713 f1=0.7236 aupr=0.7781
  -> saved best model to model/rinalmo_dora_20260515_134516.pt
Epoch 03 | lr=1.00e-04 | train loss=1.4159 acc=0.9707 prec=0.8816 rec=0.9008 f1=0.8911 | val   loss=0.1629 acc=0.9639 prec=0.6193 rec=0.8450 f1=0.7148 aupr=0.8113
  -> saved best model to model/rinalmo_dora_20260515_134516.pt
Epoch 04 | lr=1.00e-04 | train loss=1.0154 acc=0.9799 prec=0.9091 rec=0.9431 f1=0.9258 | val   loss=0.1585 acc=0.9687 prec=0.6698 rec=0.8178 f1=0.7365 aupr=0.8254
  -> saved best model to model/rinalmo_dora_20260515_134516.pt
Epoch 05 | lr=1.00e-04 | train loss=0.8355 acc=0.9811 prec=0.9155 rec=0.9450 f1=0.9300 | val   loss=0.1459 acc=0.9676 prec=0.6518 rec=0.8488 f1=0.7374 aupr=0.8497
  -> saved best model to model/rinalmo_dora_20260515_134516.pt
Epoch 06 | lr=1.00e-04 | train loss=0.6313 acc=0.9841 prec=0.9293 rec=0.9535 f1=0.9412 | val   loss=0.1682 acc=0.9668 prec=0.6503 rec=0.8217 f1=0.7260 aupr=0.8313
Epoch 07 | lr=1.00e-04 | train loss=0.5154 acc=0.9869 prec=0.9422 rec=0.9606 f1=0.9514 | val   loss=0.2043 acc=0.9676 prec=0.6614 rec=0.8101 f1=0.7282 aupr=0.8078
Epoch 08 | lr=1.00e-04 | train loss=0.4496 acc=0.9897 prec=0.9528 rec=0.9710 f1=0.9618 | val   loss=0.1858 acc=0.9554 prec=0.5553 rec=0.8372 f1=0.6677 aupr=0.8240
Epoch 09 | lr=1.00e-04 | train loss=0.3871 acc=0.9907 prec=0.9580 rec=0.9727 f1=0.9653 | val   loss=0.1820 acc=0.9660 prec=0.6366 rec=0.8488 f1=0.7276 aupr=0.8294
Epoch 10 | lr=1.00e-04 | train loss=0.3272 acc=0.9906 prec=0.9571 rec=0.9733 f1=0.9652 | val   loss=0.1789 acc=0.9635 prec=0.6120 rec=0.8682 f1=0.7179 aupr=0.8475
  -> early stopping at epoch 10
Best val AUPR: 0.8497
Loading backbone: multimolecule/rinalmo-micro

Loading weights:   0%|          | 0/183 [00:00<?, ?it/s]
Loading weights: 100%|██████████| 183/183 [00:00<00:00, 32045.66it/s]
[transformers] [1mRiNALMoModel LOAD REPORT[0m from: multimolecule/rinalmo-micro
Key                                 | Status     | 
------------------------------------+------------+-
lm_head.transform.dense.weight      | UNEXPECTED | 
lm_head.transform.layer_norm.bias   | UNEXPECTED | 
lm_head.transform.layer_norm.weight | UNEXPECTED | 
lm_head.bias                        | UNEXPECTED | 
lm_head.transform.dense.bias        | UNEXPECTED | 
pooler.dense.weight                 | MISSING    | 
pooler.dense.bias                   | MISSING    | 

Notes:
- UNEXPECTED:	can be ignored when loading from different task/architecture; not ok if you expect identical arch.
- MISSING:	those params were newly initialized because missing from the checkpoint. Consider training on your downstream task.
trainable params: 301,920 || all params: 33,783,372 || trainable%: 0.8937
Total params: 34,707,853  |  Trainable: 1,226,401
/nas/cluster_data/homes/bangchi/TISCalling/script/train_nn_model_by_site_rnafm_transformer_RiNALMo_nonannotatedtis_fixwindow_fixw.py:482: FutureWarning: You are using `torch.load` with `weights_only=False` (the current default value), which uses the default pickle module implicitly. It is possible to construct malicious pickle data which will execute arbitrary code during unpickling (See https://github.com/pytorch/pytorch/blob/main/SECURITY.md#untrusted-models for more details). In a future release, the default value for `weights_only` will be flipped to `True`. This limits the functions that could be executed during unpickling. Arbitrary objects will no longer be allowed to be loaded via this mode unless they are explicitly allowlisted by the user via `torch.serialization.add_safe_globals`. We recommend you start setting `weights_only=True` for any use case where you don't have full control of the loaded file. Please open an issue on GitHub for any issues related to this experimental feature.
  sd    = torch.load(path, map_location=device)
================= only non-indicated site =================
{'accuracy': 0.9757325184253101,
 'auc': np.float64(0.9823896979697253),
 'aupr': np.float64(0.8816426068728508),
 'f1': np.float64(0.7684391080617495),
 'fn': np.int64(39),
 'fp': np.int64(96),
 'mcc': np.float64(0.7598142962560667),
 'precision': np.float64(0.7),
 'recall': np.float64(0.8517110266159695),
 'specificity': np.float64(0.9818867924528302),
 'tn': np.int64(5204),
 'total': np.int64(5563),
 'tp': np.int64(224)}
================= all site =================
{'accuracy': 0.9767169179229481,
 'auc': np.float64(0.99245030621461),
 'aupr': np.float64(0.9690081395580242),
 'f1': np.float64(0.9000718907260963),
 'fn': np.int64(43),
 'fp': np.int64(96),
 'mcc': np.float64(0.8877425465888983),
 'precision': np.float64(0.8670360110803325),
 'recall': np.float64(0.9357249626307922),
 'specificity': np.float64(0.9818902093944539),
 'tn': np.int64(5205),
 'total': np.int64(5970),
 'tp': np.int64(626)}
