[transformers] The `check_model_inputs` decorator is deprecated in favor of `merge_with_config_defaults`.
DEVICE: cuda:1
Loading tokenizer: multimolecule/rinalmo-giga
pad token id = 0
device : cuda:1
captum : OK
Loading backbone: multimolecule/rinalmo-giga
Loading weights:   0%|          | 0/498 [00:00<?, ?it/s]Loading weights: 100%|██████████| 498/498 [00:00<00:00, 32952.55it/s]
[transformers] [1mRiNALMoModel LOAD REPORT[0m from: multimolecule/rinalmo-giga
Key                                 | Status     | 
------------------------------------+------------+-
lm_head.transform.layer_norm.bias   | UNEXPECTED | 
lm_head.bias                        | UNEXPECTED | 
lm_head.transform.layer_norm.weight | UNEXPECTED | 
lm_head.transform.dense.weight      | UNEXPECTED | 
lm_head.transform.dense.bias        | UNEXPECTED | 
lm_head.decoder.weight              | UNEXPECTED | 
pooler.dense.bias                   | MISSING    | 
pooler.dense.weight                 | MISSING    | 

Notes:
- UNEXPECTED:	can be ignored when loading from different task/architecture; not ok if you expect identical arch.
- MISSING:	those params were newly initialized because missing from the checkpoint. Consider training on your downstream task.
trainable params: 2,193,876 || all params: 653,072,607 || trainable%: 0.3359
Total params: 659,633,888  |  Trainable: 8,755,157
/nas/cluster_data/homes/bangchi/TISCalling/model/rinalmo_dora_20260608-01-explanation-ig-debug/main.py:649: FutureWarning: You are using `torch.load` with `weights_only=False` (the current default value), which uses the default pickle module implicitly. It is possible to construct malicious pickle data which will execute arbitrary code during unpickling (See https://github.com/pytorch/pytorch/blob/main/SECURITY.md#untrusted-models for more details). In a future release, the default value for `weights_only` will be flipped to `True`. This limits the functions that could be executed during unpickling. Arbitrary objects will no longer be allowed to be loaded via this mode unless they are explicitly allowlisted by the user via `torch.serialization.add_safe_globals`. We recommend you start setting `weights_only=True` for any use case where you don't have full control of the loaded file. Please open an issue on GitHub for any issues related to this experimental feature.
  sd    = torch.load(path, map_location=device)
[load_model] backbone vocab mismatch (current=28, checkpoint=26); resizing to 26
embedding_layer: Embedding(26, 1280, padding_idx=0)
[forward hook] embedding output: torch.Size([1, 1003, 1280])
Traceback (most recent call last):
  File "/nas/cluster_data/homes/bangchi/TISCalling/model/rinalmo_dora_20260608-01-explanation-ig-debug/explanation.py", line 589, in <module>
    main()
  File "/nas/cluster_data/homes/bangchi/TISCalling/model/rinalmo_dora_20260608-01-explanation-ig-debug/explanation.py", line 511, in main
    sanity_check(seq, model, tokenizer,)
  File "/nas/cluster_data/homes/bangchi/TISCalling/model/rinalmo_dora_20260608-01-explanation-ig-debug/explanation.py", line 110, in sanity_check
    logit = model(input_ids, attention_mask=attention_mask).squeeze()
  File "/homes/bangchi/miniconda3/envs/TIScalling/lib/python3.10/site-packages/torch/nn/modules/module.py", line 1736, in _wrapped_call_impl
    return self._call_impl(*args, **kwargs)
  File "/homes/bangchi/miniconda3/envs/TIScalling/lib/python3.10/site-packages/torch/nn/modules/module.py", line 1747, in _call_impl
    return forward_call(*args, **kwargs)
  File "/nas/cluster_data/homes/bangchi/TISCalling/model/rinalmo_dora_20260608-01-explanation-ig-debug/main.py", line 338, in forward
    outputs = self.backbone(
  File "/homes/bangchi/miniconda3/envs/TIScalling/lib/python3.10/site-packages/torch/nn/modules/module.py", line 1736, in _wrapped_call_impl
    return self._call_impl(*args, **kwargs)
  File "/homes/bangchi/miniconda3/envs/TIScalling/lib/python3.10/site-packages/torch/nn/modules/module.py", line 1747, in _call_impl
    return forward_call(*args, **kwargs)
  File "/homes/bangchi/miniconda3/envs/TIScalling/lib/python3.10/site-packages/peft/peft_model.py", line 2568, in forward
    return self.base_model(
  File "/homes/bangchi/miniconda3/envs/TIScalling/lib/python3.10/site-packages/torch/nn/modules/module.py", line 1736, in _wrapped_call_impl
    return self._call_impl(*args, **kwargs)
  File "/homes/bangchi/miniconda3/envs/TIScalling/lib/python3.10/site-packages/torch/nn/modules/module.py", line 1747, in _call_impl
    return forward_call(*args, **kwargs)
  File "/homes/bangchi/miniconda3/envs/TIScalling/lib/python3.10/site-packages/peft/tuners/tuners_utils.py", line 197, in forward
    return self.model.forward(*args, **kwargs)
  File "/homes/bangchi/miniconda3/envs/TIScalling/lib/python3.10/site-packages/transformers/utils/generic.py", line 963, in wrapper
    output = func(self, *args, **kwargs)
  File "/homes/bangchi/miniconda3/envs/TIScalling/lib/python3.10/site-packages/multimolecule/models/rinalmo/modeling_rinalmo.py", line 216, in forward
    encoder_outputs = self.encoder(
  File "/homes/bangchi/miniconda3/envs/TIScalling/lib/python3.10/site-packages/torch/nn/modules/module.py", line 1736, in _wrapped_call_impl
    return self._call_impl(*args, **kwargs)
  File "/homes/bangchi/miniconda3/envs/TIScalling/lib/python3.10/site-packages/torch/nn/modules/module.py", line 1747, in _call_impl
    return forward_call(*args, **kwargs)
  File "/homes/bangchi/miniconda3/envs/TIScalling/lib/python3.10/site-packages/multimolecule/models/rinalmo/modeling_rinalmo.py", line 681, in forward
    hidden_states = layer_module(
  File "/homes/bangchi/miniconda3/envs/TIScalling/lib/python3.10/site-packages/transformers/modeling_layers.py", line 93, in __call__
    return super().__call__(*args, **kwargs)
  File "/homes/bangchi/miniconda3/envs/TIScalling/lib/python3.10/site-packages/torch/nn/modules/module.py", line 1736, in _wrapped_call_impl
    return self._call_impl(*args, **kwargs)
  File "/homes/bangchi/miniconda3/envs/TIScalling/lib/python3.10/site-packages/torch/nn/modules/module.py", line 1747, in _call_impl
    return forward_call(*args, **kwargs)
  File "/homes/bangchi/miniconda3/envs/TIScalling/lib/python3.10/site-packages/multimolecule/models/rinalmo/modeling_rinalmo.py", line 730, in forward
    self_attention_output, _ = self.attention(
  File "/homes/bangchi/miniconda3/envs/TIScalling/lib/python3.10/site-packages/torch/nn/modules/module.py", line 1736, in _wrapped_call_impl
    return self._call_impl(*args, **kwargs)
  File "/homes/bangchi/miniconda3/envs/TIScalling/lib/python3.10/site-packages/torch/nn/modules/module.py", line 1747, in _call_impl
    return forward_call(*args, **kwargs)
  File "/homes/bangchi/miniconda3/envs/TIScalling/lib/python3.10/site-packages/multimolecule/models/rinalmo/modeling_rinalmo.py", line 810, in forward
    attention_output, attn_weights = self.self(
  File "/homes/bangchi/miniconda3/envs/TIScalling/lib/python3.10/site-packages/torch/nn/modules/module.py", line 1736, in _wrapped_call_impl
    return self._call_impl(*args, **kwargs)
  File "/homes/bangchi/miniconda3/envs/TIScalling/lib/python3.10/site-packages/torch/nn/modules/module.py", line 1747, in _call_impl
    return forward_call(*args, **kwargs)
  File "/homes/bangchi/miniconda3/envs/TIScalling/lib/python3.10/site-packages/multimolecule/models/rinalmo/modeling_rinalmo.py", line 924, in forward
    attn_output, attn_weights = attention_interface(
  File "/homes/bangchi/miniconda3/envs/TIScalling/lib/python3.10/site-packages/multimolecule/modules/functional.py", line 45, in eager_attention_forward
    attn_weights = torch.matmul(query, key.transpose(2, 3)) * scaling
torch.OutOfMemoryError: CUDA out of memory. Tried to allocate 78.00 MiB. GPU 1 has a total capacity of 15.77 GiB of which 79.12 MiB is free. Process 1864546 has 5.86 GiB memory in use. Including non-PyTorch memory, this process has 9.83 GiB memory in use. Of the allocated memory 9.15 GiB is allocated by PyTorch, and 324.39 MiB is reserved by PyTorch but unallocated. If reserved but unallocated memory is large try setting PYTORCH_CUDA_ALLOC_CONF=expandable_segments:True to avoid fragmentation.  See documentation for Memory Management  (https://pytorch.org/docs/stable/notes/cuda.html#environment-variables)
