[transformers] The `check_model_inputs` decorator is deprecated in favor of `merge_with_config_defaults`.
DEVICE: cuda:0
Loading tokenizer: multimolecule/rinalmo-micro
pad token id = 0
run at: 20260520_230047
(34271, 6)
labels: {1: 4394, 0: 29877}
train labels: {np.int64(1): 3080, np.int64(0): 21095}
val labels: {np.int64(1): 435, np.int64(0): 2776}
test labels: {np.int64(1): 879, np.int64(0): 6006}
train sections: {np.int64(0): 2387, np.int64(3): 535, np.int64(1): 17161, np.int64(2): 1310, np.int64(4): 2782}
section_ratio: {np.int64(0): 10.127775450356095, np.int64(3): 45.18691588785047, np.int64(1): 1.4087174407085834, np.int64(2): 18.454198473282442, np.int64(4): 8.68979151689432}
section_neg_pos_ratio: {0: 0.26229508196721313, 3: 1.1926229508196722, 1: 64.00378787878788, 2: 1.1475409836065573, 4: 38.183098591549296}
hyperparameters: {'lora_r': 4, 'lora_alpha': 32, 'lora_dropout': 0.1, 'num_heads': 8, 'dropout': 0.1, 'pooling_mode': 'attention', 'batch_size': 16, 'max_epoch': 50, 'section_scaling': 0, 'section_weight_fold': {'0': 1, '1': 10, '2': 10, '3': 10, '4': 10}, 'section_label_scaling': 1, 'section_pos_weight_fold': {'0': 1, '1': 10, '2': 2, '3': 2, '4': 5}, 'max_weight': 300, 'lr': 0.0001, 'left_window': 411, 'right_window': 101, 'ignore_sec': 0}
Loading backbone: multimolecule/rinalmo-micro
Loading weights:   0%|          | 0/183 [00:00<?, ?it/s]Loading weights: 100%|██████████| 183/183 [00:00<00:00, 33227.60it/s]
[transformers] [1mRiNALMoModel LOAD REPORT[0m from: multimolecule/rinalmo-micro
Key                                 | Status     | 
------------------------------------+------------+-
lm_head.transform.layer_norm.bias   | UNEXPECTED | 
lm_head.bias                        | UNEXPECTED | 
lm_head.transform.layer_norm.weight | UNEXPECTED | 
lm_head.transform.dense.bias        | UNEXPECTED | 
lm_head.transform.dense.weight      | UNEXPECTED | 
pooler.dense.weight                 | MISSING    | 
pooler.dense.bias                   | MISSING    | 

Notes:
- UNEXPECTED:	can be ignored when loading from different task/architecture; not ok if you expect identical arch.
- MISSING:	those params were newly initialized because missing from the checkpoint. Consider training on your downstream task.
trainable params: 301,920 || all params: 33,783,372 || trainable%: 0.8937
Total params: 34,707,853  |  Trainable: 1,226,401
Epoch 01 | lr=1.00e-04 | train loss=7.5867 acc=0.7893 prec=0.2955 rec=0.4724 f1=0.3636 | val   loss=0.4686 acc=0.7914 prec=0.1797 rec=0.7168 f1=0.2874 aupr=0.2737
  -> saved best model to model.pt
Epoch 02 | lr=1.00e-04 | train loss=6.4994 acc=0.8057 prec=0.3333 rec=0.5247 f1=0.4077 | val   loss=0.4887 acc=0.7710 prec=0.1706 rec=0.7514 f1=0.2781 aupr=0.2640
Epoch 03 | lr=1.00e-04 | train loss=5.6228 acc=0.8203 prec=0.3607 rec=0.5315 f1=0.4297 | val   loss=0.6462 acc=0.7140 prec=0.1510 rec=0.8382 f1=0.2560 aupr=0.3090
  -> saved best model to model.pt
Epoch 04 | lr=1.00e-04 | train loss=4.7450 acc=0.8460 prec=0.4205 rec=0.5513 f1=0.4771 | val   loss=0.5714 acc=0.7293 prec=0.1665 rec=0.9017 f1=0.2811 aupr=0.4392
  -> saved best model to model.pt
Epoch 05 | lr=1.00e-04 | train loss=3.8030 acc=0.8767 prec=0.5133 rec=0.6218 f1=0.5623 | val   loss=0.2671 acc=0.8898 prec=0.3249 rec=0.8150 f1=0.4646 aupr=0.5742
  -> saved best model to model.pt
Epoch 06 | lr=1.00e-04 | train loss=2.6992 acc=0.9171 prec=0.6553 rec=0.7370 f1=0.6938 | val   loss=0.2332 acc=0.9054 prec=0.3668 rec=0.8439 f1=0.5114 aupr=0.6764
  -> saved best model to model.pt
Epoch 07 | lr=1.00e-04 | train loss=2.2096 acc=0.9308 prec=0.7036 rec=0.7893 f1=0.7440 | val   loss=0.2222 acc=0.9101 prec=0.3789 rec=0.8324 f1=0.5208 aupr=0.6971
  -> saved best model to model.pt
Epoch 08 | lr=1.00e-04 | train loss=1.8866 acc=0.9404 prec=0.7389 rec=0.8224 f1=0.7784 | val   loss=0.1105 acc=0.9583 prec=0.6238 rec=0.7283 f1=0.6720 aupr=0.7549
  -> saved best model to model.pt
Epoch 09 | lr=1.00e-04 | train loss=1.5860 acc=0.9489 prec=0.7745 rec=0.8451 f1=0.8083 | val   loss=0.3402 acc=0.8867 prec=0.3223 rec=0.8439 f1=0.4665 aupr=0.6359
Epoch 10 | lr=1.00e-04 | train loss=1.4198 acc=0.9529 prec=0.7924 rec=0.8539 f1=0.8220 | val   loss=0.1375 acc=0.9525 prec=0.5679 rec=0.7977 f1=0.6635 aupr=0.7777
  -> saved best model to model.pt
Epoch 11 | lr=1.00e-04 | train loss=1.4010 acc=0.9563 prec=0.8053 rec=0.8662 f1=0.8347 | val   loss=0.1319 acc=0.9556 prec=0.5938 rec=0.7688 f1=0.6700 aupr=0.7745
Epoch 12 | lr=1.00e-04 | train loss=1.2958 acc=0.9608 prec=0.8207 rec=0.8857 f1=0.8520 | val   loss=0.1224 acc=0.9593 prec=0.6167 rec=0.8092 f1=0.7000 aupr=0.7961
  -> saved best model to model.pt
Epoch 13 | lr=1.00e-04 | train loss=1.1936 acc=0.9651 prec=0.8419 rec=0.8938 f1=0.8671 | val   loss=0.1378 acc=0.9562 prec=0.5965 rec=0.7861 f1=0.6783 aupr=0.7736
Epoch 14 | lr=1.00e-04 | train loss=0.8407 acc=0.9720 prec=0.8746 rec=0.9104 f1=0.8921 | val   loss=0.1250 acc=0.9576 prec=0.6091 rec=0.7746 f1=0.6819 aupr=0.7835
Epoch 15 | lr=1.00e-04 | train loss=1.0462 acc=0.9670 prec=0.8500 rec=0.8997 f1=0.8741 | val   loss=0.3016 acc=0.9081 prec=0.3822 rec=0.9191 f1=0.5399 aupr=0.7374
Epoch 16 | lr=1.00e-04 | train loss=0.8675 acc=0.9726 prec=0.8750 rec=0.9159 f1=0.8950 | val   loss=0.1189 acc=0.9654 prec=0.6821 rec=0.7688 f1=0.7228 aupr=0.8047
  -> saved best model to model.pt
Epoch 17 | lr=1.00e-04 | train loss=0.6200 acc=0.9782 prec=0.9056 rec=0.9253 f1=0.9154 | val   loss=0.1344 acc=0.9623 prec=0.6384 rec=0.8266 f1=0.7204 aupr=0.8185
  -> saved best model to model.pt
Epoch 18 | lr=1.00e-04 | train loss=1.2696 acc=0.9671 prec=0.8371 rec=0.9208 f1=0.8769 | val   loss=0.1086 acc=0.9610 prec=0.6422 rec=0.7572 f1=0.6950 aupr=0.7981
Epoch 19 | lr=1.00e-04 | train loss=0.6942 acc=0.9764 prec=0.8972 rec=0.9205 f1=0.9087 | val   loss=0.1234 acc=0.9623 prec=0.6550 rec=0.7572 f1=0.7024 aupr=0.7699
Epoch 20 | lr=1.00e-04 | train loss=0.8112 acc=0.9730 prec=0.8730 rec=0.9221 f1=0.8969 | val   loss=0.1239 acc=0.9678 prec=0.7143 rec=0.7514 f1=0.7324 aupr=0.8143
Epoch 21 | lr=1.00e-04 | train loss=0.7068 acc=0.9776 prec=0.8991 rec=0.9286 f1=0.9136 | val   loss=0.1101 acc=0.9712 prec=0.7444 rec=0.7746 f1=0.7592 aupr=0.8397
  -> saved best model to model.pt
Epoch 22 | lr=1.00e-04 | train loss=0.6057 acc=0.9789 prec=0.9148 rec=0.9198 f1=0.9173 | val   loss=0.1642 acc=0.9556 prec=0.5802 rec=0.8786 f1=0.6989 aupr=0.8136
Epoch 23 | lr=1.00e-04 | train loss=0.7505 acc=0.9741 prec=0.8891 rec=0.9107 f1=0.8998 | val   loss=0.1142 acc=0.9640 prec=0.6634 rec=0.7861 f1=0.7196 aupr=0.8017
Epoch 24 | lr=1.00e-04 | train loss=0.3925 acc=0.9842 prec=0.9388 rec=0.9370 f1=0.9379 | val   loss=0.1806 acc=0.9590 prec=0.6140 rec=0.8092 f1=0.6983 aupr=0.8034
Epoch 25 | lr=1.00e-04 | train loss=0.7145 acc=0.9791 prec=0.8997 rec=0.9409 f1=0.9199 | val   loss=0.1072 acc=0.9651 prec=0.6651 rec=0.8150 f1=0.7325 aupr=0.8246
Epoch 26 | lr=5.00e-05 | train loss=0.4603 acc=0.9840 prec=0.9325 rec=0.9422 f1=0.9373 | val   loss=0.1318 acc=0.9681 prec=0.7005 rec=0.7977 f1=0.7459 aupr=0.8269
  -> early stopping at epoch 26
Best val AUPR: 0.8397
Loading backbone: multimolecule/rinalmo-micro
Loading weights:   0%|          | 0/183 [00:00<?, ?it/s]Loading weights: 100%|██████████| 183/183 [00:00<00:00, 33065.85it/s]
[transformers] [1mRiNALMoModel LOAD REPORT[0m from: multimolecule/rinalmo-micro
Key                                 | Status     | 
------------------------------------+------------+-
lm_head.transform.layer_norm.bias   | UNEXPECTED | 
lm_head.bias                        | UNEXPECTED | 
lm_head.transform.layer_norm.weight | UNEXPECTED | 
lm_head.transform.dense.bias        | UNEXPECTED | 
lm_head.transform.dense.weight      | UNEXPECTED | 
pooler.dense.weight                 | MISSING    | 
pooler.dense.bias                   | MISSING    | 

Notes:
- UNEXPECTED:	can be ignored when loading from different task/architecture; not ok if you expect identical arch.
- MISSING:	those params were newly initialized because missing from the checkpoint. Consider training on your downstream task.
trainable params: 301,920 || all params: 33,783,372 || trainable%: 0.8937
Total params: 34,707,853  |  Trainable: 1,226,401
/nas/cluster_data/homes/bangchi/TISCalling/model/rinalmo_dora_20260520-3-repeat-sec-wei-v3/main.py:635: FutureWarning: You are using `torch.load` with `weights_only=False` (the current default value), which uses the default pickle module implicitly. It is possible to construct malicious pickle data which will execute arbitrary code during unpickling (See https://github.com/pytorch/pytorch/blob/main/SECURITY.md#untrusted-models for more details). In a future release, the default value for `weights_only` will be flipped to `True`. This limits the functions that could be executed during unpickling. Arbitrary objects will no longer be allowed to be loaded via this mode unless they are explicitly allowlisted by the user via `torch.serialization.add_safe_globals`. We recommend you start setting `weights_only=True` for any use case where you don't have full control of the loaded file. Please open an issue on GitHub for any issues related to this experimental feature.
  sd    = torch.load(path, map_location=device)
/homes/bangchi/miniconda3/envs/TIScalling/lib/python3.10/site-packages/sklearn/metrics/_classification.py:395: UserWarning: A single label was found in 'y_true' and 'y_pred'. For the confusion matrix to have the correct shape, use the 'labels' parameter to pass all known labels.
  warnings.warn(
/homes/bangchi/miniconda3/envs/TIScalling/lib/python3.10/site-packages/sklearn/metrics/_classification.py:395: UserWarning: A single label was found in 'y_true' and 'y_pred'. For the confusion matrix to have the correct shape, use the 'labels' parameter to pass all known labels.
  warnings.warn(
========== non-indicated sites ==========
{'accuracy': 0.9683492939457881,
 'auc': np.float64(0.9724116336264945),
 'aupr': np.float64(0.8276353192360343),
 'f1': np.float64(0.7375504710632571),
 'fn': np.int64(65),
 'fp': np.int64(130),
 'mcc': np.float64(0.7239878703262856),
 'precision': np.float64(0.6782178217821783),
 'recall': np.float64(0.8082595870206489),
 'specificity': np.float64(0.9776709034695981),
 'tn': np.int64(5692),
 'total': np.int64(6161),
 'tp': np.int64(274)}
========== all sites ==========
{'accuracy': 0.9680464778503994,
 'auc': np.float64(0.986801973150096),
 'aupr': np.float64(0.9446264173532523),
 'f1': np.float64(0.8777777777777778),
 'fn': np.int64(89),
 'fp': np.int64(131),
 'mcc': np.float64(0.859719725049812),
 'precision': np.float64(0.8577633007600435),
 'recall': np.float64(0.8987485779294653),
 'specificity': np.float64(0.9781884781884782),
 'tn': np.int64(5875),
 'total': np.int64(6885),
 'tp': np.int64(790)}
      section  accuracy  balanced_accuracy  precision    recall  specificity       auc      aupr        f1       mcc   tp    tn  fp  fn  total  balanced_downsample_accuracy_mean  balanced_downsample_accuracy_std  balanced_downsample_balanced_accuracy_mean  balanced_downsample_balanced_accuracy_std  balanced_downsample_precision_mean  balanced_downsample_precision_std  balanced_downsample_recall_mean  balanced_downsample_recall_std  balanced_downsample_specificity_mean  balanced_downsample_specificity_std  balanced_downsample_auc_mean  balanced_downsample_auc_std  balanced_downsample_aupr_mean  balanced_downsample_aupr_std  balanced_downsample_f1_mean  balanced_downsample_f1_std  balanced_downsample_mcc_mean  balanced_downsample_mcc_std  balanced_downsample_tp_mean  balanced_downsample_tp_std  balanced_downsample_tn_mean  balanced_downsample_tn_std  balanced_downsample_fp_mean  balanced_downsample_fp_std  balanced_downsample_fn_mean  balanced_downsample_fn_std  balanced_downsample_total_mean  balanced_downsample_total_std
5     3UTRATG  1.000000           1.000000   1.000000  1.000000     1.000000  1.000000  1.000000  1.000000  1.000000    1    17   0   0     18                           1.000000                          0.000000                                    1.000000                                   0.000000                            1.000000                           0.000000                         1.000000                    0.000000e+00                              1.000000                         0.000000e+00                      1.000000                     0.000000                       1.000000                      0.000000                     1.000000                    0.000000                      1.000000                     0.000000                         1.00                    0.000000                         1.00                    0.000000                         0.00                    0.000000                         0.00                    0.000000                             2.0                            0.0
6  3UTRnonATG  1.000000           1.000000   0.000000  0.000000     1.000000       NaN       NaN  0.000000  0.000000    0   164   0   0    164                                NaN                               NaN                                         NaN                                        NaN                                 NaN                                NaN                              NaN                             NaN                                   NaN                                  NaN                           NaN                          NaN                            NaN                           NaN                          NaN                         NaN                           NaN                          NaN                          NaN                         NaN                          NaN                         NaN                          NaN                         NaN                          NaN                         NaN                             NaN                            NaN
1     5UTRATG  0.847826           0.850247   0.783784  0.863095     0.837398  0.943380  0.929022  0.821530  0.691867  145   206  40  23    414                           0.851190                          0.007834                                    0.851190                                   0.007834                            0.843218                           0.012872                         0.863095                    1.115816e-16                              0.839286                         1.566878e-02                      0.943770                     0.004415                       0.948021                      0.004488                     0.852992                    0.006595                      0.702660                     0.015400                       145.00                    0.000000                       141.00                    2.632355                        27.00                    2.632355                        23.00                    0.000000                           336.0                            0.0
2  5UTRnonATG  0.980688           0.775099   0.321101  0.564516     0.985681  0.937725  0.459540  0.409357  0.416855   35  5094  74  27   5230                           0.776129                          0.007077                                    0.776129                                   0.007077                            0.979313                           0.023293                         0.564516                    1.115816e-16                              0.987742                         1.415410e-02                      0.937945                     0.013580                       0.943781                      0.014381                     0.716096                    0.006351                      0.609768                     0.019773                        35.00                    0.000000                        61.24                    0.877554                         0.76                    0.877554                        27.00                    0.000000                           124.0                            0.0
0   Annotated  0.953875           0.811070   0.998062  0.955473     0.666667  0.966605  0.999810  0.976303  0.215989  515     2   1  24    542                           0.820000                          0.045443                                    0.820000                                   0.045443                            0.743333                           0.022722                         0.973333                    9.088664e-02                              0.666667                         2.231632e-16                      0.975556                     0.060302                       0.982722                      0.041865                     0.841905                    0.051935                      0.677205                     0.101913                         2.92                    0.272660                         2.00                    0.000000                         1.00                    0.000000                         0.08                    0.272660                             6.0                            0.0
3      CDSATG  0.909091           0.864875   0.924731  0.955556     0.774194  0.944086  0.979246  0.939891  0.755362   86    24   7   4    121                           0.861774                          0.015077                                    0.861774                                   0.015077                            0.807725                           0.004968                         0.949355                    3.015462e-02                              0.774194                         3.347448e-16                      0.943694                     0.015466                       0.945778                      0.013213                     0.872690                    0.015680                      0.735446                     0.034585                        29.43                    0.934793                        24.00                    0.000000                         7.00                    0.000000                         1.57                    0.934793                            62.0                            0.0
4   CDSnonATG  0.949495           0.698590   0.470588  0.421053     0.976127  0.785146  0.388810  0.444444  0.418785    8   368   9  11    396                           0.698684                          0.017293                                    0.698684                                   0.017293                            0.951939                           0.067702                         0.421053                    1.115816e-16                              0.976316                         3.458572e-02                      0.788726                     0.046013                       0.821456                      0.037040                     0.583199                    0.013539                      0.479733                     0.052555                         8.00                    0.000000                        18.55                    0.657129                         0.45                    0.657129                        11.00                    0.000000                            38.0                            0.0
