[transformers] The `check_model_inputs` decorator is deprecated in favor of `merge_with_config_defaults`.
DEVICE: cuda:0
Loading tokenizer: multimolecule/rinalmo-micro
pad token id = 0
run at: 20260601_110945
mode=train | n_splits=4 | n_repeats=1
(34271, 7)
labels (full): {1: 4394, 0: 29877}

=== repeat 1/1 | fold 1/4 ===
train labels: {np.int64(1): 3276, np.int64(0): 23199}
val   labels: {np.int64(1): 1118, np.int64(0): 6678}
pos_weight: tensor([7.0815], device='cuda:0')
hyperparameters: {'lora_r': 4, 'lora_alpha': 32, 'lora_dropout': 0.1, 'num_heads': 8, 'dropout': 0.1, 'pooling_mode': 'attention', 'batch_size': 16, 'max_epoch': 50, 'weight_fold': 0.5, 'max_weight': 300, 'lr': 0.0001, 'left_window': 300, 'right_window': 200, 'ignore_sec': -1}
Loading backbone: multimolecule/rinalmo-micro
  tokenizer vocab_size=28, len(tokenizer)=28

Loading weights:   0%|          | 0/183 [00:00<?, ?it/s]
Loading weights: 100%|██████████| 183/183 [00:00<00:00, 32769.40it/s]
[transformers] [1mRiNALMoModel LOAD REPORT[0m from: multimolecule/rinalmo-micro
Key                                 | Status     | 
------------------------------------+------------+-
lm_head.transform.dense.weight      | UNEXPECTED | 
lm_head.transform.dense.bias        | UNEXPECTED | 
lm_head.decoder.weight              | UNEXPECTED | 
lm_head.transform.layer_norm.weight | UNEXPECTED | 
lm_head.bias                        | UNEXPECTED | 
lm_head.transform.layer_norm.bias   | UNEXPECTED | 
pooler.dense.bias                   | MISSING    | 
pooler.dense.weight                 | MISSING    | 

Notes:
- UNEXPECTED:	can be ignored when loading from different task/architecture; not ok if you expect identical arch.
- MISSING:	those params were newly initialized because missing from the checkpoint. Consider training on your downstream task.
  base_model vocab_size=28, emb.shape=torch.Size([28, 480])
trainable params: 301,920 || all params: 33,784,332 || trainable%: 0.8937
Total params: 34,708,813  |  Trainable: 1,226,401
[transformers] `use_cache=True` is incompatible with gradient checkpointing. Setting `use_cache=False`.
Epoch 01 | lr=1.00e-04 | train loss=0.4143 acc=0.9004 prec=0.5772 rec=0.7305 f1=0.6448 aupr=0.7516 | val   loss=0.1910 acc=0.9619 prec=0.8319 rec=0.9204 f1=0.8739 aupr=0.9546
  -> saved best model to model_r0_f0.pt
Epoch 02 | lr=1.00e-04 | train loss=0.1440 acc=0.9721 prec=0.8576 rec=0.9286 f1=0.8917 aupr=0.9613 | val   loss=0.1677 acc=0.9752 prec=0.9089 rec=0.9195 f1=0.9142 aupr=0.9661
  -> saved best model to model_r0_f0.pt
Epoch 03 | lr=1.00e-04 | train loss=0.1083 acc=0.9793 prec=0.8906 rec=0.9496 f1=0.9192 aupr=0.9762 | val   loss=0.1484 acc=0.9715 prec=0.8709 rec=0.9410 f1=0.9046 aupr=0.9697
  -> saved best model to model_r0_f0.pt
Epoch 04 | lr=1.00e-04 | train loss=0.0849 acc=0.9824 prec=0.9033 rec=0.9609 f1=0.9312 aupr=0.9837 | val   loss=0.1565 acc=0.9792 prec=0.9410 rec=0.9123 f1=0.9264 aupr=0.9702
  -> saved best model to model_r0_f0.pt
Epoch 05 | lr=1.00e-04 | train loss=0.0686 acc=0.9864 prec=0.9243 rec=0.9692 f1=0.9462 aupr=0.9889 | val   loss=0.1634 acc=0.9768 prec=0.9187 rec=0.9195 f1=0.9191 aupr=0.9729
  -> saved best model to model_r0_f0.pt
Epoch 06 | lr=1.00e-04 | train loss=0.0553 acc=0.9884 prec=0.9332 rec=0.9759 f1=0.9540 aupr=0.9922 | val   loss=0.1628 acc=0.9737 prec=0.8846 rec=0.9392 f1=0.9111 aupr=0.9724
Epoch 07 | lr=1.00e-04 | train loss=0.0475 acc=0.9890 prec=0.9352 rec=0.9786 f1=0.9564 aupr=0.9941 | val   loss=0.2250 acc=0.9773 prec=0.9235 rec=0.9177 f1=0.9206 aupr=0.9721
Epoch 08 | lr=1.00e-04 | train loss=0.0397 acc=0.9917 prec=0.9524 rec=0.9823 f1=0.9671 aupr=0.9956 | val   loss=0.1901 acc=0.9638 prec=0.8220 rec=0.9544 f1=0.8833 aupr=0.9719
Epoch 09 | lr=5.00e-05 | train loss=0.0237 acc=0.9947 prec=0.9689 rec=0.9893 f1=0.9790 aupr=0.9982 | val   loss=0.2273 acc=0.9785 prec=0.9303 rec=0.9186 f1=0.9244 aupr=0.9748
  -> saved best model to model_r0_f0.pt
Epoch 10 | lr=5.00e-05 | train loss=0.0183 acc=0.9964 prec=0.9769 rec=0.9942 f1=0.9855 aupr=0.9987 | val   loss=0.2420 acc=0.9788 prec=0.9320 rec=0.9195 f1=0.9257 aupr=0.9745
Epoch 11 | lr=5.00e-05 | train loss=0.0170 acc=0.9960 prec=0.9754 rec=0.9930 f1=0.9841 aupr=0.9991 | val   loss=0.2170 acc=0.9749 prec=0.8960 rec=0.9329 f1=0.9141 aupr=0.9743
Epoch 12 | lr=5.00e-05 | train loss=0.0148 acc=0.9964 prec=0.9778 rec=0.9936 f1=0.9856 aupr=0.9994 | val   loss=0.2311 acc=0.9783 prec=0.9195 rec=0.9302 f1=0.9249 aupr=0.9753
  -> saved best model to model_r0_f0.pt
Epoch 13 | lr=5.00e-05 | train loss=0.0123 acc=0.9974 prec=0.9837 rec=0.9954 f1=0.9895 aupr=0.9995 | val   loss=0.2381 acc=0.9742 prec=0.8949 rec=0.9293 f1=0.9118 aupr=0.9726
Epoch 14 | lr=5.00e-05 | train loss=0.0150 acc=0.9968 prec=0.9796 rec=0.9945 f1=0.9870 aupr=0.9992 | val   loss=0.2598 acc=0.9778 prec=0.9276 rec=0.9168 f1=0.9222 aupr=0.9731
Epoch 15 | lr=5.00e-05 | train loss=0.0111 acc=0.9974 prec=0.9846 rec=0.9945 f1=0.9895 aupr=0.9996 | val   loss=0.2455 acc=0.9768 prec=0.9056 rec=0.9356 f1=0.9204 aupr=0.9720
Epoch 16 | lr=2.50e-05 | train loss=0.0057 acc=0.9987 prec=0.9918 rec=0.9979 f1=0.9948 aupr=0.9999 | val   loss=0.2542 acc=0.9758 prec=0.8920 rec=0.9454 f1=0.9179 aupr=0.9741
  -> early stopping at epoch 16
Best val AUPR: 0.9753
Reloading best checkpoint from model_r0_f0.pt into trained model
[r0 f0] val all-section: aupr=0.9753 auc=0.9924 f1=0.9249 mcc=0.9122

=== repeat 1/1 | fold 2/4 ===
train labels: {np.int64(1): 3315, np.int64(0): 22575}
val   labels: {np.int64(1): 1079, np.int64(0): 7302}
pos_weight: tensor([6.8100], device='cuda:0')
hyperparameters: {'lora_r': 4, 'lora_alpha': 32, 'lora_dropout': 0.1, 'num_heads': 8, 'dropout': 0.1, 'pooling_mode': 'attention', 'batch_size': 16, 'max_epoch': 50, 'weight_fold': 0.5, 'max_weight': 300, 'lr': 0.0001, 'left_window': 300, 'right_window': 200, 'ignore_sec': -1}
Loading backbone: multimolecule/rinalmo-micro
  tokenizer vocab_size=28, len(tokenizer)=28

Loading weights:   0%|          | 0/183 [00:00<?, ?it/s]
Loading weights: 100%|██████████| 183/183 [00:00<00:00, 33309.80it/s]
[transformers] [1mRiNALMoModel LOAD REPORT[0m from: multimolecule/rinalmo-micro
Key                                 | Status     | 
------------------------------------+------------+-
lm_head.transform.dense.weight      | UNEXPECTED | 
lm_head.transform.dense.bias        | UNEXPECTED | 
lm_head.decoder.weight              | UNEXPECTED | 
lm_head.transform.layer_norm.weight | UNEXPECTED | 
lm_head.bias                        | UNEXPECTED | 
lm_head.transform.layer_norm.bias   | UNEXPECTED | 
pooler.dense.bias                   | MISSING    | 
pooler.dense.weight                 | MISSING    | 

Notes:
- UNEXPECTED:	can be ignored when loading from different task/architecture; not ok if you expect identical arch.
- MISSING:	those params were newly initialized because missing from the checkpoint. Consider training on your downstream task.
  base_model vocab_size=28, emb.shape=torch.Size([28, 480])
trainable params: 301,920 || all params: 33,784,332 || trainable%: 0.8937
Total params: 34,708,813  |  Trainable: 1,226,401
Epoch 01 | lr=1.00e-04 | train loss=0.3921 acc=0.9068 prec=0.6105 rec=0.7514 f1=0.6737 aupr=0.7805 | val   loss=0.1570 acc=0.9728 prec=0.8776 rec=0.9166 f1=0.8966 aupr=0.9605
  -> saved best model to model_r0_f1.pt
Epoch 02 | lr=1.00e-04 | train loss=0.1427 acc=0.9713 prec=0.8639 rec=0.9207 f1=0.8914 aupr=0.9630 | val   loss=0.1242 acc=0.9696 prec=0.8285 rec=0.9629 f1=0.8907 aupr=0.9755
  -> saved best model to model_r0_f1.pt
Epoch 03 | lr=1.00e-04 | train loss=0.1045 acc=0.9791 prec=0.8945 rec=0.9487 f1=0.9208 aupr=0.9772 | val   loss=0.1332 acc=0.9709 prec=0.8403 rec=0.9555 f1=0.8942 aupr=0.9744
Epoch 04 | lr=1.00e-04 | train loss=0.0826 acc=0.9835 prec=0.9181 rec=0.9569 f1=0.9371 aupr=0.9839 | val   loss=0.1329 acc=0.9709 prec=0.8392 rec=0.9574 f1=0.8944 aupr=0.9764
  -> saved best model to model_r0_f1.pt
Epoch 05 | lr=1.00e-04 | train loss=0.0693 acc=0.9860 prec=0.9261 rec=0.9680 f1=0.9466 aupr=0.9891 | val   loss=0.1151 acc=0.9813 prec=0.9044 rec=0.9555 f1=0.9292 aupr=0.9806
  -> saved best model to model_r0_f1.pt
Epoch 06 | lr=1.00e-04 | train loss=0.0599 acc=0.9876 prec=0.9362 rec=0.9692 f1=0.9524 aupr=0.9915 | val   loss=0.1382 acc=0.9599 prec=0.7791 rec=0.9611 f1=0.8606 aupr=0.9751
Epoch 07 | lr=1.00e-04 | train loss=0.0472 acc=0.9897 prec=0.9433 rec=0.9783 f1=0.9605 aupr=0.9941 | val   loss=0.1623 acc=0.9637 prec=0.8006 rec=0.9564 f1=0.8716 aupr=0.9701
Epoch 08 | lr=1.00e-04 | train loss=0.0407 acc=0.9915 prec=0.9529 rec=0.9822 f1=0.9673 aupr=0.9955 | val   loss=0.1557 acc=0.9794 prec=0.9037 rec=0.9398 f1=0.9214 aupr=0.9762
Epoch 09 | lr=5.00e-05 | train loss=0.0242 acc=0.9949 prec=0.9716 rec=0.9894 f1=0.9804 aupr=0.9983 | val   loss=0.1484 acc=0.9783 prec=0.8837 rec=0.9574 f1=0.9190 aupr=0.9799
  -> early stopping at epoch 9
Best val AUPR: 0.9806
Reloading best checkpoint from model_r0_f1.pt into trained model
/homes/bangchi/miniconda3/envs/TIScalling/lib/python3.10/site-packages/sklearn/metrics/_classification.py:2466: UserWarning: y_pred contains classes not in y_true
  warnings.warn("y_pred contains classes not in y_true")
[r0 f1] val all-section: aupr=0.9806 auc=0.9944 f1=0.9292 mcc=0.9189

=== repeat 1/1 | fold 3/4 ===
train labels: {np.int64(1): 3287, np.int64(0): 22485}
val   labels: {np.int64(1): 1107, np.int64(0): 7392}
pos_weight: tensor([6.8406], device='cuda:0')
hyperparameters: {'lora_r': 4, 'lora_alpha': 32, 'lora_dropout': 0.1, 'num_heads': 8, 'dropout': 0.1, 'pooling_mode': 'attention', 'batch_size': 16, 'max_epoch': 50, 'weight_fold': 0.5, 'max_weight': 300, 'lr': 0.0001, 'left_window': 300, 'right_window': 200, 'ignore_sec': -1}
Loading backbone: multimolecule/rinalmo-micro
  tokenizer vocab_size=28, len(tokenizer)=28

Loading weights:   0%|          | 0/183 [00:00<?, ?it/s]
Loading weights: 100%|██████████| 183/183 [00:00<00:00, 33180.20it/s]
[transformers] [1mRiNALMoModel LOAD REPORT[0m from: multimolecule/rinalmo-micro
Key                                 | Status     | 
------------------------------------+------------+-
lm_head.transform.dense.weight      | UNEXPECTED | 
lm_head.transform.dense.bias        | UNEXPECTED | 
lm_head.decoder.weight              | UNEXPECTED | 
lm_head.transform.layer_norm.weight | UNEXPECTED | 
lm_head.bias                        | UNEXPECTED | 
lm_head.transform.layer_norm.bias   | UNEXPECTED | 
pooler.dense.bias                   | MISSING    | 
pooler.dense.weight                 | MISSING    | 

Notes:
- UNEXPECTED:	can be ignored when loading from different task/architecture; not ok if you expect identical arch.
- MISSING:	those params were newly initialized because missing from the checkpoint. Consider training on your downstream task.
  base_model vocab_size=28, emb.shape=torch.Size([28, 480])
trainable params: 301,920 || all params: 33,784,332 || trainable%: 0.8937
Total params: 34,708,813  |  Trainable: 1,226,401
Epoch 01 | lr=1.00e-04 | train loss=0.3785 acc=0.9107 prec=0.6231 rec=0.7594 f1=0.6845 aupr=0.7935 | val   loss=0.1400 acc=0.9786 prec=0.9247 rec=0.9097 f1=0.9171 aupr=0.9700
  -> saved best model to model_r0_f2.pt
Epoch 02 | lr=1.00e-04 | train loss=0.1524 acc=0.9722 prec=0.8666 rec=0.9246 f1=0.8946 aupr=0.9584 | val   loss=0.1358 acc=0.9605 prec=0.7800 rec=0.9702 f1=0.8647 aupr=0.9789
  -> saved best model to model_r0_f2.pt
Epoch 03 | lr=1.00e-04 | train loss=0.1110 acc=0.9789 prec=0.8965 rec=0.9431 f1=0.9192 aupr=0.9759 | val   loss=0.1078 acc=0.9772 prec=0.8833 rec=0.9503 f1=0.9156 aupr=0.9793
  -> saved best model to model_r0_f2.pt
Epoch 04 | lr=1.00e-04 | train loss=0.0831 acc=0.9841 prec=0.9181 rec=0.9614 f1=0.9392 aupr=0.9844 | val   loss=0.0961 acc=0.9841 prec=0.9226 rec=0.9584 f1=0.9402 aupr=0.9833
  -> saved best model to model_r0_f2.pt
Epoch 05 | lr=1.00e-04 | train loss=0.0709 acc=0.9863 prec=0.9287 rec=0.9665 f1=0.9472 aupr=0.9876 | val   loss=0.1028 acc=0.9821 prec=0.9178 rec=0.9476 f1=0.9324 aupr=0.9848
  -> saved best model to model_r0_f2.pt
Epoch 06 | lr=1.00e-04 | train loss=0.0617 acc=0.9869 prec=0.9313 rec=0.9690 f1=0.9498 aupr=0.9909 | val   loss=0.1121 acc=0.9821 prec=0.9134 rec=0.9530 f1=0.9328 aupr=0.9823
Epoch 07 | lr=1.00e-04 | train loss=0.0516 acc=0.9893 prec=0.9432 rec=0.9751 f1=0.9589 aupr=0.9931 | val   loss=0.1047 acc=0.9809 prec=0.9014 rec=0.9584 f1=0.9291 aupr=0.9826
Epoch 08 | lr=1.00e-04 | train loss=0.0425 acc=0.9908 prec=0.9483 rec=0.9814 f1=0.9646 aupr=0.9952 | val   loss=0.1358 acc=0.9827 prec=0.9196 rec=0.9503 f1=0.9347 aupr=0.9832
Epoch 09 | lr=5.00e-05 | train loss=0.0284 acc=0.9935 prec=0.9621 rec=0.9881 f1=0.9749 aupr=0.9976 | val   loss=0.1550 acc=0.9785 prec=0.8869 rec=0.9566 f1=0.9205 aupr=0.9824
  -> early stopping at epoch 9
Best val AUPR: 0.9848
Reloading best checkpoint from model_r0_f2.pt into trained model
/homes/bangchi/miniconda3/envs/TIScalling/lib/python3.10/site-packages/sklearn/metrics/_classification.py:395: UserWarning: A single label was found in 'y_true' and 'y_pred'. For the confusion matrix to have the correct shape, use the 'labels' parameter to pass all known labels.
  warnings.warn(
/homes/bangchi/miniconda3/envs/TIScalling/lib/python3.10/site-packages/sklearn/metrics/_classification.py:395: UserWarning: A single label was found in 'y_true' and 'y_pred'. For the confusion matrix to have the correct shape, use the 'labels' parameter to pass all known labels.
  warnings.warn(
[r0 f2] val all-section: aupr=0.9848 auc=0.9962 f1=0.9324 mcc=0.9223

=== repeat 1/1 | fold 4/4 ===
train labels: {np.int64(1): 3304, np.int64(0): 21372}
val   labels: {np.int64(1): 1090, np.int64(0): 8505}
pos_weight: tensor([6.4685], device='cuda:0')
hyperparameters: {'lora_r': 4, 'lora_alpha': 32, 'lora_dropout': 0.1, 'num_heads': 8, 'dropout': 0.1, 'pooling_mode': 'attention', 'batch_size': 16, 'max_epoch': 50, 'weight_fold': 0.5, 'max_weight': 300, 'lr': 0.0001, 'left_window': 300, 'right_window': 200, 'ignore_sec': -1}
Loading backbone: multimolecule/rinalmo-micro
  tokenizer vocab_size=28, len(tokenizer)=28

Loading weights:   0%|          | 0/183 [00:00<?, ?it/s]
Loading weights: 100%|██████████| 183/183 [00:00<00:00, 27057.16it/s]
[transformers] [1mRiNALMoModel LOAD REPORT[0m from: multimolecule/rinalmo-micro
Key                                 | Status     | 
------------------------------------+------------+-
lm_head.transform.dense.weight      | UNEXPECTED | 
lm_head.transform.dense.bias        | UNEXPECTED | 
lm_head.decoder.weight              | UNEXPECTED | 
lm_head.transform.layer_norm.weight | UNEXPECTED | 
lm_head.bias                        | UNEXPECTED | 
lm_head.transform.layer_norm.bias   | UNEXPECTED | 
pooler.dense.bias                   | MISSING    | 
pooler.dense.weight                 | MISSING    | 

Notes:
- UNEXPECTED:	can be ignored when loading from different task/architecture; not ok if you expect identical arch.
- MISSING:	those params were newly initialized because missing from the checkpoint. Consider training on your downstream task.
  base_model vocab_size=28, emb.shape=torch.Size([28, 480])
trainable params: 301,920 || all params: 33,784,332 || trainable%: 0.8937
Total params: 34,708,813  |  Trainable: 1,226,401
Epoch 01 | lr=1.00e-04 | train loss=0.4346 acc=0.8841 prec=0.5510 rec=0.7249 f1=0.6261 aupr=0.7255 | val   loss=0.1728 acc=0.9636 prec=0.8020 rec=0.9028 f1=0.8494 aupr=0.9361
  -> saved best model to model_r0_f3.pt
Epoch 02 | lr=1.00e-04 | train loss=0.1530 acc=0.9705 prec=0.8671 rec=0.9204 f1=0.8930 aupr=0.9593 | val   loss=0.1592 acc=0.9651 prec=0.7920 rec=0.9394 f1=0.8594 aupr=0.9533
  -> saved best model to model_r0_f3.pt
Epoch 03 | lr=1.00e-04 | train loss=0.1091 acc=0.9781 prec=0.8955 rec=0.9467 f1=0.9204 aupr=0.9769 | val   loss=0.1286 acc=0.9749 prec=0.8552 rec=0.9376 f1=0.8945 aupr=0.9627
  -> saved best model to model_r0_f3.pt
Epoch 04 | lr=1.00e-04 | train loss=0.0874 acc=0.9833 prec=0.9218 rec=0.9564 f1=0.9388 aupr=0.9843 | val   loss=0.1670 acc=0.9645 prec=0.7797 rec=0.9578 f1=0.8596 aupr=0.9635
  -> saved best model to model_r0_f3.pt
Epoch 05 | lr=1.00e-04 | train loss=0.0693 acc=0.9859 prec=0.9319 rec=0.9649 f1=0.9481 aupr=0.9890 | val   loss=0.1410 acc=0.9724 prec=0.8292 rec=0.9532 f1=0.8869 aupr=0.9602
Epoch 06 | lr=1.00e-04 | train loss=0.0578 acc=0.9872 prec=0.9351 rec=0.9722 f1=0.9533 aupr=0.9922 | val   loss=0.1593 acc=0.9774 prec=0.8853 rec=0.9202 f1=0.9024 aupr=0.9565
Epoch 07 | lr=1.00e-04 | train loss=0.0492 acc=0.9895 prec=0.9464 rec=0.9770 f1=0.9614 aupr=0.9942 | val   loss=0.1590 acc=0.9733 prec=0.8546 rec=0.9220 f1=0.8870 aupr=0.9565
Epoch 08 | lr=5.00e-05 | train loss=0.0284 acc=0.9936 prec=0.9662 rec=0.9870 f1=0.9765 aupr=0.9979 | val   loss=0.1674 acc=0.9769 prec=0.8709 rec=0.9349 f1=0.9018 aupr=0.9644
  -> saved best model to model_r0_f3.pt
Epoch 09 | lr=5.00e-05 | train loss=0.0244 acc=0.9942 prec=0.9694 rec=0.9882 f1=0.9787 aupr=0.9983 | val   loss=0.1572 acc=0.9736 prec=0.8411 rec=0.9468 f1=0.8908 aupr=0.9648
  -> saved best model to model_r0_f3.pt
Epoch 10 | lr=5.00e-05 | train loss=0.0211 acc=0.9953 prec=0.9758 rec=0.9897 f1=0.9827 aupr=0.9988 | val   loss=0.1759 acc=0.9752 prec=0.8515 rec=0.9468 f1=0.8966 aupr=0.9652
  -> saved best model to model_r0_f3.pt
Epoch 11 | lr=5.00e-05 | train loss=0.0173 acc=0.9964 prec=0.9800 rec=0.9933 f1=0.9866 aupr=0.9991 | val   loss=0.2041 acc=0.9750 prec=0.8542 rec=0.9404 f1=0.8952 aupr=0.9638
Epoch 12 | lr=5.00e-05 | train loss=0.0182 acc=0.9960 prec=0.9762 rec=0.9942 f1=0.9852 aupr=0.9990 | val   loss=0.2026 acc=0.9781 prec=0.8793 rec=0.9358 f1=0.9067 aupr=0.9667
  -> saved best model to model_r0_f3.pt
Epoch 13 | lr=5.00e-05 | train loss=0.0129 acc=0.9971 prec=0.9838 rec=0.9949 f1=0.9893 aupr=0.9995 | val   loss=0.2153 acc=0.9766 prec=0.8693 rec=0.9339 f1=0.9005 aupr=0.9640
Epoch 14 | lr=5.00e-05 | train loss=0.0146 acc=0.9966 prec=0.9812 rec=0.9939 f1=0.9875 aupr=0.9994 | val   loss=0.1916 acc=0.9773 prec=0.8714 rec=0.9385 f1=0.9037 aupr=0.9662
Epoch 15 | lr=5.00e-05 | train loss=0.0125 acc=0.9973 prec=0.9850 rec=0.9949 f1=0.9899 aupr=0.9995 | val   loss=0.1921 acc=0.9754 prec=0.8547 rec=0.9440 f1=0.8971 aupr=0.9669
  -> saved best model to model_r0_f3.pt
Epoch 16 | lr=5.00e-05 | train loss=0.0130 acc=0.9976 prec=0.9871 rec=0.9955 f1=0.9913 aupr=0.9995 | val   loss=0.2181 acc=0.9705 prec=0.8195 rec=0.9495 f1=0.8797 aupr=0.9655
Epoch 17 | lr=5.00e-05 | train loss=0.0118 acc=0.9976 prec=0.9865 rec=0.9961 f1=0.9913 aupr=0.9994 | val   loss=0.2321 acc=0.9810 prec=0.9061 rec=0.9294 f1=0.9176 aupr=0.9665
Epoch 18 | lr=5.00e-05 | train loss=0.0099 acc=0.9977 prec=0.9865 rec=0.9967 f1=0.9916 aupr=0.9997 | val   loss=0.2335 acc=0.9820 prec=0.9134 rec=0.9294 f1=0.9213 aupr=0.9655
Epoch 19 | lr=2.50e-05 | train loss=0.0077 acc=0.9985 prec=0.9919 rec=0.9970 f1=0.9944 aupr=0.9998 | val   loss=0.2116 acc=0.9780 prec=0.8753 rec=0.9404 f1=0.9067 aupr=0.9672
  -> saved best model to model_r0_f3.pt
Epoch 20 | lr=2.50e-05 | train loss=0.0043 acc=0.9989 prec=0.9937 rec=0.9982 f1=0.9959 aupr=1.0000 | val   loss=0.2400 acc=0.9793 prec=0.8831 rec=0.9422 f1=0.9117 aupr=0.9648
Epoch 21 | lr=2.50e-05 | train loss=0.0040 acc=0.9992 prec=0.9955 rec=0.9988 f1=0.9971 aupr=0.9999 | val   loss=0.3101 acc=0.9777 prec=0.8822 rec=0.9275 f1=0.9043 aupr=0.9553
Epoch 22 | lr=2.50e-05 | train loss=0.0056 acc=0.9985 prec=0.9916 rec=0.9970 f1=0.9943 aupr=0.9999 | val   loss=0.2672 acc=0.9767 prec=0.8651 rec=0.9413 f1=0.9016 aupr=0.9592
Epoch 23 | lr=1.25e-05 | train loss=0.0031 acc=0.9995 prec=0.9970 rec=0.9991 f1=0.9980 aupr=1.0000 | val   loss=0.2597 acc=0.9794 prec=0.8812 rec=0.9459 f1=0.9124 aupr=0.9625
  -> early stopping at epoch 23
Best val AUPR: 0.9672
Reloading best checkpoint from model_r0_f3.pt into trained model
/homes/bangchi/miniconda3/envs/TIScalling/lib/python3.10/site-packages/sklearn/metrics/_classification.py:395: UserWarning: A single label was found in 'y_true' and 'y_pred'. For the confusion matrix to have the correct shape, use the 'labels' parameter to pass all known labels.
  warnings.warn(
/homes/bangchi/miniconda3/envs/TIScalling/lib/python3.10/site-packages/sklearn/metrics/_classification.py:395: UserWarning: A single label was found in 'y_true' and 'y_pred'. For the confusion matrix to have the correct shape, use the 'labels' parameter to pass all known labels.
  warnings.warn(
[r0 f3] val all-section: aupr=0.9672 auc=0.9917 f1=0.9067 mcc=0.8950

per-fold detail saved to: cv_results_4fold_1repeat.csv

========== per-fold summary (all-section) ==========
 repeat  fold     aupr      auc       f1      mcc
      0     0 0.975347 0.992353 0.924855 0.912211
      0     1 0.980625 0.994367 0.929247 0.918922
      0     2 0.984761 0.996175 0.932444 0.922298
      0     3 0.967157 0.991686 0.906678 0.894971

========== mean across 4x1 folds ==========
               accuracy  balanced_accuracy  precision    recall  specificity       auc      aupr        f1       mcc       tp           tn          fp         fn        total  balanced_downsample_accuracy_mean  balanced_downsample_accuracy_std  balanced_downsample_balanced_accuracy_mean  balanced_downsample_balanced_accuracy_std  balanced_downsample_precision_mean  balanced_downsample_precision_std  balanced_downsample_recall_mean  balanced_downsample_recall_std  balanced_downsample_specificity_mean  balanced_downsample_specificity_std  balanced_downsample_auc_mean  balanced_downsample_auc_std  balanced_downsample_aupr_mean  balanced_downsample_aupr_std  balanced_downsample_f1_mean  balanced_downsample_f1_std  balanced_downsample_mcc_mean  balanced_downsample_mcc_std  balanced_downsample_tp_mean  balanced_downsample_tp_std  balanced_downsample_tn_mean  balanced_downsample_tn_std  balanced_downsample_fp_mean  balanced_downsample_fp_std  balanced_downsample_fn_mean  balanced_downsample_fn_std  balanced_downsample_total_mean  balanced_downsample_total_std
section                                                                                                                                                                                                                                                                                                                                                                                                                                                                                                                                                                                                                                                                                                                                                                                                                                                                                                                                                                                                                                                                                                     
3UTRATG        0.913919           0.931548   0.466667  0.666667     0.910714  1.000000  1.000000  0.523810  0.530536     1.00    19.666667    1.666667   0.000000    22.333333                           0.968750                          0.054399                                    0.968750                                   0.054399                            0.958333                           0.072532                         1.000000                    0.000000e+00                              0.937500                             0.108799                      1.000000                     0.000000                       1.000000                      0.000000                     0.975000                    0.043519                      0.947169                     0.091967                     1.500000                    0.000000                     1.375000                    0.217597                     0.125000                    0.217597                     0.000000                    0.000000                             3.0                            0.0
3UTRnonATG     0.995017           0.666667   0.000000  0.000000     1.000000  0.573886  0.019692  0.000000  0.000000     0.00   202.666667    0.000000   0.666667   203.333333                           0.500000                          0.000000                                    0.500000                                   0.000000                            0.000000                           0.000000                         0.000000                    0.000000e+00                              1.000000                             0.000000                      0.545000                     0.367979                       0.772500                      0.183990                     0.000000                    0.000000                      0.000000                     0.000000                     0.000000                    0.000000                     1.000000                    0.000000                     0.000000                    0.000000                     1.000000                    0.000000                             2.0                            0.0
5UTRATG        0.887902           0.894035   0.816251  0.966942     0.821127  0.971092  0.963271  0.884860  0.787197   209.25   215.750000   47.750000   7.250000   480.000000                           0.893637                          0.004944                                    0.893637                                   0.004944                            0.843720                           0.006725                         0.966988                    8.035292e-04                              0.820287                             0.009085                      0.970914                     0.002221                       0.969889                      0.002775                     0.900980                    0.004179                      0.796274                     0.009046                   203.342500                    0.153474                   172.577500                    1.976374                    37.922500                    1.976374                     7.157500                    0.153474                           421.0                            0.0
5UTRnonATG     0.988936           0.826928   0.625498  0.659804     0.994052  0.975628  0.702286  0.640082  0.635798    60.75  6092.500000   36.750000  31.750000  6221.750000                           0.826960                          0.003821                                    0.826960                                   0.003821                            0.991258                           0.011248                         0.659804                    1.115816e-16                              0.994116                             0.007641                      0.975789                     0.005293                       0.979297                      0.006578                     0.790949                    0.003609                      0.694328                     0.010031                    60.750000                    0.000000                    91.960000                    0.700967                     0.540000                    0.700967                    31.750000                    0.000000                           185.0                            0.0
Annotated      0.997400           0.780691   0.998506  0.998882     0.312500  0.983676  0.999902  0.998693  0.310957   671.25     1.250000    1.000000   0.750000   674.250000                           0.707917                          0.004167                                    0.707917                                   0.004167                            0.655333                           0.002222                         0.999167                    8.333333e-03                              0.416667                             0.000000                      0.986667                     0.019201                       0.988778                      0.016273                     0.784741                    0.004444                      0.449585                     0.010638                     2.996667                    0.033333                     1.666667                    0.000000                     1.333333                    0.000000                     0.003333                    0.033333                             6.0                            0.0
CDSATG         0.898107           0.882186   0.858064  0.960938     0.803435  0.971851  0.969544  0.906290  0.781137    88.25    71.500000   14.500000   3.500000   177.750000                           0.882086                          0.008633                                    0.882086                                   0.008633                            0.834095                           0.008861                         0.960393                    8.309019e-03                              0.803780                             0.008958                      0.971627                     0.005679                       0.972321                      0.006305                     0.891788                    0.008222                      0.775402                     0.018370                    66.345000                    0.406460                    56.792500                    0.765545                    12.457500                    0.765545                     2.905000                    0.406460                           138.5                            0.0
CDSnonATG      0.967230           0.621552   0.477696  0.252773     0.990332  0.796379  0.337139  0.319260  0.326366     6.00   811.500000    8.750000  18.500000   844.750000                           0.620879                          0.009667                                    0.620879                                   0.009667                            0.960594                           0.065768                         0.252773                    2.789540e-17                              0.988985                             0.019334                      0.796429                     0.040177                       0.822941                      0.037334                     0.396121                    0.005779                      0.356140                     0.037787                     6.000000                    0.000000                    24.217500                    0.481746                     0.282500                    0.481746                    18.500000                    0.000000                            49.0                            0.0
all            0.979929           0.964410   0.904252  0.943430     0.985391  0.993645  0.976972  0.923306  0.912101  1036.25  7359.250000  110.000000  62.250000  8567.750000                           0.964477                          0.001652                                    0.964477                                   0.001652                            0.984902                           0.003390                         0.943430                    1.394770e-16                              0.985524                             0.003304                      0.993666                     0.000465                       0.994614                      0.000536                     0.963693                    0.001625                      0.929823                     0.003432                  1036.250000                    0.000000                  1082.615000                    3.623447                    15.885000                    3.623447                    62.250000                    0.000000                          2197.0                            0.0
non-annotated  0.978425           0.920944   0.771324  0.856371     0.985517  0.984105  0.894910  0.811045  0.801187   365.00  7358.000000  109.000000  61.500000  7893.500000                           0.920963                          0.002687                                    0.920963                                   0.002687                            0.983451                           0.006059                         0.856371                    1.952678e-16                              0.985555                             0.005374                      0.984101                     0.001698                       0.986015                      0.002046                     0.915399                    0.002626                      0.849180                     0.006014                   365.000000                    0.000000                   420.352500                    2.286597                     6.147500                    2.286597                    61.500000                    0.000000                           853.0                            0.0

========== std across 4x1 folds ==========
               accuracy  balanced_accuracy  precision    recall  specificity       auc      aupr        f1       mcc         tp          tn         fp         fn       total  balanced_downsample_accuracy_mean  balanced_downsample_accuracy_std  balanced_downsample_balanced_accuracy_mean  balanced_downsample_balanced_accuracy_std  balanced_downsample_precision_mean  balanced_downsample_precision_std  balanced_downsample_recall_mean  balanced_downsample_recall_std  balanced_downsample_specificity_mean  balanced_downsample_specificity_std  balanced_downsample_auc_mean  balanced_downsample_auc_std  balanced_downsample_aupr_mean  balanced_downsample_aupr_std  balanced_downsample_f1_mean  balanced_downsample_f1_std  balanced_downsample_mcc_mean  balanced_downsample_mcc_std  balanced_downsample_tp_mean  balanced_downsample_tp_std  balanced_downsample_tn_mean  balanced_downsample_tn_std  balanced_downsample_fp_mean  balanced_downsample_fp_std  balanced_downsample_fn_mean  balanced_downsample_fn_std  balanced_downsample_total_mean  balanced_downsample_total_std
section                                                                                                                                                                                                                                                                                                                                                                                                                                                                                                                                                                                                                                                                                                                                                                                                                                                                                                                                                                                                                                                                                                    
3UTRATG        0.075803           0.071614   0.503322  0.577350     0.077837  0.000000  0.000000  0.501698  0.502790   1.000000    7.094599   1.527525   0.000000    7.234178                           0.044194                          0.076932                                    0.044194                                   0.076932                            0.058926                           0.102576                         0.000000                    0.000000e+00                              0.088388                             0.153864                      0.000000                     0.000000                       0.000000                      0.000000                     0.035355                    0.061546                      0.074715                     0.130061                     0.707107                    0.000000                     0.530330                    0.307729                     0.176777                    0.307729                     0.000000                    0.000000                        1.414214                            0.0
3UTRnonATG     0.005809           0.288675   0.000000  0.000000     0.000000  0.388958  0.005039  0.000000  0.000000   0.000000  101.687430   0.000000   0.577350  101.490558                           0.000000                          0.000000                                    0.000000                                   0.000000                            0.000000                           0.000000                         0.000000                    0.000000e+00                              0.000000                             0.000000                      0.473762                     0.058521                       0.236881                      0.029261                     0.000000                    0.000000                      0.000000                     0.000000                     0.000000                    0.000000                     0.000000                    0.000000                     0.000000                    0.000000                     0.000000                    0.000000                        0.000000                            0.0
5UTRATG        0.030191           0.023735   0.053152  0.025969     0.032091  0.014436  0.023637  0.040169  0.056843   3.403430   47.253748  16.070159   5.909033   64.843401                           0.024238                          0.002494                                    0.024238                                   0.002494                            0.025837                           0.004529                         0.026014                    1.607058e-03                              0.033796                             0.006463                      0.014568                     0.001351                       0.014691                      0.002014                     0.022293                    0.001917                      0.047682                     0.004191                    10.385369                    0.306948                    12.145206                    1.422514                     8.077295                    1.422514                     5.999935                    0.306948                       28.401878                            0.0
5UTRnonATG     0.001480           0.031479   0.049389  0.063070     0.000569  0.004255  0.026024  0.035581  0.036682   4.349329  688.641900   7.410578   7.932003  694.037643                           0.031402                          0.000603                                    0.031402                                   0.000603                            0.001426                           0.001508                         0.063070                    1.578002e-16                              0.001005                             0.001205                      0.004613                     0.000753                       0.003846                      0.000851                     0.045530                    0.000602                      0.050230                     0.001365                     4.349329                    0.000000                     8.194994                    0.068737                     0.067823                    0.068737                     7.932003                    0.000000                       16.370706                            0.0
Annotated      0.002243           0.213301   0.001245  0.001415     0.375000  0.023213  0.000155  0.001129  0.361086  14.103782    1.500000   0.816497   0.957427   13.549293                           0.190806                          0.007217                                    0.190806                                   0.007217                            0.150284                           0.003849                         0.001443                    1.443376e-02                              0.381881                             0.000000                      0.022020                     0.023287                       0.018720                      0.021379                     0.111764                    0.007698                      0.402043                     0.018426                     1.729171                    0.057735                     1.527525                    0.000000                     0.577350                    0.000000                     0.005774                    0.057735                        3.464102                            0.0
CDSATG         0.040029           0.047978   0.051220  0.019810     0.090057  0.008766  0.025752  0.036544  0.073416  12.945398   42.178193   5.507571   1.732051   37.500000                           0.048248                          0.002535                                    0.048248                                   0.002535                            0.066156                           0.007374                         0.017713                    1.022074e-02                              0.090436                             0.010941                      0.007895                     0.002665                       0.011656                      0.004109                     0.040797                    0.002332                      0.087935                     0.005908                    23.707424                    0.479818                    24.012290                    0.965168                     5.752833                    0.965168                     1.693704                    0.479818                       49.889879                            0.0
CDSnonATG      0.007039           0.036686   0.215581  0.072933     0.005397  0.028009  0.093560  0.094764  0.110565   1.154701  268.524983   6.946222   5.066228  276.099469                           0.037405                          0.004280                                    0.037405                                   0.004280                            0.032679                           0.031956                         0.072933                    3.945006e-17                              0.008915                             0.008560                      0.033473                     0.000867                       0.034346                      0.003674                     0.094819                    0.002948                      0.072497                     0.016235                     1.154701                    0.000000                     4.210933                    0.236320                     0.235142                    0.236320                     5.066228                    0.000000                        8.717798                            0.0
all            0.002069           0.005447   0.020439  0.010755     0.001931  0.002035  0.007594  0.011514  0.012165  10.500000  736.491853  25.258662  12.606215  750.653660                           0.005401                          0.000238                                    0.005401                                   0.000238                            0.002020                           0.000459                         0.010755                    1.404038e-16                              0.001971                             0.000476                      0.002026                     0.000121                       0.001730                      0.000258                     0.005713                    0.000231                      0.010400                     0.000475                    10.500000                    0.000000                    18.637519                    0.472652                     2.004270                    0.472652                    12.606215                    0.000000                       34.737108                            0.0
non-annotated  0.002032           0.011058   0.039043  0.022137     0.001848  0.004812  0.028689  0.022018  0.021845  16.020820  736.636953  24.576411  11.704700  761.570526                           0.010965                          0.000293                                    0.010965                                   0.000293                            0.002094                           0.000715                         0.022137                    1.404038e-16                              0.001882                             0.000586                      0.004862                     0.000277                       0.004266                      0.000487                     0.012793                    0.000283                      0.019571                     0.000691                    16.020820                    0.000000                    23.098680                    0.217839                     0.752125                    0.217839                    11.704700                    0.000000                       46.202453                            0.0
