[transformers] The `check_model_inputs` decorator is deprecated in favor of `merge_with_config_defaults`.
DEVICE: cuda:0
Loading tokenizer: multimolecule/rinalmo-micro
pad token id = 0
run at: 20260522_103016
(24887, 6)
labels: {1: 370, 0: 24517}
train labels: {np.int64(1): 257, np.int64(0): 17579}
val labels: {np.int64(1): 45, np.int64(0): 2007}
test labels: {np.int64(1): 68, np.int64(0): 4931}
train sections: {np.int64(1): 17836}
section_ratio: {np.int64(1): 1.0}
section_neg_pos_ratio: {1: 68.40077821011673}
hyperparameters: {'lora_r': 4, 'lora_alpha': 32, 'lora_dropout': 0.1, 'num_heads': 8, 'dropout': 0.1, 'pooling_mode': 'attention', 'batch_size': 16, 'max_epoch': 50, 'section_scaling': 0, 'section_label_scaling': 1, 'section_pos_weight_fold': {'1': 2}, 'max_weight': 300, 'lr': 0.0001, 'left_window': 411, 'right_window': 101, 'ignore_sec': 0}
Loading backbone: multimolecule/rinalmo-micro

Loading weights:   0%|          | 0/183 [00:00<?, ?it/s]
Loading weights: 100%|██████████| 183/183 [00:00<00:00, 13396.82it/s]
[transformers] [1mRiNALMoModel LOAD REPORT[0m from: multimolecule/rinalmo-micro
Key                                 | Status     | 
------------------------------------+------------+-
lm_head.transform.layer_norm.bias   | UNEXPECTED | 
lm_head.bias                        | UNEXPECTED | 
lm_head.transform.layer_norm.weight | UNEXPECTED | 
lm_head.transform.dense.weight      | UNEXPECTED | 
lm_head.transform.dense.bias        | UNEXPECTED | 
pooler.dense.bias                   | MISSING    | 
pooler.dense.weight                 | MISSING    | 

Notes:
- UNEXPECTED:	can be ignored when loading from different task/architecture; not ok if you expect identical arch.
- MISSING:	those params were newly initialized because missing from the checkpoint. Consider training on your downstream task.
trainable params: 301,920 || all params: 33,783,372 || trainable%: 0.8937
Total params: 34,707,853  |  Trainable: 1,226,401
Epoch 01 | lr=1.00e-04 | train loss=1.5621 acc=0.5164 prec=0.0253 rec=0.8677 f1=0.0492 | aupr=0.0631 | val   loss=0.5852 acc=0.7159 prec=0.0517 rec=0.6889 f1=0.0961 aupr=0.1190
  -> saved best model to model.pt
Epoch 02 | lr=1.00e-04 | train loss=1.2927 acc=0.6614 prec=0.0362 rec=0.8794 f1=0.0696 | aupr=0.0971 | val   loss=1.4056 acc=0.3689 prec=0.0308 rec=0.9111 f1=0.0595 aupr=0.1238
  -> saved best model to model.pt
Epoch 03 | lr=1.00e-04 | train loss=1.0678 acc=0.7242 prec=0.0458 rec=0.9144 f1=0.0872 | aupr=0.1312 | val   loss=0.4654 acc=0.7831 prec=0.0614 rec=0.6222 f1=0.1118 aupr=0.1166
Epoch 04 | lr=1.00e-04 | train loss=0.9045 acc=0.7851 prec=0.0590 rec=0.9300 f1=0.1109 | aupr=0.2026 | val   loss=0.5323 acc=0.7695 prec=0.0597 rec=0.6444 f1=0.1092 aupr=0.1464
  -> saved best model to model.pt
Epoch 05 | lr=1.00e-04 | train loss=0.6563 acc=0.8446 prec=0.0821 rec=0.9611 f1=0.1513 | aupr=0.2305 | val   loss=0.4312 acc=0.8021 prec=0.0692 rec=0.6444 f1=0.1250 aupr=0.1618
  -> saved best model to model.pt
Epoch 06 | lr=1.00e-04 | train loss=0.5438 acc=0.8652 prec=0.0941 rec=0.9689 f1=0.1716 | aupr=0.3245 | val   loss=0.5118 acc=0.7749 prec=0.0611 rec=0.6444 f1=0.1115 aupr=0.1237
Epoch 07 | lr=1.00e-04 | train loss=0.4659 acc=0.8843 prec=0.1084 rec=0.9728 f1=0.1951 | aupr=0.3721 | val   loss=0.3153 acc=0.8791 prec=0.0823 rec=0.4444 f1=0.1389 aupr=0.1337
Epoch 08 | lr=1.00e-04 | train loss=0.3877 acc=0.9062 prec=0.1316 rec=0.9844 f1=0.2322 | aupr=0.4477 | val   loss=0.6244 acc=0.8129 prec=0.0643 rec=0.5556 f1=0.1152 aupr=0.1258
Epoch 09 | lr=1.00e-04 | train loss=0.3415 acc=0.9220 prec=0.1538 rec=0.9805 f1=0.2660 | aupr=0.5387 | val   loss=0.4045 acc=0.8514 prec=0.0806 rec=0.5556 f1=0.1408 aupr=0.1412
Epoch 10 | lr=5.00e-05 | train loss=0.2340 acc=0.9469 prec=0.2111 rec=0.9805 f1=0.3473 | aupr=0.6613 | val   loss=0.5480 acc=0.8480 prec=0.0789 rec=0.5556 f1=0.1381 aupr=0.1516
  -> early stopping at epoch 10
Best val AUPR: 0.1618
Loading backbone: multimolecule/rinalmo-micro

Loading weights:   0%|          | 0/183 [00:00<?, ?it/s]
Loading weights: 100%|██████████| 183/183 [00:00<00:00, 32943.80it/s]
[transformers] [1mRiNALMoModel LOAD REPORT[0m from: multimolecule/rinalmo-micro
Key                                 | Status     | 
------------------------------------+------------+-
lm_head.transform.layer_norm.bias   | UNEXPECTED | 
lm_head.bias                        | UNEXPECTED | 
lm_head.transform.layer_norm.weight | UNEXPECTED | 
lm_head.transform.dense.weight      | UNEXPECTED | 
lm_head.transform.dense.bias        | UNEXPECTED | 
pooler.dense.bias                   | MISSING    | 
pooler.dense.weight                 | MISSING    | 

Notes:
- UNEXPECTED:	can be ignored when loading from different task/architecture; not ok if you expect identical arch.
- MISSING:	those params were newly initialized because missing from the checkpoint. Consider training on your downstream task.
trainable params: 301,920 || all params: 33,783,372 || trainable%: 0.8937
Total params: 34,707,853  |  Trainable: 1,226,401
/nas/cluster_data/homes/bangchi/TISCalling/model/rinalmo_dora_20260522-01-5UtrNonAtg-addposweight/main.py:645: FutureWarning: You are using `torch.load` with `weights_only=False` (the current default value), which uses the default pickle module implicitly. It is possible to construct malicious pickle data which will execute arbitrary code during unpickling (See https://github.com/pytorch/pytorch/blob/main/SECURITY.md#untrusted-models for more details). In a future release, the default value for `weights_only` will be flipped to `True`. This limits the functions that could be executed during unpickling. Arbitrary objects will no longer be allowed to be loaded via this mode unless they are explicitly allowlisted by the user via `torch.serialization.add_safe_globals`. We recommend you start setting `weights_only=True` for any use case where you don't have full control of the loaded file. Please open an issue on GitHub for any issues related to this experimental feature.
  sd    = torch.load(path, map_location=device)
========== val set: all sites ==========
         section  accuracy  balanced_accuracy  precision    recall  specificity       auc      aupr     f1       mcc  tp    tn   fp  fn  total  balanced_downsample_accuracy_mean  balanced_downsample_accuracy_std  balanced_downsample_balanced_accuracy_mean  balanced_downsample_balanced_accuracy_std  balanced_downsample_precision_mean  balanced_downsample_precision_std  balanced_downsample_recall_mean  balanced_downsample_recall_std  balanced_downsample_specificity_mean  balanced_downsample_specificity_std  balanced_downsample_auc_mean  balanced_downsample_auc_std  balanced_downsample_aupr_mean  balanced_downsample_aupr_std  balanced_downsample_f1_mean  balanced_downsample_f1_std  balanced_downsample_mcc_mean  balanced_downsample_mcc_std  balanced_downsample_tp_mean  balanced_downsample_tp_std  balanced_downsample_tn_mean  balanced_downsample_tn_std  balanced_downsample_fp_mean  balanced_downsample_fp_std  balanced_downsample_fn_mean  balanced_downsample_fn_std  balanced_downsample_total_mean  balanced_downsample_total_std
2     5UTRnonATG  0.802144           0.725062   0.069212  0.644444      0.80568  0.835642  0.161775  0.125  0.163536  29  1617  390  16   2052                           0.726778                          0.027221                                    0.726778                                   0.027221                            0.774667                           0.049535                         0.644444                    1.115816e-16                              0.809111                             0.054442                      0.839946                     0.031539                       0.828372                      0.037127                     0.702869                    0.020618                       0.46105                     0.059185                         29.0                         0.0                        36.41                    2.449881                         8.59                    2.449881                         16.0                         0.0                            90.0                            0.0
0            all  0.802144           0.725062   0.069212  0.644444      0.80568  0.835642  0.161775  0.125  0.163536  29  1617  390  16   2052                           0.726778                          0.027221                                    0.726778                                   0.027221                            0.774667                           0.049535                         0.644444                    1.115816e-16                              0.809111                             0.054442                      0.839946                     0.031539                       0.828372                      0.037127                     0.702869                    0.020618                       0.46105                     0.059185                         29.0                         0.0                        36.41                    2.449881                         8.59                    2.449881                         16.0                         0.0                            90.0                            0.0
1  non-annotated  0.802144           0.725062   0.069212  0.644444      0.80568  0.835642  0.161775  0.125  0.163536  29  1617  390  16   2052                           0.726778                          0.027221                                    0.726778                                   0.027221                            0.774667                           0.049535                         0.644444                    1.115816e-16                              0.809111                             0.054442                      0.839946                     0.031539                       0.828372                      0.037127                     0.702869                    0.020618                       0.46105                     0.059185                         29.0                         0.0                        36.41                    2.449881                         8.59                    2.449881                         16.0                         0.0                            90.0                            0.0
sect_best_cut: {'5UTRnonATG': np.float32(0.35474885)}
--- cutoff adj ---
         section  accuracy  balanced_accuracy  precision    recall  specificity       auc      aupr        f1       mcc  tp    tn   fp  fn  total  balanced_downsample_accuracy_mean  balanced_downsample_accuracy_std  balanced_downsample_balanced_accuracy_mean  balanced_downsample_balanced_accuracy_std  balanced_downsample_precision_mean  balanced_downsample_precision_std  balanced_downsample_recall_mean  balanced_downsample_recall_std  balanced_downsample_specificity_mean  balanced_downsample_specificity_std  balanced_downsample_auc_mean  balanced_downsample_auc_std  balanced_downsample_aupr_mean  balanced_downsample_aupr_std  balanced_downsample_f1_mean  balanced_downsample_f1_std  balanced_downsample_mcc_mean  balanced_downsample_mcc_std  balanced_downsample_tp_mean  balanced_downsample_tp_std  balanced_downsample_tn_mean  balanced_downsample_tn_std  balanced_downsample_fp_mean  balanced_downsample_fp_std  balanced_downsample_fn_mean  balanced_downsample_fn_std  balanced_downsample_total_mean  balanced_downsample_total_std
2     5UTRnonATG  0.753411           0.765321   0.065913  0.777778     0.752865  0.835642  0.161775  0.121528  0.177448  35  1511  496  10   2052                           0.769111                          0.029780                                    0.769111                                   0.029780                            0.767113                           0.044739                         0.777778                    2.231632e-16                              0.760444                             0.059560                      0.839946                     0.031539                       0.828372                      0.037127                     0.771758                    0.022702                      0.539175                     0.059103                         35.0                         0.0                        34.22                    2.680193                        10.78                    2.680193                         10.0                         0.0                            90.0                            0.0
0            all  0.802144           0.725062   0.069212  0.644444     0.805680  0.835642  0.161775  0.125000  0.163536  29  1617  390  16   2052                           0.726778                          0.027221                                    0.726778                                   0.027221                            0.774667                           0.049535                         0.644444                    1.115816e-16                              0.809111                             0.054442                      0.839946                     0.031539                       0.828372                      0.037127                     0.702869                    0.020618                      0.461050                     0.059185                         29.0                         0.0                        36.41                    2.449881                         8.59                    2.449881                         16.0                         0.0                            90.0                            0.0
1  non-annotated  0.802144           0.725062   0.069212  0.644444     0.805680  0.835642  0.161775  0.125000  0.163536  29  1617  390  16   2052                           0.726778                          0.027221                                    0.726778                                   0.027221                            0.774667                           0.049535                         0.644444                    1.115816e-16                              0.809111                             0.054442                      0.839946                     0.031539                       0.828372                      0.037127                     0.702869                    0.020618                      0.461050                     0.059185                         29.0                         0.0                        36.41                    2.449881                         8.59                    2.449881                         16.0                         0.0                            90.0                            0.0
========== test set: all sites ==========
{'accuracy': 0.8411682336467293,
 'auc': np.float64(0.8726991303517959),
 'aupr': np.float64(0.1049374553636644),
 'f1': np.float64(0.10786516853932585),
 'fn': np.int64(20),
 'fp': np.int64(774),
 'mcc': np.float64(0.1715378156331322),
 'precision': np.float64(0.058394160583941604),
 'recall': np.float64(0.7058823529411765),
 'specificity': np.float64(0.8430338673697019),
 'tn': np.int64(4157),
 'total': np.int64(4999),
 'tp': np.int64(48)}
         section  accuracy  balanced_accuracy  precision    recall  specificity       auc      aupr        f1       mcc  tp    tn   fp  fn  total  balanced_downsample_accuracy_mean  balanced_downsample_accuracy_std  balanced_downsample_balanced_accuracy_mean  balanced_downsample_balanced_accuracy_std  balanced_downsample_precision_mean  balanced_downsample_precision_std  balanced_downsample_recall_mean  balanced_downsample_recall_std  balanced_downsample_specificity_mean  balanced_downsample_specificity_std  balanced_downsample_auc_mean  balanced_downsample_auc_std  balanced_downsample_aupr_mean  balanced_downsample_aupr_std  balanced_downsample_f1_mean  balanced_downsample_f1_std  balanced_downsample_mcc_mean  balanced_downsample_mcc_std  balanced_downsample_tp_mean  balanced_downsample_tp_std  balanced_downsample_tn_mean  balanced_downsample_tn_std  balanced_downsample_fp_mean  balanced_downsample_fp_std  balanced_downsample_fn_mean  balanced_downsample_fn_std  balanced_downsample_total_mean  balanced_downsample_total_std
2     5UTRnonATG  0.841168           0.774458   0.058394  0.705882     0.843034  0.872699  0.104937  0.107865  0.171538  48  4157  774  20   4999                           0.777721                          0.020582                                    0.777721                                   0.020582                            0.826179                           0.039192                         0.705882                    1.115816e-16                              0.849559                             0.041165                      0.876557                     0.024031                       0.859147                      0.033247                     0.760884                    0.016749                       0.56201                     0.044821                         48.0                         0.0                        57.77                    2.799188                        10.23                    2.799188                         20.0                         0.0                           136.0                            0.0
0            all  0.841168           0.774458   0.058394  0.705882     0.843034  0.872699  0.104937  0.107865  0.171538  48  4157  774  20   4999                           0.777721                          0.020582                                    0.777721                                   0.020582                            0.826179                           0.039192                         0.705882                    1.115816e-16                              0.849559                             0.041165                      0.876557                     0.024031                       0.859147                      0.033247                     0.760884                    0.016749                       0.56201                     0.044821                         48.0                         0.0                        57.77                    2.799188                        10.23                    2.799188                         20.0                         0.0                           136.0                            0.0
1  non-annotated  0.841168           0.774458   0.058394  0.705882     0.843034  0.872699  0.104937  0.107865  0.171538  48  4157  774  20   4999                           0.777721                          0.020582                                    0.777721                                   0.020582                            0.826179                           0.039192                         0.705882                    1.115816e-16                              0.849559                             0.041165                      0.876557                     0.024031                       0.859147                      0.033247                     0.760884                    0.016749                       0.56201                     0.044821                         48.0                         0.0                        57.77                    2.799188                        10.23                    2.799188                         20.0                         0.0                           136.0                            0.0
--- cutoff adj ---
         section  accuracy  balanced_accuracy  precision    recall  specificity       auc      aupr        f1       mcc  tp    tn    fp  fn  total  balanced_downsample_accuracy_mean  balanced_downsample_accuracy_std  balanced_downsample_balanced_accuracy_mean  balanced_downsample_balanced_accuracy_std  balanced_downsample_precision_mean  balanced_downsample_precision_std  balanced_downsample_recall_mean  balanced_downsample_recall_std  balanced_downsample_specificity_mean  balanced_downsample_specificity_std  balanced_downsample_auc_mean  balanced_downsample_auc_std  balanced_downsample_aupr_mean  balanced_downsample_aupr_std  balanced_downsample_f1_mean  balanced_downsample_f1_std  balanced_downsample_mcc_mean  balanced_downsample_mcc_std  balanced_downsample_tp_mean  balanced_downsample_tp_std  balanced_downsample_tn_mean  balanced_downsample_tn_std  balanced_downsample_fp_mean  balanced_downsample_fp_std  balanced_downsample_fn_mean  balanced_downsample_fn_std  balanced_downsample_total_mean  balanced_downsample_total_std
2     5UTRnonATG  0.782557           0.773754   0.046305  0.764706     0.782803  0.872699  0.104937  0.087322  0.151961  52  3860  1071  16   4999                           0.776324                          0.023209                                    0.776324                                   0.023209                            0.784655                           0.037429                         0.764706                    0.000000e+00                              0.787941                             0.046419                      0.876557                     0.024031                       0.859147                      0.033247                     0.774117                    0.018187                      0.553438                     0.047147                         52.0                         0.0                        53.58                    3.156459                        14.42                    3.156459                         16.0                         0.0                           136.0                            0.0
0            all  0.841168           0.774458   0.058394  0.705882     0.843034  0.872699  0.104937  0.107865  0.171538  48  4157   774  20   4999                           0.777721                          0.020582                                    0.777721                                   0.020582                            0.826179                           0.039192                         0.705882                    1.115816e-16                              0.849559                             0.041165                      0.876557                     0.024031                       0.859147                      0.033247                     0.760884                    0.016749                      0.562010                     0.044821                         48.0                         0.0                        57.77                    2.799188                        10.23                    2.799188                         20.0                         0.0                           136.0                            0.0
1  non-annotated  0.841168           0.774458   0.058394  0.705882     0.843034  0.872699  0.104937  0.107865  0.171538  48  4157   774  20   4999                           0.777721                          0.020582                                    0.777721                                   0.020582                            0.826179                           0.039192                         0.705882                    1.115816e-16                              0.849559                             0.041165                      0.876557                     0.024031                       0.859147                      0.033247                     0.760884                    0.016749                      0.562010                     0.044821                         48.0                         0.0                        57.77                    2.799188                        10.23                    2.799188                         20.0                         0.0                           136.0                            0.0
