[transformers] The `check_model_inputs` decorator is deprecated in favor of `merge_with_config_defaults`.
DEVICE: cuda:0
Loading tokenizer: multimolecule/rinalmo-giga
pad token id = 0
device : cuda:0
captum : OK
Loading backbone: multimolecule/rinalmo-giga
Loading weights:   0%|          | 0/498 [00:00<?, ?it/s]Loading weights: 100%|██████████| 498/498 [00:00<00:00, 33025.49it/s]
[transformers] [1mRiNALMoModel LOAD REPORT[0m from: multimolecule/rinalmo-giga
Key                                 | Status     | 
------------------------------------+------------+-
lm_head.transform.dense.bias        | UNEXPECTED | 
lm_head.bias                        | UNEXPECTED | 
lm_head.decoder.weight              | UNEXPECTED | 
lm_head.transform.layer_norm.bias   | UNEXPECTED | 
lm_head.transform.layer_norm.weight | UNEXPECTED | 
lm_head.transform.dense.weight      | UNEXPECTED | 
pooler.dense.weight                 | MISSING    | 
pooler.dense.bias                   | MISSING    | 

Notes:
- UNEXPECTED:	can be ignored when loading from different task/architecture; not ok if you expect identical arch.
- MISSING:	those params were newly initialized because missing from the checkpoint. Consider training on your downstream task.
trainable params: 2,193,876 || all params: 653,072,607 || trainable%: 0.3359
Total params: 659,633,888  |  Trainable: 8,755,157
/nas/cluster_data/homes/bangchi/TISCalling/model/rinalmo_dora_20260608-02-explanation-ig-1k/main.py:649: FutureWarning: You are using `torch.load` with `weights_only=False` (the current default value), which uses the default pickle module implicitly. It is possible to construct malicious pickle data which will execute arbitrary code during unpickling (See https://github.com/pytorch/pytorch/blob/main/SECURITY.md#untrusted-models for more details). In a future release, the default value for `weights_only` will be flipped to `True`. This limits the functions that could be executed during unpickling. Arbitrary objects will no longer be allowed to be loaded via this mode unless they are explicitly allowlisted by the user via `torch.serialization.add_safe_globals`. We recommend you start setting `weights_only=True` for any use case where you don't have full control of the loaded file. Please open an issue on GitHub for any issues related to this experimental feature.
  sd    = torch.load(path, map_location=device)
[load_model] backbone vocab mismatch (current=28, checkpoint=26); resizing to 26
1 -------------------------------
logit: 2.958390235900879
baseline_logit: -0.7299447655677795
score_diff: 3.6883349418640137
delta: -4.504919052124023
relative_delta: 1.2213964462280273
saved → ig_data_201_baseline/df_test_lig_results.jsonl
2 -------------------------------
logit: 0.31220322847366333
baseline_logit: -1.9912785291671753
score_diff: 2.3034818172454834
delta: 3.5068199634552
relative_delta: 1.522399663925171
saved → ig_data_201_baseline/df_test_lig_results.jsonl
3 -------------------------------
logit: 0.1756497323513031
baseline_logit: -2.651374101638794
score_diff: 2.82702374458313
delta: -2.852252721786499
relative_delta: 1.0089242458343506
saved → ig_data_201_baseline/df_test_lig_results.jsonl
4 -------------------------------
logit: 6.630891799926758
baseline_logit: 0.9551869034767151
score_diff: 5.6757049560546875
delta: 10.73806381225586
relative_delta: 1.891934871673584
saved → ig_data_201_baseline/df_test_lig_results.jsonl
5 -------------------------------
slurmstepd: error: *** JOB 528915 ON haydn CANCELLED AT 2026-06-09T15:24:57 ***
