[transformers] The `check_model_inputs` decorator is deprecated in favor of `merge_with_config_defaults`.
DEVICE: cuda:1
Loading tokenizer: multimolecule/rinalmo-giga
pad token id = 0
device : cuda:1
captum : OK
Loading backbone: multimolecule/rinalmo-giga
  tokenizer vocab_size=28, len(tokenizer)=28
Loading weights:   0%|          | 0/498 [00:00<?, ?it/s]Loading weights: 100%|██████████| 498/498 [00:00<00:00, 34246.51it/s]
[transformers] [1mRiNALMoModel LOAD REPORT[0m from: multimolecule/rinalmo-giga
Key                                 | Status     | 
------------------------------------+------------+-
lm_head.decoder.weight              | UNEXPECTED | 
lm_head.transform.layer_norm.weight | UNEXPECTED | 
lm_head.transform.layer_norm.bias   | UNEXPECTED | 
lm_head.transform.dense.weight      | UNEXPECTED | 
lm_head.transform.dense.bias        | UNEXPECTED | 
lm_head.bias                        | UNEXPECTED | 
pooler.dense.weight                 | MISSING    | 
pooler.dense.bias                   | MISSING    | 

Notes:
- UNEXPECTED:	can be ignored when loading from different task/architecture; not ok if you expect identical arch.
- MISSING:	those params were newly initialized because missing from the checkpoint. Consider training on your downstream task.
  base_model vocab_size=28, emb.shape=torch.Size([28, 1280])
trainable params: 2,193,876 || all params: 653,072,607 || trainable%: 0.3359
Total params: 659,633,888  |  Trainable: 8,755,157
embedding_layer: Embedding(28, 1280, padding_idx=0)
[forward hook] embedding output: torch.Size([1, 204, 1280])
[backward hook] grad output norm: 0.14523176848888397
forward called: True
backward grad exists: True

By Mask token================

Traceback (most recent call last):
  File "/nas/cluster_data/homes/bangchi/TISCalling/model/rinalmo_dora_20260608-03-explanation-ig-201nt/debug.py", line 569, in <module>
    main()
  File "/nas/cluster_data/homes/bangchi/TISCalling/model/rinalmo_dora_20260608-03-explanation-ig-201nt/debug.py", line 517, in main
    result = run_lig_mask(
  File "/nas/cluster_data/homes/bangchi/TISCalling/model/rinalmo_dora_20260608-03-explanation-ig-201nt/debug.py", line 148, in run_lig_mask
    attrs, delta = lig.attribute(
  File "/homes/bangchi/miniconda3/envs/TIScalling/lib/python3.10/site-packages/captum/log/dummy_log.py", line 54, in wrapper
    return func(*args, **kwargs)
  File "/homes/bangchi/miniconda3/envs/TIScalling/lib/python3.10/site-packages/captum/attr/_core/layer/layer_integrated_gradients.py", line 562, in attribute
    attributions = self.ig.attribute.__wrapped__(  # type: ignore
  File "/homes/bangchi/miniconda3/envs/TIScalling/lib/python3.10/site-packages/captum/attr/_core/integrated_gradients.py", line 273, in attribute
    attributions = _batch_attribution(
  File "/homes/bangchi/miniconda3/envs/TIScalling/lib/python3.10/site-packages/captum/attr/_utils/batching.py", line 86, in _batch_attribution
    current_attr = attr_method._attribute(
  File "/homes/bangchi/miniconda3/envs/TIScalling/lib/python3.10/site-packages/captum/attr/_core/integrated_gradients.py", line 366, in _attribute
    grads = self.gradient_func(
  File "/homes/bangchi/miniconda3/envs/TIScalling/lib/python3.10/site-packages/captum/attr/_core/layer/layer_integrated_gradients.py", line 212, in _gradient_func
    output = _run_forward(
  File "/homes/bangchi/miniconda3/envs/TIScalling/lib/python3.10/site-packages/captum/_utils/common.py", line 599, in _run_forward
    output = forward_func(
  File "/nas/cluster_data/homes/bangchi/TISCalling/model/rinalmo_dora_20260608-03-explanation-ig-201nt/debug.py", line 50, in forward_func
    output = model(input_ids, attention_mask=attention_mask)
  File "/homes/bangchi/miniconda3/envs/TIScalling/lib/python3.10/site-packages/torch/nn/modules/module.py", line 1736, in _wrapped_call_impl
    return self._call_impl(*args, **kwargs)
  File "/homes/bangchi/miniconda3/envs/TIScalling/lib/python3.10/site-packages/torch/nn/modules/module.py", line 1747, in _call_impl
    return forward_call(*args, **kwargs)
  File "/nas/cluster_data/homes/bangchi/TISCalling/model/rinalmo_dora_20260608-03-explanation-ig-201nt/script.py", line 355, in forward
    global_h, _ = self.marker_attention(
  File "/homes/bangchi/miniconda3/envs/TIScalling/lib/python3.10/site-packages/torch/nn/modules/module.py", line 1736, in _wrapped_call_impl
    return self._call_impl(*args, **kwargs)
  File "/homes/bangchi/miniconda3/envs/TIScalling/lib/python3.10/site-packages/torch/nn/modules/module.py", line 1747, in _call_impl
    return forward_call(*args, **kwargs)
  File "/homes/bangchi/miniconda3/envs/TIScalling/lib/python3.10/site-packages/torch/nn/modules/activation.py", line 1368, in forward
    attn_output, attn_output_weights = F.multi_head_attention_forward(
  File "/homes/bangchi/miniconda3/envs/TIScalling/lib/python3.10/site-packages/torch/nn/functional.py", line 6206, in multi_head_attention_forward
    assert key_padding_mask.shape == (
AssertionError: expecting key_padding_mask shape of (2, 204), but got torch.Size([1, 204])
