[transformers] The `check_model_inputs` decorator is deprecated in favor of `merge_with_config_defaults`.
DEVICE: cuda:1
Loading tokenizer: multimolecule/rinalmo-giga
pad token id = 0
device : cuda:1
captum : OK
Loading backbone: multimolecule/rinalmo-giga
  tokenizer vocab_size=28, len(tokenizer)=28
Loading weights:   0%|          | 0/498 [00:00<?, ?it/s]Loading weights: 100%|██████████| 498/498 [00:00<00:00, 34831.88it/s]
[transformers] [1mRiNALMoModel LOAD REPORT[0m from: multimolecule/rinalmo-giga
Key                                 | Status     | 
------------------------------------+------------+-
lm_head.transform.layer_norm.weight | UNEXPECTED | 
lm_head.transform.dense.weight      | UNEXPECTED | 
lm_head.transform.layer_norm.bias   | UNEXPECTED | 
lm_head.bias                        | UNEXPECTED | 
lm_head.decoder.weight              | UNEXPECTED | 
lm_head.transform.dense.bias        | UNEXPECTED | 
pooler.dense.bias                   | MISSING    | 
pooler.dense.weight                 | MISSING    | 

Notes:
- UNEXPECTED:	can be ignored when loading from different task/architecture; not ok if you expect identical arch.
- MISSING:	those params were newly initialized because missing from the checkpoint. Consider training on your downstream task.
  base_model vocab_size=28, emb.shape=torch.Size([28, 1280])
trainable params: 2,193,876 || all params: 653,072,607 || trainable%: 0.3359
Total params: 659,633,888  |  Trainable: 8,755,157
embedding_layer: Embedding(28, 1280, padding_idx=0)
[forward hook] embedding output: torch.Size([1, 204, 1280])
[backward hook] grad output norm: 0.1452317088842392
forward called: True
backward grad exists: True

By Mask token================

Traceback (most recent call last):
  File "/nas/cluster_data/homes/bangchi/TISCalling/model/rinalmo_dora_20260608-03-explanation-ig-201nt/debug.py", line 593, in <module>
    main()
  File "/nas/cluster_data/homes/bangchi/TISCalling/model/rinalmo_dora_20260608-03-explanation-ig-201nt/debug.py", line 541, in main
    result = run_lig_mask(
  File "/nas/cluster_data/homes/bangchi/TISCalling/model/rinalmo_dora_20260608-03-explanation-ig-201nt/debug.py", line 172, in run_lig_mask
    attrs, delta = lig.attribute(
  File "/homes/bangchi/miniconda3/envs/TIScalling/lib/python3.10/site-packages/captum/log/dummy_log.py", line 54, in wrapper
    return func(*args, **kwargs)
  File "/homes/bangchi/miniconda3/envs/TIScalling/lib/python3.10/site-packages/captum/attr/_core/layer/layer_integrated_gradients.py", line 587, in attribute
    delta = self.compute_convergence_delta(
  File "/homes/bangchi/miniconda3/envs/TIScalling/lib/python3.10/site-packages/captum/log/dummy_log.py", line 54, in wrapper
    return func(*args, **kwargs)
  File "/homes/bangchi/miniconda3/envs/TIScalling/lib/python3.10/site-packages/captum/attr/_utils/attribution.py", line 326, in compute_convergence_delta
    start_out_sum = _sum_rows(cast(Tensor, start_out_eval))
  File "/homes/bangchi/miniconda3/envs/TIScalling/lib/python3.10/site-packages/captum/attr/_utils/common.py", line 24, in _sum_rows
    return input.reshape(input.shape[0], -1).sum(1)
IndexError: tuple index out of range
