[transformers] The `check_model_inputs` decorator is deprecated in favor of `merge_with_config_defaults`.
DEVICE: cuda:0
Loading tokenizer: multimolecule/rinalmo-mega
pad token id = 0
run at: 20260513_121747
(34271, 6)
labels: {1: 4394, 0: 29877}
train labels: {np.int64(1): 3080, np.int64(0): 21095}
val labels: {np.int64(1): 435, np.int64(0): 2776}
test labels: {np.int64(1): 879, np.int64(0): 6006}
train sections: {np.int64(0): 2387, np.int64(3): 535, np.int64(1): 17161, np.int64(2): 1310, np.int64(4): 2782}
section_ratio: {np.int64(0): 10.127775450356095, np.int64(3): 45.18691588785047, np.int64(1): 1.4087174407085834, np.int64(2): 18.454198473282442, np.int64(4): 8.68979151689432}
section_neg_pos_ratio: {np.int64(0): 6.849025974025974, np.int64(3): 6.849025974025974, np.int64(1): 6.849025974025974, np.int64(2): 6.849025974025974, np.int64(4): 6.849025974025974}
hyperparameters: {'lora_r': 4, 'lora_alpha': 32, 'lora_dropout': 0.1, 'num_heads': 8, 'dropout': 0.1, 'pooling_mode': 'attention', 'batch_size': 16, 'max_epoch': 50, 'section_scaling': 0, 'section_label_scaling': 0, 'max_weight': 100, 'lr': 0.0001, 'left_window': 411, 'right_window': 101, 'ignore_sec': -1}
Loading backbone: multimolecule/rinalmo-mega
Loading weights:   0%|          | 0/453 [00:00<?, ?it/s]Loading weights: 100%|██████████| 453/453 [00:00<00:00, 31204.13it/s]
[transformers] [1mRiNALMoModel LOAD REPORT[0m from: multimolecule/rinalmo-mega
Key                                 | Status     | 
------------------------------------+------------+-
lm_head.transform.dense.weight      | UNEXPECTED | 
lm_head.transform.layer_norm.bias   | UNEXPECTED | 
lm_head.bias                        | UNEXPECTED | 
lm_head.transform.dense.bias        | UNEXPECTED | 
lm_head.transform.layer_norm.weight | UNEXPECTED | 
pooler.dense.bias                   | MISSING    | 
pooler.dense.weight                 | MISSING    | 

Notes:
- UNEXPECTED:	can be ignored when loading from different task/architecture; not ok if you expect identical arch.
- MISSING:	those params were newly initialized because missing from the checkpoint. Consider training on your downstream task.
trainable params: 997,680 || all params: 149,041,830 || trainable%: 0.6694
Total params: 150,684,071  |  Trainable: 2,639,921
[transformers] `use_cache=True` is incompatible with gradient checkpointing. Setting `use_cache=False`.
Epoch 01 | lr=1.00e-04 | train loss=0.1340 acc=0.9561 prec=0.9007 rec=0.7364 f1=0.8103 | val   loss=0.0626 acc=0.9822 prec=0.9375 rec=0.9310 f1=0.9343 aupr=0.9722
  -> saved best model to model/rinalmo_dora_20260513_121752.pt
Epoch 02 | lr=1.00e-04 | train loss=0.0646 acc=0.9807 prec=0.9439 rec=0.9019 f1=0.9225 | val   loss=0.0572 acc=0.9841 prec=0.9638 rec=0.9172 f1=0.9399 aupr=0.9737
  -> saved best model to model/rinalmo_dora_20260513_121752.pt
Epoch 03 | lr=1.00e-04 | train loss=0.0472 acc=0.9860 prec=0.9597 rec=0.9289 f1=0.9441 | val   loss=0.0501 acc=0.9851 prec=0.9553 rec=0.9333 f1=0.9442 aupr=0.9824
  -> saved best model to model/rinalmo_dora_20260513_121752.pt
Epoch 04 | lr=1.00e-04 | train loss=0.0351 acc=0.9897 prec=0.9726 rec=0.9461 f1=0.9592 | val   loss=0.0572 acc=0.9832 prec=0.9339 rec=0.9425 f1=0.9382 aupr=0.9794
Epoch 05 | lr=1.00e-04 | train loss=0.0267 acc=0.9921 prec=0.9794 rec=0.9584 f1=0.9688 | val   loss=0.0572 acc=0.9844 prec=0.9508 rec=0.9333 f1=0.9420 aupr=0.9803
Epoch 06 | lr=1.00e-04 | train loss=0.0223 acc=0.9934 prec=0.9819 rec=0.9662 f1=0.9740 | val   loss=0.0757 acc=0.9788 prec=0.9400 rec=0.9011 f1=0.9202 aupr=0.9720
Epoch 07 | lr=1.00e-04 | train loss=0.0195 acc=0.9936 prec=0.9825 rec=0.9672 f1=0.9748 | val   loss=0.0604 acc=0.9851 prec=0.9618 rec=0.9264 f1=0.9438 aupr=0.9795
Epoch 08 | lr=5.00e-05 | train loss=0.0086 acc=0.9970 prec=0.9918 rec=0.9847 f1=0.9883 | val   loss=0.0776 acc=0.9851 prec=0.9685 rec=0.9195 f1=0.9434 aupr=0.9745
  -> early stopping at epoch 8
Best val AUPR: 0.9824
Loading backbone: multimolecule/rinalmo-mega
Loading weights:   0%|          | 0/453 [00:00<?, ?it/s]Loading weights: 100%|██████████| 453/453 [00:00<00:00, 32471.75it/s]
[transformers] [1mRiNALMoModel LOAD REPORT[0m from: multimolecule/rinalmo-mega
Key                                 | Status     | 
------------------------------------+------------+-
lm_head.transform.dense.weight      | UNEXPECTED | 
lm_head.transform.layer_norm.bias   | UNEXPECTED | 
lm_head.bias                        | UNEXPECTED | 
lm_head.transform.dense.bias        | UNEXPECTED | 
lm_head.transform.layer_norm.weight | UNEXPECTED | 
pooler.dense.bias                   | MISSING    | 
pooler.dense.weight                 | MISSING    | 

Notes:
- UNEXPECTED:	can be ignored when loading from different task/architecture; not ok if you expect identical arch.
- MISSING:	those params were newly initialized because missing from the checkpoint. Consider training on your downstream task.
trainable params: 997,680 || all params: 149,041,830 || trainable%: 0.6694
Total params: 150,684,071  |  Trainable: 2,639,921
/nas/cluster_data/homes/bangchi/TISCalling/script/train_nn_model_by_site_rnafm_transformer_RiNALMo_nonannotatedtis_fixwindow.py:508: FutureWarning: You are using `torch.load` with `weights_only=False` (the current default value), which uses the default pickle module implicitly. It is possible to construct malicious pickle data which will execute arbitrary code during unpickling (See https://github.com/pytorch/pytorch/blob/main/SECURITY.md#untrusted-models for more details). In a future release, the default value for `weights_only` will be flipped to `True`. This limits the functions that could be executed during unpickling. Arbitrary objects will no longer be allowed to be loaded via this mode unless they are explicitly allowlisted by the user via `torch.serialization.add_safe_globals`. We recommend you start setting `weights_only=True` for any use case where you don't have full control of the loaded file. Please open an issue on GitHub for any issues related to this experimental feature.
  sd    = torch.load(path, map_location=device)
{'accuracy': 0.9837327523602033,
 'auc': np.float64(0.9932683925857987),
 'aupr': np.float64(0.9764682163667089),
 'f1': np.float64(0.9356321839080459),
 'fn': np.int64(65),
 'fp': np.int64(47),
 'mcc': np.float64(0.926388211461072),
 'precision': np.float64(0.9454123112659698),
 'recall': np.float64(0.926052332195677),
 'specificity': np.float64(0.9921744921744922),
 'tn': np.int64(5959),
 'total': np.int64(6885),
 'tp': np.int64(814)}
