[transformers] The `check_model_inputs` decorator is deprecated in favor of `merge_with_config_defaults`.
DEVICE: cuda:0
Loading tokenizer: multimolecule/rinalmo-micro
pad token id = 0
run at: 20260522_092442
(34271, 6)
labels: {1: 4394, 0: 29877}
train labels: {np.int64(1): 3080, np.int64(0): 21095}
val labels: {np.int64(1): 435, np.int64(0): 2776}
test labels: {np.int64(1): 879, np.int64(0): 6006}
train sections: {np.int64(0): 2387, np.int64(3): 535, np.int64(1): 17161, np.int64(2): 1310, np.int64(4): 2782}
section_ratio: {np.int64(0): 10.127775450356095, np.int64(3): 45.18691588785047, np.int64(1): 1.4087174407085834, np.int64(2): 18.454198473282442, np.int64(4): 8.68979151689432}
section_neg_pos_ratio: {0: 0.26229508196721313, 3: 1.1926229508196722, 1: 64.00378787878788, 2: 1.1475409836065573, 4: 38.183098591549296}
hyperparameters: {'lora_r': 4, 'lora_alpha': 32, 'lora_dropout': 0.1, 'num_heads': 8, 'dropout': 0.1, 'pooling_mode': 'attention', 'batch_size': 16, 'max_epoch': 50, 'section_scaling': 0, 'section_weight_fold': {'0': 1, '1': 1, '2': 1, '3': 1, '4': 1}, 'section_label_scaling': 0, 'section_pos_weight_fold': {'0': 1, '1': 10, '2': 1, '3': 1, '4': 10}, 'max_weight': 300, 'lr': 0.0001, 'left_window': 411, 'right_window': 101, 'ignore_sec': 0}
Loading backbone: multimolecule/rinalmo-micro
Loading weights:   0%|          | 0/183 [00:00<?, ?it/s]Loading weights: 100%|██████████| 183/183 [00:00<00:00, 31805.31it/s]
[transformers] [1mRiNALMoModel LOAD REPORT[0m from: multimolecule/rinalmo-micro
Key                                 | Status     | 
------------------------------------+------------+-
lm_head.transform.layer_norm.bias   | UNEXPECTED | 
lm_head.transform.dense.weight      | UNEXPECTED | 
lm_head.transform.layer_norm.weight | UNEXPECTED | 
lm_head.transform.dense.bias        | UNEXPECTED | 
lm_head.bias                        | UNEXPECTED | 
pooler.dense.weight                 | MISSING    | 
pooler.dense.bias                   | MISSING    | 

Notes:
- UNEXPECTED:	can be ignored when loading from different task/architecture; not ok if you expect identical arch.
- MISSING:	those params were newly initialized because missing from the checkpoint. Consider training on your downstream task.
/homes/bangchi/miniconda3/envs/TIScalling/lib/python3.10/site-packages/torch/cuda/__init__.py:716: UserWarning: Can't initialize NVML
  warnings.warn("Can't initialize NVML")
trainable params: 301,920 || all params: 33,783,372 || trainable%: 0.8937
Total params: 34,707,853  |  Trainable: 1,226,401
Epoch 01 | lr=1.00e-04 | train loss=0.4757 acc=0.8702 prec=0.4885 rec=0.4010 f1=0.4404 | aupr=0.4347 | val   loss=0.3187 acc=0.8555 prec=0.2170 rec=0.5607 f1=0.3129 aupr=0.2627
  -> saved best model to model.pt
Epoch 02 | lr=1.00e-04 | train loss=0.3954 acc=0.8905 prec=0.5645 rec=0.6140 f1=0.5882 | aupr=0.6201 | val   loss=0.2673 acc=0.8775 prec=0.2638 rec=0.6069 f1=0.3678 aupr=0.3607
  -> saved best model to model.pt
slurmstepd: error: *** JOB 458966 ON haydn CANCELLED AT 2026-05-22T09:56:55 DUE TO NODE FAILURE, SEE SLURMCTLD LOG FOR DETAILS ***
