[transformers] The `check_model_inputs` decorator is deprecated in favor of `merge_with_config_defaults`.
DEVICE: cuda:0
Loading tokenizer: multimolecule/rinalmo-micro
pad token id = 0
run at: 20260512_134418
(34271, 6)
labels: {1: 4394, 0: 29877}
train labels: {np.int64(1): 3113, np.int64(0): 21074}
val labels: {np.int64(1): 629, np.int64(0): 4277}
test labels: {np.int64(1): 652, np.int64(0): 4526}
train sections: {np.int64(0): 2125, np.int64(2): 1411, np.int64(1): 17736, np.int64(4): 2400, np.int64(3): 515}
section_ratio: {np.int64(0): 11.382117647058823, np.int64(2): 17.141743444365698, np.int64(1): 1.36372350022553, np.int64(4): 10.077916666666667, np.int64(3): 46.96504854368932}
section_neg_pos_ratio: {np.int64(0): 0.114900314795383, np.int64(2): 1.2758064516129033, np.int64(1): 67.74418604651163, np.int64(4): 31.876712328767123, np.int64(3): 1.01171875}
hyperparameters: {'lora_r': 4, 'lora_alpha': 32, 'lora_dropout': 0.1, 'num_heads': 8, 'dropout': 0.1, 'pooling_mode': 'attention', 'batch_size': 16, 'max_epoch': 50, 'section_scaling': 0, 'section_label_scaling': 1.5, 'max_weight': 100, 'lr': 0.0001, 'left_window': 411, 'right_window': 101, 'ignore_sec': -1}
Loading backbone: multimolecule/rinalmo-micro
Loading weights:   0%|          | 0/183 [00:00<?, ?it/s]Loading weights: 100%|██████████| 183/183 [00:00<00:00, 31792.14it/s]
[transformers] [1mRiNALMoModel LOAD REPORT[0m from: multimolecule/rinalmo-micro
Key                                 | Status     | 
------------------------------------+------------+-
lm_head.transform.layer_norm.bias   | UNEXPECTED | 
lm_head.transform.layer_norm.weight | UNEXPECTED | 
lm_head.transform.dense.weight      | UNEXPECTED | 
lm_head.transform.dense.bias        | UNEXPECTED | 
lm_head.bias                        | UNEXPECTED | 
pooler.dense.bias                   | MISSING    | 
pooler.dense.weight                 | MISSING    | 

Notes:
- UNEXPECTED:	can be ignored when loading from different task/architecture; not ok if you expect identical arch.
- MISSING:	those params were newly initialized because missing from the checkpoint. Consider training on your downstream task.
trainable params: 301,920 || all params: 33,783,372 || trainable%: 0.8937
Total params: 34,707,853  |  Trainable: 1,226,401
Epoch 01 | lr=1.00e-04 | train loss=1.3112 acc=0.5693 prec=0.2009 rec=0.7880 f1=0.3202 | val   loss=0.6013 acc=0.6983 prec=0.2564 rec=0.7122 f1=0.3771 aupr=0.3006
  -> saved best model to model/rinalmo_dora_20260512_134424.pt
Epoch 02 | lr=1.00e-04 | train loss=1.0845 acc=0.6628 prec=0.2415 rec=0.7571 f1=0.3662 | val   loss=0.6160 acc=0.6814 prec=0.2500 rec=0.7424 f1=0.3740 aupr=0.3327
  -> saved best model to model/rinalmo_dora_20260512_134424.pt
Epoch 03 | lr=1.00e-04 | train loss=0.9140 acc=0.6962 prec=0.2604 rec=0.7392 f1=0.3851 | val   loss=0.9942 acc=0.5318 prec=0.1911 rec=0.8203 f1=0.3100 aupr=0.3081
Epoch 04 | lr=1.00e-04 | train loss=0.7985 acc=0.7369 prec=0.2835 rec=0.6836 f1=0.4008 | val   loss=1.1683 acc=0.5732 prec=0.2131 rec=0.8649 f1=0.3419 aupr=0.3027
Epoch 05 | lr=1.00e-04 | train loss=0.6693 acc=0.7740 prec=0.3177 rec=0.6588 f1=0.4287 | val   loss=0.6373 acc=0.7163 prec=0.2672 rec=0.6963 f1=0.3862 aupr=0.3706
  -> saved best model to model/rinalmo_dora_20260512_134424.pt
Epoch 06 | lr=1.00e-04 | train loss=0.5737 acc=0.8059 prec=0.3537 rec=0.6142 f1=0.4489 | val   loss=0.4720 acc=0.7994 prec=0.3282 rec=0.5390 f1=0.4079 aupr=0.4001
  -> saved best model to model/rinalmo_dora_20260512_134424.pt
Epoch 07 | lr=1.00e-04 | train loss=0.5038 acc=0.8255 prec=0.3846 rec=0.5930 f1=0.4666 | val   loss=0.4264 acc=0.8237 prec=0.3575 rec=0.4706 f1=0.4063 aupr=0.4160
  -> saved best model to model/rinalmo_dora_20260512_134424.pt
Epoch 08 | lr=1.00e-04 | train loss=0.3723 acc=0.8653 prec=0.4805 rec=0.5792 f1=0.5253 | val   loss=0.4133 acc=0.8504 prec=0.4351 rec=0.5596 f1=0.4896 aupr=0.5116
  -> saved best model to model/rinalmo_dora_20260512_134424.pt
Epoch 09 | lr=1.00e-04 | train loss=0.3658 acc=0.8707 prec=0.4981 rec=0.5834 f1=0.5374 | val   loss=0.2936 acc=0.8903 prec=0.5857 rec=0.4944 f1=0.5362 aupr=0.6171
  -> saved best model to model/rinalmo_dora_20260512_134424.pt
Epoch 10 | lr=1.00e-04 | train loss=0.3239 acc=0.8889 prec=0.5568 rec=0.6720 f1=0.6090 | val   loss=0.3090 acc=0.8753 prec=0.5108 rec=0.6391 f1=0.5678 aupr=0.6533
  -> saved best model to model/rinalmo_dora_20260512_134424.pt
Epoch 11 | lr=1.00e-04 | train loss=0.3039 acc=0.8938 prec=0.5747 rec=0.6720 f1=0.6196 | val   loss=0.4362 acc=0.8357 prec=0.4281 rec=0.8378 f1=0.5667 aupr=0.7253
  -> saved best model to model/rinalmo_dora_20260512_134424.pt
Epoch 12 | lr=1.00e-04 | train loss=0.2121 acc=0.9221 prec=0.6883 rec=0.7221 f1=0.7048 | val   loss=0.2266 acc=0.9197 prec=0.7213 rec=0.6089 f1=0.6603 aupr=0.7490
  -> saved best model to model/rinalmo_dora_20260512_134424.pt
Epoch 13 | lr=1.00e-04 | train loss=0.2449 acc=0.9159 prec=0.6573 rec=0.7250 f1=0.6895 | val   loss=0.2253 acc=0.9164 prec=0.6735 rec=0.6757 f1=0.6746 aupr=0.7622
  -> saved best model to model/rinalmo_dora_20260512_134424.pt
Epoch 14 | lr=1.00e-04 | train loss=0.2157 acc=0.9278 prec=0.7015 rec=0.7639 f1=0.7314 | val   loss=0.2101 acc=0.9329 prec=0.7632 rec=0.6916 f1=0.7256 aupr=0.7895
  -> saved best model to model/rinalmo_dora_20260512_134424.pt
Epoch 15 | lr=1.00e-04 | train loss=0.2018 acc=0.9340 prec=0.7291 rec=0.7748 f1=0.7513 | val   loss=0.2088 acc=0.9301 prec=0.7544 rec=0.6741 f1=0.7120 aupr=0.7968
  -> saved best model to model/rinalmo_dora_20260512_134424.pt
Epoch 16 | lr=1.00e-04 | train loss=0.2196 acc=0.9308 prec=0.7033 rec=0.8002 f1=0.7486 | val   loss=0.1801 acc=0.9333 prec=0.7542 rec=0.7122 f1=0.7326 aupr=0.8233
  -> saved best model to model/rinalmo_dora_20260512_134424.pt
Epoch 17 | lr=1.00e-04 | train loss=0.2071 acc=0.9377 prec=0.7205 rec=0.8423 f1=0.7767 | val   loss=0.1657 acc=0.9407 prec=0.7584 rec=0.7886 f1=0.7732 aupr=0.8505
  -> saved best model to model/rinalmo_dora_20260512_134424.pt
Epoch 18 | lr=1.00e-04 | train loss=0.1618 acc=0.9477 prec=0.7701 rec=0.8458 f1=0.8062 | val   loss=0.2782 acc=0.8999 prec=0.5747 rec=0.8442 f1=0.6838 aupr=0.7779
Epoch 19 | lr=1.00e-04 | train loss=0.1936 acc=0.9415 prec=0.7430 rec=0.8339 f1=0.7858 | val   loss=0.2436 acc=0.9052 prec=0.5858 rec=0.8903 f1=0.7066 aupr=0.8316
Epoch 20 | lr=1.00e-04 | train loss=0.1579 acc=0.9510 prec=0.7819 rec=0.8593 f1=0.8188 | val   loss=0.2758 acc=0.9089 prec=0.6018 rec=0.8553 f1=0.7065 aupr=0.8007
Epoch 21 | lr=1.00e-04 | train loss=0.1529 acc=0.9525 prec=0.7823 rec=0.8741 f1=0.8257 | val   loss=0.1413 acc=0.9550 prec=0.8630 rec=0.7711 f1=0.8144 aupr=0.8951
  -> saved best model to model/rinalmo_dora_20260512_134424.pt
Epoch 22 | lr=1.00e-04 | train loss=0.1194 acc=0.9615 prec=0.8338 rec=0.8754 f1=0.8541 | val   loss=0.1269 acc=0.9584 prec=0.8195 rec=0.8665 f1=0.8423 aupr=0.9123
  -> saved best model to model/rinalmo_dora_20260512_134424.pt
Epoch 23 | lr=1.00e-04 | train loss=0.1346 acc=0.9574 prec=0.8070 rec=0.8795 f1=0.8417 | val   loss=0.1065 acc=0.9656 prec=0.8885 rec=0.8362 f1=0.8616 aupr=0.9376
  -> saved best model to model/rinalmo_dora_20260512_134424.pt
Epoch 24 | lr=1.00e-04 | train loss=0.2231 acc=0.9424 prec=0.7349 rec=0.8638 f1=0.7942 | val   loss=0.2028 acc=0.9276 prec=0.6913 rec=0.7870 f1=0.7361 aupr=0.7936
Epoch 25 | lr=1.00e-04 | train loss=0.1072 acc=0.9647 prec=0.8473 rec=0.8856 f1=0.8660 | val   loss=0.1933 acc=0.9442 prec=0.7200 rec=0.9237 f1=0.8092 aupr=0.8865
Epoch 26 | lr=1.00e-04 | train loss=0.1323 acc=0.9563 prec=0.8023 rec=0.8760 f1=0.8375 | val   loss=0.1476 acc=0.9497 prec=0.7984 rec=0.8124 f1=0.8054 aupr=0.8735
Epoch 27 | lr=1.00e-04 | train loss=0.0904 acc=0.9673 prec=0.8640 rec=0.8856 f1=0.8747 | val   loss=0.1205 acc=0.9643 prec=0.8969 rec=0.8156 f1=0.8543 aupr=0.9250
Epoch 28 | lr=5.00e-05 | train loss=0.0904 acc=0.9683 prec=0.8607 rec=0.8995 f1=0.8797 | val   loss=0.1661 acc=0.9527 prec=0.7761 rec=0.8871 f1=0.8279 aupr=0.8833
  -> early stopping at epoch 28
Best val AUPR: 0.9376
Loading backbone: multimolecule/rinalmo-micro
Loading weights:   0%|          | 0/183 [00:00<?, ?it/s]Loading weights: 100%|██████████| 183/183 [00:00<00:00, 26413.77it/s]
[transformers] [1mRiNALMoModel LOAD REPORT[0m from: multimolecule/rinalmo-micro
Key                                 | Status     | 
------------------------------------+------------+-
lm_head.transform.layer_norm.bias   | UNEXPECTED | 
lm_head.transform.layer_norm.weight | UNEXPECTED | 
lm_head.transform.dense.weight      | UNEXPECTED | 
lm_head.transform.dense.bias        | UNEXPECTED | 
lm_head.bias                        | UNEXPECTED | 
pooler.dense.bias                   | MISSING    | 
pooler.dense.weight                 | MISSING    | 

Notes:
- UNEXPECTED:	can be ignored when loading from different task/architecture; not ok if you expect identical arch.
- MISSING:	those params were newly initialized because missing from the checkpoint. Consider training on your downstream task.
trainable params: 301,920 || all params: 33,783,372 || trainable%: 0.8937
Total params: 34,707,853  |  Trainable: 1,226,401
/nas/cluster_data/homes/bangchi/TISCalling/script/train_nn_model_by_site_rnafm_transformer_RiNALMo_nonannotatedtis_fixwindow.py:508: FutureWarning: You are using `torch.load` with `weights_only=False` (the current default value), which uses the default pickle module implicitly. It is possible to construct malicious pickle data which will execute arbitrary code during unpickling (See https://github.com/pytorch/pytorch/blob/main/SECURITY.md#untrusted-models for more details). In a future release, the default value for `weights_only` will be flipped to `True`. This limits the functions that could be executed during unpickling. Arbitrary objects will no longer be allowed to be loaded via this mode unless they are explicitly allowlisted by the user via `torch.serialization.add_safe_globals`. We recommend you start setting `weights_only=True` for any use case where you don't have full control of the loaded file. Please open an issue on GitHub for any issues related to this experimental feature.
  sd    = torch.load(path, map_location=device)
{'accuracy': 0.955388180764774,
 'auc': np.float64(0.9759811410012769),
 'aupr': np.float64(0.8871704537878188),
 'f1': np.float64(0.8188235294117647),
 'fn': np.int64(130),
 'fp': np.int64(101),
 'mcc': np.float64(0.7936678087344736),
 'precision': np.float64(0.8378812199036918),
 'recall': np.float64(0.8006134969325154),
 'specificity': np.float64(0.9776844896155545),
 'tn': np.int64(4425),
 'total': np.int64(5178),
 'tp': np.int64(522)}
