/homes/bangchi/miniconda3/envs/TIScalling/lib/python3.10/site-packages/torch/nn/modules/transformer.py:379: UserWarning: enable_nested_tensor is True, but self.use_nested_tensor is False because encoder_layer.norm_first was True
  warnings.warn(
/homes/bangchi/miniconda3/envs/TIScalling/lib/python3.10/site-packages/torch/nn/modules/transformer.py:379: UserWarning: enable_nested_tensor is True, but self.use_nested_tensor is False because encoder_layer.norm_first was True
  warnings.warn(
DEVICE: cuda
Using 2 GPUs
total parameters: 69121
total trainable parameters: 69121
Epoch 01 | lr=1.00e-03 | train_loss=0.3507 train_f1=0.5714 | val_loss=0.5981 val_f1=0.0000
Epoch 02 | lr=1.00e-03 | train_loss=0.3358 train_f1=0.3333 | val_loss=0.5997 val_f1=0.0000
Epoch 03 | lr=1.00e-03 | train_loss=0.3052 train_f1=0.7500 | val_loss=0.6011 val_f1=0.0000
Epoch 04 | lr=1.00e-03 | train_loss=0.3238 train_f1=0.5714 | val_loss=0.6031 val_f1=0.0000
Epoch 05 | lr=1.00e-03 | train_loss=0.3261 train_f1=0.7500 | val_loss=0.6046 val_f1=0.0000
  -> early stopping at epoch 5 (no improvement for 5 epochs)
Best validation F1: inf
(34271, 5)
(32772, 5)
Using 2 GPUs
total parameters: 69121
total trainable parameters: 69121
Epoch 01 | lr=1.00e-03 | train_loss=1.0815 train_f1=0.3126 | val_loss=1.1357 val_f1=0.3581
Epoch 02 | lr=1.00e-03 | train_loss=0.9983 train_f1=0.3570 | val_loss=1.1363 val_f1=0.3784
Epoch 03 | lr=1.00e-03 | train_loss=0.9622 train_f1=0.3769 | val_loss=1.1854 val_f1=0.3956
Epoch 04 | lr=1.00e-03 | train_loss=0.9342 train_f1=0.3840 | val_loss=1.1297 val_f1=0.3759
Epoch 05 | lr=1.00e-03 | train_loss=0.9019 train_f1=0.4021 | val_loss=1.1221 val_f1=0.3753
  -> early stopping at epoch 5 (no improvement for 5 epochs)
Best validation F1: inf
{'accuracy': 0.6319631194775259,
 'f1': np.float64(0.33100558659217877),
 'fn': np.int64(180),
 'fp': np.int64(1736),
 'mcc': np.float64(0.23026239518013228),
 'precision': np.float64(0.21447963800904976),
 'recall': np.float64(0.7247706422018348),
 'specificity': np.float64(0.6186291739894552),
 'tn': np.int64(2816),
 'tp': np.int64(474)}

