/homes/bangchi/miniconda3/envs/TIScalling/lib/python3.10/site-packages/torch/nn/modules/transformer.py:379: UserWarning: enable_nested_tensor is True, but self.use_nested_tensor is False because encoder_layer.norm_first was True
  warnings.warn(
DEVICE: cuda
run at: 20260422_160956
labels: {0: 4, 1: 6}
hyperparameters: {'embed_dim': 32, 'd_model': 64, 'num_layers': 3, 'num_heads': 8, 'ff_dim': 128, 'batch_size': 16, 'max_epoch': 50, 'dropout': 0.2, 'weight_fold': 2, 'max_len': 2048, 'pooling_mode': 'attention'}
Using 2 GPUs
total parameters: 469313
total trainable parameters: 469313
Epoch 01 | lr=1.00e-03 | train_loss=0.9680 train_accuracy=0.2000 train_precision=0.0000 train_recall=0.0000 train_f1=0.0000 | val_loss=0.5179 val_accuracy=0.5000 val_precision=0.0000 val_recall=0.0000 val_f1=0.0000
  -> saved best model to model/test-run_20260422_160956.pt
Epoch 02 | lr=1.00e-03 | train_loss=0.5112 train_accuracy=0.2000 train_precision=0.0000 train_recall=0.0000 train_f1=0.0000 | val_loss=0.6595 val_accuracy=0.5000 val_precision=0.5000 val_recall=1.0000 val_f1=0.6667
  -> saved best model to model/test-run_20260422_160956.pt
Epoch 03 | lr=1.00e-03 | train_loss=0.3122 train_accuracy=0.8000 train_precision=1.0000 train_recall=0.7500 train_f1=0.8571 | val_loss=0.8908 val_accuracy=0.5000 val_precision=0.5000 val_recall=1.0000 val_f1=0.6667
Epoch 04 | lr=1.00e-03 | train_loss=0.1536 train_accuracy=1.0000 train_precision=1.0000 train_recall=1.0000 train_f1=1.0000 | val_loss=1.1340 val_accuracy=0.5000 val_precision=0.5000 val_recall=1.0000 val_f1=0.6667
Epoch 05 | lr=1.00e-03 | train_loss=0.1337 train_accuracy=1.0000 train_precision=1.0000 train_recall=1.0000 train_f1=1.0000 | val_loss=1.3254 val_accuracy=0.5000 val_precision=0.5000 val_recall=1.0000 val_f1=0.6667
Epoch 06 | lr=1.00e-03 | train_loss=0.0928 train_accuracy=1.0000 train_precision=1.0000 train_recall=1.0000 train_f1=1.0000 | val_loss=1.4745 val_accuracy=0.5000 val_precision=0.5000 val_recall=1.0000 val_f1=0.6667
Epoch 07 | lr=1.00e-03 | train_loss=0.1169 train_accuracy=1.0000 train_precision=1.0000 train_recall=1.0000 train_f1=1.0000 | val_loss=1.5382 val_accuracy=0.5000 val_precision=0.5000 val_recall=1.0000 val_f1=0.6667
Epoch 08 | lr=1.00e-03 | train_loss=0.0507 train_accuracy=1.0000 train_precision=1.0000 train_recall=1.0000 train_f1=1.0000 | val_loss=1.5691 val_accuracy=0.5000 val_precision=0.5000 val_recall=1.0000 val_f1=0.6667
Epoch 09 | lr=1.00e-03 | train_loss=0.0856 train_accuracy=1.0000 train_precision=1.0000 train_recall=1.0000 train_f1=1.0000 | val_loss=1.5421 val_accuracy=0.5000 val_precision=0.5000 val_recall=1.0000 val_f1=0.6667
Epoch 10 | lr=1.00e-03 | train_loss=0.0465 train_accuracy=1.0000 train_precision=1.0000 train_recall=1.0000 train_f1=1.0000 | val_loss=1.4784 val_accuracy=0.5000 val_precision=0.5000 val_recall=1.0000 val_f1=0.6667
Epoch 11 | lr=1.00e-03 | train_loss=0.0205 train_accuracy=1.0000 train_precision=1.0000 train_recall=1.0000 train_f1=1.0000 | val_loss=1.4073 val_accuracy=0.5000 val_precision=0.5000 val_recall=1.0000 val_f1=0.6667
Epoch 12 | lr=1.00e-03 | train_loss=0.0164 train_accuracy=1.0000 train_precision=1.0000 train_recall=1.0000 train_f1=1.0000 | val_loss=1.3364 val_accuracy=0.5000 val_precision=0.5000 val_recall=1.0000 val_f1=0.6667
  -> early stopping at epoch 12 (no improvement for 10 epochs)
Best validation F1: 0.6667
(34271, 5)
/homes/bangchi/miniconda3/envs/TIScalling/lib/python3.10/site-packages/torch/nn/modules/transformer.py:379: UserWarning: enable_nested_tensor is True, but self.use_nested_tensor is False because encoder_layer.norm_first was True
  warnings.warn(
labels: {1: 4394, 0: 29877}
hyperparameters: {'embed_dim': 32, 'd_model': 64, 'num_layers': 3, 'num_heads': 8, 'ff_dim': 128, 'batch_size': 16, 'max_epoch': 50, 'dropout': 0.2, 'weight_fold': 2, 'max_len': 2048, 'pooling_mode': 'attention'}
Using 2 GPUs
total parameters: 469313
total trainable parameters: 469313
Epoch 01 | lr=1.00e-03 | train_loss=1.3128 train_accuracy=0.5670 train_precision=0.2132 train_recall=0.9007 train_f1=0.3448 | val_loss=1.2658 val_accuracy=0.6365 val_precision=0.2963 val_recall=0.9303 val_f1=0.4495
  -> saved best model to model/transformer_clf_20260422_161005.pt
Epoch 02 | lr=1.00e-03 | train_loss=1.0676 train_accuracy=0.7004 train_precision=0.2856 train_recall=0.9115 train_f1=0.4350 | val_loss=1.0761 val_accuracy=0.7189 val_precision=0.3544 val_recall=0.9273 val_f1=0.5128
  -> saved best model to model/transformer_clf_20260422_161005.pt
Epoch 03 | lr=1.00e-03 | train_loss=1.0570 train_accuracy=0.7075 train_precision=0.2905 train_recall=0.9099 train_f1=0.4404 | val_loss=1.1359 val_accuracy=0.7182 val_precision=0.3520 val_recall=0.9121 val_f1=0.5080
Epoch 04 | lr=1.00e-03 | train_loss=1.0100 train_accuracy=0.7211 train_precision=0.3014 train_recall=0.9144 train_f1=0.4534 | val_loss=1.2124 val_accuracy=0.7724 val_precision=0.4026 val_recall=0.8833 val_f1=0.5531
  -> saved best model to model/transformer_clf_20260422_161005.pt
Epoch 05 | lr=1.00e-03 | train_loss=0.9952 train_accuracy=0.7309 train_precision=0.3091 train_recall=0.9128 train_f1=0.4618 | val_loss=1.1794 val_accuracy=0.6399 val_precision=0.3022 val_recall=0.9606 val_f1=0.4598
Epoch 06 | lr=1.00e-03 | train_loss=0.9565 train_accuracy=0.7386 train_precision=0.3160 train_recall=0.9160 train_f1=0.4699 | val_loss=1.1353 val_accuracy=0.7658 val_precision=0.3929 val_recall=0.8591 val_f1=0.5392
Epoch 07 | lr=1.00e-03 | train_loss=0.9233 train_accuracy=0.7495 train_precision=0.3258 train_recall=0.9164 train_f1=0.4807 | val_loss=0.9968 val_accuracy=0.6626 val_precision=0.3171 val_recall=0.9667 val_f1=0.4775
Epoch 08 | lr=1.00e-03 | train_loss=0.8685 train_accuracy=0.7687 train_precision=0.3452 train_recall=0.9239 train_f1=0.5026 | val_loss=0.9574 val_accuracy=0.7187 val_precision=0.3575 val_recall=0.9576 val_f1=0.5206
Epoch 09 | lr=1.00e-03 | train_loss=0.8399 train_accuracy=0.7747 train_precision=0.3515 train_recall=0.9235 train_f1=0.5091 | val_loss=0.8722 val_accuracy=0.7663 val_precision=0.3995 val_recall=0.9242 val_f1=0.5578
  -> saved best model to model/transformer_clf_20260422_161005.pt
Epoch 10 | lr=1.00e-03 | train_loss=0.8260 train_accuracy=0.7843 train_precision=0.3622 train_recall=0.9268 train_f1=0.5209 | val_loss=1.0235 val_accuracy=0.5771 val_precision=0.2708 val_recall=0.9758 val_f1=0.4240
Epoch 11 | lr=1.00e-03 | train_loss=0.7111 train_accuracy=0.8256 train_precision=0.4158 train_recall=0.9349 train_f1=0.5756 | val_loss=0.9258 val_accuracy=0.6486 val_precision=0.3088 val_recall=0.9712 val_f1=0.4686
Epoch 12 | lr=1.00e-03 | train_loss=0.8023 train_accuracy=0.7897 train_precision=0.3683 train_recall=0.9255 train_f1=0.5269 | val_loss=0.9778 val_accuracy=0.6779 val_precision=0.3263 val_recall=0.9576 val_f1=0.4867
slurmstepd: error: *** JOB 314397 ON haydn CANCELLED AT 2026-04-22T16:42:45 ***
