/homes/bangchi/miniconda3/envs/TIScalling/lib/python3.10/site-packages/torch/nn/modules/transformer.py:379: UserWarning: enable_nested_tensor is True, but self.use_nested_tensor is False because encoder_layer.norm_first was True
  warnings.warn(
/homes/bangchi/miniconda3/envs/TIScalling/lib/python3.10/site-packages/torch/nn/modules/transformer.py:379: UserWarning: enable_nested_tensor is True, but self.use_nested_tensor is False because encoder_layer.norm_first was True
  warnings.warn(
DEVICE: cuda
total parameters: 33613
total trainable parameters: 33613
Epoch 01 | train_acc=1.0000 train_prec=1.0000 train_rec=1.0000 train_f1=1.0000 | val_acc=0.5000 val_prec=0.5000 val_rec=1.0000 val_f1=0.6667
  -> saved best model by val_f1 to model/test-run_20260416_165255.pt
Epoch 02 | train_acc=0.8000 train_prec=0.6667 train_rec=1.0000 train_f1=0.8000 | val_acc=0.5000 val_prec=0.5000 val_rec=1.0000 val_f1=0.6667
Epoch 03 | train_acc=0.6000 train_prec=0.5000 train_rec=1.0000 train_f1=0.6667 | val_acc=0.5000 val_prec=0.5000 val_rec=1.0000 val_f1=0.6667
Epoch 04 | train_acc=1.0000 train_prec=1.0000 train_rec=1.0000 train_f1=1.0000 | val_acc=0.5000 val_prec=0.5000 val_rec=1.0000 val_f1=0.6667
Epoch 05 | train_acc=1.0000 train_prec=1.0000 train_rec=1.0000 train_f1=1.0000 | val_acc=0.5000 val_prec=0.5000 val_rec=1.0000 val_f1=0.6667
Epoch 06 | train_acc=0.8000 train_prec=0.5000 train_rec=1.0000 train_f1=0.6667 | val_acc=0.5000 val_prec=0.5000 val_rec=1.0000 val_f1=0.6667
Epoch 07 | train_acc=0.8000 train_prec=0.6667 train_rec=1.0000 train_f1=0.8000 | val_acc=0.5000 val_prec=0.5000 val_rec=1.0000 val_f1=0.6667
Epoch 08 | train_acc=1.0000 train_prec=1.0000 train_rec=1.0000 train_f1=1.0000 | val_acc=0.5000 val_prec=0.5000 val_rec=1.0000 val_f1=0.6667
Epoch 09 | train_acc=1.0000 train_prec=1.0000 train_rec=1.0000 train_f1=1.0000 | val_acc=0.5000 val_prec=0.5000 val_rec=1.0000 val_f1=0.6667
Epoch 10 | train_acc=0.8000 train_prec=1.0000 train_rec=0.7500 train_f1=0.8571 | val_acc=0.5000 val_prec=0.5000 val_rec=1.0000 val_f1=0.6667
Best validation F1: 0.6667
(34271, 5)
(33981, 5)
total parameters: 33613
total trainable parameters: 33613
Epoch 01 | train_acc=0.6601 train_prec=0.6532 train_rec=0.6779 train_f1=0.6653 | val_acc=0.6242 val_prec=0.2564 val_rec=0.7136 val_f1=0.3773
  -> saved best model by val_f1 to model/transformer_clf_20260416_165306.pt
Epoch 02 | train_acc=0.7105 train_prec=0.6971 train_rec=0.7420 train_f1=0.7189 | val_acc=0.6075 val_prec=0.2568 val_rec=0.7712 val_f1=0.3853
  -> saved best model by val_f1 to model/transformer_clf_20260416_165306.pt
Epoch 03 | train_acc=0.7346 train_prec=0.7200 train_rec=0.7707 train_f1=0.7445 | val_acc=0.6090 val_prec=0.2561 val_rec=0.7621 val_f1=0.3834
Epoch 04 | train_acc=0.7579 train_prec=0.7425 train_rec=0.7839 train_f1=0.7626 | val_acc=0.7243 val_prec=0.3001 val_rec=0.5470 val_f1=0.3875
  -> saved best model by val_f1 to model/transformer_clf_20260416_165306.pt
Epoch 05 | train_acc=0.7795 train_prec=0.7635 train_rec=0.8072 train_f1=0.7847 | val_acc=0.7095 val_prec=0.2953 val_rec=0.5924 val_f1=0.3942
  -> saved best model by val_f1 to model/transformer_clf_20260416_165306.pt
Epoch 06 | train_acc=0.8101 train_prec=0.7922 train_rec=0.8440 train_f1=0.8173 | val_acc=0.7141 val_prec=0.2974 val_rec=0.5818 val_f1=0.3936
Epoch 07 | train_acc=0.8271 train_prec=0.8108 train_rec=0.8531 train_f1=0.8314 | val_acc=0.6158 val_prec=0.2573 val_rec=0.7470 val_f1=0.3828
Epoch 08 | train_acc=0.8398 train_prec=0.8231 train_rec=0.8642 train_f1=0.8432 | val_acc=0.5880 val_prec=0.2457 val_rec=0.7652 val_f1=0.3720
Epoch 09 | train_acc=0.8519 train_prec=0.8327 train_rec=0.8771 train_f1=0.8543 | val_acc=0.5742 val_prec=0.2408 val_rec=0.7758 val_f1=0.3676
Epoch 10 | train_acc=0.8594 train_prec=0.8405 train_rec=0.8870 train_f1=0.8631 | val_acc=0.5590 val_prec=0.2356 val_rec=0.7864 val_f1=0.3626
Best validation F1: 0.3942
{'accuracy': 0.542685025817556,
 'f1': np.float64(0.2886211512717537),
 'fn': np.int64(2536),
 'fp': np.int64(121),
 'precision': np.float64(0.8166666666666667),
 'recall': np.float64(0.17528455284552846),
 'specificity': np.float64(0.9557586837294333),
 'tn': np.int64(2614),
 'tp': np.int64(539)}

