/homes/bangchi/miniconda3/envs/TIScalling/lib/python3.10/site-packages/torch/nn/modules/transformer.py:379: UserWarning: enable_nested_tensor is True, but self.use_nested_tensor is False because encoder_layer.norm_first was True
  warnings.warn(
DEVICE: cuda
run at: 20260421_091531
Using 2 GPUs
total parameters: 17857
total trainable parameters: 17857
Epoch 01 | lr=1.00e-03 | train_loss=0.2545 train_f1=0.6667 | val_loss=0.3554 val_f1=1.0000
  -> saved best model to model/test-run_20260421_091531.pt
Epoch 02 | lr=1.00e-03 | train_loss=0.1139 train_f1=1.0000 | val_loss=0.3996 val_f1=1.0000
Epoch 03 | lr=1.00e-03 | train_loss=0.1812 train_f1=0.8571 | val_loss=0.4474 val_f1=0.6667
Epoch 04 | lr=1.00e-03 | train_loss=0.1029 train_f1=0.8571 | val_loss=0.5033 val_f1=0.6667
Epoch 05 | lr=1.00e-03 | train_loss=0.0876 train_f1=1.0000 | val_loss=0.5689 val_f1=0.6667
Epoch 06 | lr=5.00e-04 | train_loss=0.1055 train_f1=1.0000 | val_loss=0.5973 val_f1=0.6667
Epoch 07 | lr=5.00e-04 | train_loss=0.0898 train_f1=1.0000 | val_loss=0.6284 val_f1=0.6667
Epoch 08 | lr=5.00e-04 | train_loss=0.0763 train_f1=1.0000 | val_loss=0.6561 val_f1=0.6667
Epoch 09 | lr=5.00e-04 | train_loss=0.0789 train_f1=1.0000 | val_loss=0.6820 val_f1=0.6667
Epoch 10 | lr=2.50e-04 | train_loss=0.0906 train_f1=1.0000 | val_loss=0.6943 val_f1=0.6667
Epoch 11 | lr=2.50e-04 | train_loss=0.0894 train_f1=1.0000 | val_loss=0.7056 val_f1=0.6667
  -> early stopping at epoch 11 (no improvement for 10 epochs)
Best validation F1: 1.0000
(34271, 5)
(32772, 5)
/homes/bangchi/miniconda3/envs/TIScalling/lib/python3.10/site-packages/torch/nn/modules/transformer.py:379: UserWarning: enable_nested_tensor is True, but self.use_nested_tensor is False because encoder_layer.norm_first was True
  warnings.warn(
Using 2 GPUs
total parameters: 17857
total trainable parameters: 17857
Epoch 01 | lr=1.00e-03 | train_loss=0.9811 train_f1=0.3484 | val_loss=0.9529 val_f1=0.3822
  -> saved best model to model/transformer_clf_20260421_091540.pt
Epoch 02 | lr=1.00e-03 | train_loss=0.9424 train_f1=0.3645 | val_loss=0.9833 val_f1=0.4299
  -> saved best model to model/transformer_clf_20260421_091540.pt
Epoch 03 | lr=1.00e-03 | train_loss=0.9381 train_f1=0.3695 | val_loss=0.9417 val_f1=0.4119
Epoch 04 | lr=1.00e-03 | train_loss=0.9361 train_f1=0.3699 | val_loss=0.9593 val_f1=0.4077
Epoch 05 | lr=1.00e-03 | train_loss=0.9318 train_f1=0.3760 | val_loss=0.9420 val_f1=0.4072
Epoch 06 | lr=1.00e-03 | train_loss=0.9304 train_f1=0.3783 | val_loss=0.9409 val_f1=0.4163
Epoch 07 | lr=5.00e-04 | train_loss=0.9164 train_f1=0.3917 | val_loss=0.9488 val_f1=0.4141
Epoch 08 | lr=5.00e-04 | train_loss=0.9096 train_f1=0.3955 | val_loss=0.9326 val_f1=0.4021
Epoch 09 | lr=5.00e-04 | train_loss=0.9035 train_f1=0.4075 | val_loss=0.9293 val_f1=0.4004
Epoch 10 | lr=5.00e-04 | train_loss=0.8999 train_f1=0.4062 | val_loss=0.9321 val_f1=0.4128
Epoch 11 | lr=2.50e-04 | train_loss=0.8877 train_f1=0.4156 | val_loss=0.9398 val_f1=0.4240
Epoch 12 | lr=2.50e-04 | train_loss=0.8833 train_f1=0.4228 | val_loss=0.9449 val_f1=0.4279
  -> early stopping at epoch 12 (no improvement for 10 epochs)
/nas/cluster_data/homes/bangchi/TISCalling/script/train_nn_model_by_site_transformer.py:683: FutureWarning: You are using `torch.load` with `weights_only=False` (the current default value), which uses the default pickle module implicitly. It is possible to construct malicious pickle data which will execute arbitrary code during unpickling (See https://github.com/pytorch/pytorch/blob/main/SECURITY.md#untrusted-models for more details). In a future release, the default value for `weights_only` will be flipped to `True`. This limits the functions that could be executed during unpickling. Arbitrary objects will no longer be allowed to be loaded via this mode unless they are explicitly allowlisted by the user via `torch.serialization.add_safe_globals`. We recommend you start setting `weights_only=True` for any use case where you don't have full control of the loaded file. Please open an issue on GitHub for any issues related to this experimental feature.
  state_dict = torch.load(path, map_location=device)
Best validation F1: 0.4299
{'accuracy': 0.7808298117556666,
 'f1': np.float64(0.35862844294547497),
 'fn': np.int64(467),
 'fp': np.int64(674),
 'mcc': np.float64(0.2308854137549834),
 'precision': np.float64(0.32124874118831825),
 'recall': np.float64(0.405852417302799),
 'specificity': np.float64(0.8475113122171946),
 'tn': np.int64(3746),
 'tp': np.int64(319)}

