/homes/bangchi/miniconda3/envs/TIScalling/lib/python3.10/site-packages/torch/nn/modules/transformer.py:379: UserWarning: enable_nested_tensor is True, but self.use_nested_tensor is False because encoder_layer.norm_first was True
  warnings.warn(
DEVICE: cuda
run at: 20260421_145831
labels: {0: 4, 1: 6}
hyperparameters: {'embed_dim': 32, 'd_model': 64, 'num_layers': 2, 'num_heads': 4, 'ff_dim': 128, 'batch_size': 16, 'max_epoch': 50, 'dropout': 0.2, 'weight_fold': 1}
Using 2 GPUs
total parameters: 156929
total trainable parameters: 156929
Epoch 01 | lr=1.00e-03 | train_loss=0.2924 train_f1=0.6667 | val_loss=0.3734 val_f1=0.0000
  -> saved best model to model/test-run_20260421_145831.pt
Epoch 02 | lr=1.00e-03 | train_loss=0.2528 train_f1=0.8571 | val_loss=0.4051 val_f1=0.0000
Epoch 03 | lr=1.00e-03 | train_loss=0.1847 train_f1=0.8571 | val_loss=0.4384 val_f1=0.0000
Epoch 04 | lr=1.00e-03 | train_loss=0.1609 train_f1=0.8571 | val_loss=0.4729 val_f1=0.6667
  -> saved best model to model/test-run_20260421_145831.pt
Epoch 05 | lr=1.00e-03 | train_loss=0.1001 train_f1=1.0000 | val_loss=0.5270 val_f1=0.6667
Epoch 06 | lr=1.00e-03 | train_loss=0.0698 train_f1=1.0000 | val_loss=0.5935 val_f1=0.6667
Epoch 07 | lr=1.00e-03 | train_loss=0.0370 train_f1=1.0000 | val_loss=0.6777 val_f1=0.6667
Epoch 08 | lr=1.00e-03 | train_loss=0.0264 train_f1=1.0000 | val_loss=0.7758 val_f1=0.6667
Epoch 09 | lr=1.00e-03 | train_loss=0.0144 train_f1=1.0000 | val_loss=0.8831 val_f1=0.6667
  -> early stopping at epoch 9 (no improvement for 5 epochs)
Best validation F1: 0.6667
(34271, 5)
(32772, 5)
/homes/bangchi/miniconda3/envs/TIScalling/lib/python3.10/site-packages/torch/nn/modules/transformer.py:379: UserWarning: enable_nested_tensor is True, but self.use_nested_tensor is False because encoder_layer.norm_first was True
  warnings.warn(
labels: {1: 5216, 0: 27556}
hyperparameters: {'embed_dim': 32, 'd_model': 64, 'num_layers': 2, 'num_heads': 4, 'ff_dim': 128, 'batch_size': 16, 'max_epoch': 50, 'dropout': 0.2, 'weight_fold': 1}
Using 2 GPUs
total parameters: 156929
total trainable parameters: 156929
Epoch 01 | lr=1.00e-03 | train_loss=0.9866 train_f1=0.3442 | val_loss=0.9646 val_f1=0.3984
  -> saved best model to model/transformer_clf_20260421_145842.pt
Epoch 02 | lr=1.00e-03 | train_loss=0.9462 train_f1=0.3659 | val_loss=0.9929 val_f1=0.4145
  -> saved best model to model/transformer_clf_20260421_145842.pt
Epoch 03 | lr=1.00e-03 | train_loss=0.9367 train_f1=0.3742 | val_loss=0.9843 val_f1=0.3825
Epoch 04 | lr=1.00e-03 | train_loss=0.9275 train_f1=0.3792 | val_loss=0.9637 val_f1=0.3790
Epoch 05 | lr=1.00e-03 | train_loss=0.9182 train_f1=0.3820 | val_loss=0.9828 val_f1=0.4112
Epoch 06 | lr=1.00e-03 | train_loss=0.9057 train_f1=0.3947 | val_loss=1.0118 val_f1=0.4003
Epoch 07 | lr=1.00e-03 | train_loss=0.8993 train_f1=0.3950 | val_loss=1.0287 val_f1=0.3995
  -> early stopping at epoch 7 (no improvement for 5 epochs)
/nas/cluster_data/homes/bangchi/TISCalling/script/train_nn_model_by_site_transformer.py:675: FutureWarning: You are using `torch.load` with `weights_only=False` (the current default value), which uses the default pickle module implicitly. It is possible to construct malicious pickle data which will execute arbitrary code during unpickling (See https://github.com/pytorch/pytorch/blob/main/SECURITY.md#untrusted-models for more details). In a future release, the default value for `weights_only` will be flipped to `True`. This limits the functions that could be executed during unpickling. Arbitrary objects will no longer be allowed to be loaded via this mode unless they are explicitly allowlisted by the user via `torch.serialization.add_safe_globals`. We recommend you start setting `weights_only=True` for any use case where you don't have full control of the loaded file. Please open an issue on GitHub for any issues related to this experimental feature.
  state_dict = torch.load(path, map_location=device)
Best validation F1: 0.4145
Traceback (most recent call last):
  File "/homes/bangchi/miniconda3/envs/TIScalling/lib/python3.10/site-packages/torch/serialization.py", line 757, in _check_seekable
    f.seek(f.tell())
AttributeError: 'tuple' object has no attribute 'seek'

During handling of the above exception, another exception occurred:

Traceback (most recent call last):
  File "/nas/cluster_data/homes/bangchi/TISCalling/script/train_nn_model_by_site_transformer.py", line 755, in <module>
    if __name__ == '__main__':
  File "/nas/cluster_data/homes/bangchi/TISCalling/script/train_nn_model_by_site_transformer.py", line 747, in main
    
  File "/nas/cluster_data/homes/bangchi/TISCalling/script/train_nn_model_by_site_transformer.py", line 675, in load_model
    
  File "/homes/bangchi/miniconda3/envs/TIScalling/lib/python3.10/site-packages/torch/serialization.py", line 1319, in load
    with _open_file_like(f, "rb") as opened_file:
  File "/homes/bangchi/miniconda3/envs/TIScalling/lib/python3.10/site-packages/torch/serialization.py", line 664, in _open_file_like
    return _open_buffer_reader(name_or_buffer)
  File "/homes/bangchi/miniconda3/envs/TIScalling/lib/python3.10/site-packages/torch/serialization.py", line 649, in __init__
    _check_seekable(buffer)
  File "/homes/bangchi/miniconda3/envs/TIScalling/lib/python3.10/site-packages/torch/serialization.py", line 760, in _check_seekable
    raise_err_msg(["seek", "tell"], e)
  File "/homes/bangchi/miniconda3/envs/TIScalling/lib/python3.10/site-packages/torch/serialization.py", line 753, in raise_err_msg
    raise type(e)(msg)
AttributeError: 'tuple' object has no attribute 'seek'. You can only torch.load from a file that is seekable. Please pre-load the data into a buffer like io.BytesIO and try to load from it instead.
