[transformers] The `check_model_inputs` decorator is deprecated in favor of `merge_with_config_defaults`.
DEVICE: cuda:1
Loading tokenizer: multimolecule/rinalmo-micro
(34271, 6)
(34271, 6)
labels: {1: 4394, 0: 29877}
(5970, 6) (5218, 6)
Loading backbone: multimolecule/rinalmo-micro
Loading weights:   0%|          | 0/183 [00:00<?, ?it/s]Loading weights: 100%|██████████| 183/183 [00:00<00:00, 33004.71it/s]
[transformers] [1mRiNALMoModel LOAD REPORT[0m from: multimolecule/rinalmo-micro
Key                                 | Status     | 
------------------------------------+------------+-
lm_head.bias                        | UNEXPECTED | 
lm_head.transform.dense.bias        | UNEXPECTED | 
lm_head.transform.layer_norm.weight | UNEXPECTED | 
lm_head.transform.layer_norm.bias   | UNEXPECTED | 
lm_head.transform.dense.weight      | UNEXPECTED | 
pooler.dense.weight                 | MISSING    | 
pooler.dense.bias                   | MISSING    | 

Notes:
- UNEXPECTED:	can be ignored when loading from different task/architecture; not ok if you expect identical arch.
- MISSING:	those params were newly initialized because missing from the checkpoint. Consider training on your downstream task.
trainable params: 301,920 || all params: 33,783,372 || trainable%: 0.8937
Total params: 34,707,853  |  Trainable: 1,226,401
/nas/cluster_data/homes/bangchi/TISCalling/model/rinalmo_dora_20260505_132022.py:490: FutureWarning: You are using `torch.load` with `weights_only=False` (the current default value), which uses the default pickle module implicitly. It is possible to construct malicious pickle data which will execute arbitrary code during unpickling (See https://github.com/pytorch/pytorch/blob/main/SECURITY.md#untrusted-models for more details). In a future release, the default value for `weights_only` will be flipped to `True`. This limits the functions that could be executed during unpickling. Arbitrary objects will no longer be allowed to be loaded via this mode unless they are explicitly allowlisted by the user via `torch.serialization.add_safe_globals`. We recommend you start setting `weights_only=True` for any use case where you don't have full control of the loaded file. Please open an issue on GitHub for any issues related to this experimental feature.
  sd    = torch.load(path, map_location=device)
/nas/cluster_data/homes/bangchi/TISCalling/script/evaluate_model.py:242: SettingWithCopyWarning: 
A value is trying to be set on a copy of a slice from a DataFrame.
Try using .loc[row_indexer,col_indexer] = value instead

See the caveats in the documentation: https://pandas.pydata.org/pandas-docs/stable/user_guide/indexing.html#returning-a-view-versus-a-copy
  df_test['yhat_prob'] = yhat_prob.numpy().tolist()
/nas/cluster_data/homes/bangchi/TISCalling/script/evaluate_model.py:243: SettingWithCopyWarning: 
A value is trying to be set on a copy of a slice from a DataFrame.
Try using .loc[row_indexer,col_indexer] = value instead

See the caveats in the documentation: https://pandas.pydata.org/pandas-docs/stable/user_guide/indexing.html#returning-a-view-versus-a-copy
  df_test['yhat'] = yhat.numpy().tolist()
/homes/bangchi/miniconda3/envs/TIScalling/lib/python3.10/site-packages/sklearn/metrics/_classification.py:2466: UserWarning: y_pred contains classes not in y_true
  warnings.warn("y_pred contains classes not in y_true")
{'accuracy': 0.9946398659966499, 'balanced_accuracy': np.float64(0.9911041406012742), 'precision': np.float64(0.9663250366032211), 'recall': np.float64(0.9865470852017937), 'specificity': np.float64(0.9956611960007545), 'auc': np.float64(0.9991272763776133), 'aupr': np.float64(0.9963076167111157), 'f1': np.float64(0.9763313609467456), 'mcc': np.float64(0.9733758016784709), 'tp': 660, 'tn': 5278, 'fp': 23, 'fn': 9, 'total': 5970, 'balanced_downsample_accuracy_mean': np.float64(0.9911733931240658), 'balanced_downsample_accuracy_std': np.float64(0.0011909685364731647), 'balanced_downsample_balanced_accuracy_mean': np.float64(0.9911733931240657), 'balanced_downsample_balanced_accuracy_std': np.float64(0.0011909685364731738), 'balanced_downsample_precision_mean': np.float64(0.995766162082131), 'balanced_downsample_precision_std': np.float64(0.0023896830049083438), 'balanced_downsample_recall_mean': np.float64(0.9865470852017937), 'balanced_downsample_recall_std': np.float64(0.0), 'balanced_downsample_specificity_mean': np.float64(0.9957997010463377), 'balanced_downsample_specificity_std': np.float64(0.0023819370729463102), 'balanced_downsample_auc_mean': np.float64(0.9991327215731487), 'balanced_downsample_auc_std': np.float64(0.00012560317987200668), 'balanced_downsample_aupr_mean': np.float64(0.9992571398115899), 'balanced_downsample_aupr_std': np.float64(0.00012605465824809986), 'balanced_downsample_f1_mean': np.float64(0.9911337721973507), 'balanced_downsample_f1_std': np.float64(0.0011848227976978863), 'balanced_downsample_mcc_mean': np.float64(0.9823916454679518), 'balanced_downsample_mcc_std': np.float64(0.00240156274900906), 'balanced_downsample_tp_mean': np.float64(660.0), 'balanced_downsample_tp_std': np.float64(0.0), 'balanced_downsample_tn_mean': np.float64(666.19), 'balanced_downsample_tn_std': np.float64(1.5935159018010863), 'balanced_downsample_fp_mean': np.float64(2.81), 'balanced_downsample_fp_std': np.float64(1.5935159018010865), 'balanced_downsample_fn_mean': np.float64(9.0), 'balanced_downsample_fn_std': np.float64(0.0), 'balanced_downsample_total_mean': np.float64(1338.0), 'balanced_downsample_total_std': np.float64(0.0)}
      section  accuracy  balanced_accuracy  precision    recall  specificity       auc      aupr        f1       mcc   tp    tn  fp  fn  total  balanced_downsample_accuracy_mean  balanced_downsample_accuracy_std  balanced_downsample_balanced_accuracy_mean  balanced_downsample_balanced_accuracy_std  balanced_downsample_precision_mean  balanced_downsample_precision_std  balanced_downsample_recall_mean  balanced_downsample_recall_std  balanced_downsample_specificity_mean  balanced_downsample_specificity_std  balanced_downsample_auc_mean  balanced_downsample_auc_std  balanced_downsample_aupr_mean  balanced_downsample_aupr_std  balanced_downsample_f1_mean  balanced_downsample_f1_std  balanced_downsample_mcc_mean  balanced_downsample_mcc_std  balanced_downsample_tp_mean  balanced_downsample_tp_std  balanced_downsample_tn_mean  balanced_downsample_tn_std  balanced_downsample_fp_mean  balanced_downsample_fp_std  balanced_downsample_fn_mean  balanced_downsample_fn_std  balanced_downsample_total_mean  balanced_downsample_total_std
5     3UTRATG  0.944444           0.970588   0.500000  1.000000     0.941176  0.941176  0.500000  0.666667  0.685994    1    16   1   0     18                           0.980000                      9.847319e-02                                    0.980000                               9.847319e-02                            0.980000                           0.098473                         1.000000                    0.000000e+00                              0.960000                             0.196946                      0.960000                     0.196946                       0.980000                      0.098473                     0.986667                    0.065649                      0.960000                 1.969464e-01                          1.0                         0.0                         0.96                    0.196946                         0.04                    0.196946                          0.0                         0.0                             2.0                            0.0
6  3UTRnonATG  0.993902           0.993902   0.000000  0.000000     0.993902       NaN       NaN  0.000000  0.000000    0   163   1   0    164                                NaN                               NaN                                         NaN                                        NaN                                 NaN                                NaN                              NaN                             NaN                                   NaN                                  NaN                           NaN                          NaN                            NaN                           NaN                          NaN                         NaN                           NaN                          NaN                          NaN                         NaN                          NaN                         NaN                          NaN                         NaN                          NaN                         NaN                             NaN                            NaN
1     5UTRATG  0.964602           0.966551   0.939597  0.979021     0.954082  0.991544  0.992145  0.958904  0.928444  140   187   9   3    339                           0.966783                      5.176619e-03                                    0.966783                               5.176619e-03                            0.955728                           0.009677                         0.979021                    4.463264e-16                              0.954545                             0.010353                      0.991559                     0.000674                       0.993803                      0.000658                     0.967210                    0.004951                      0.933893                 1.012895e-02                        140.0                         0.0                       136.50                    1.480513                         6.50                    1.480513                          3.0                         0.0                           286.0                            0.0
2  5UTRnonATG  0.998379           0.979806   0.907407  0.960784     0.998828  0.999247  0.967357  0.933333  0.932904   49  4263   5   2   4319                           0.979902                      2.559966e-03                                    0.979902                               2.559966e-03                            0.999008                           0.005163                         0.960784                    3.347448e-16                              0.999020                             0.005120                      0.999150                     0.001092                       0.999153                      0.001152                     0.979517                    0.002519                      0.960519                 5.237374e-03                         49.0                         0.0                        50.95                    0.261116                         0.05                    0.261116                          2.0                         0.0                           102.0                            0.0
0   Annotated  0.995086           0.997537   1.000000  0.995074     1.000000  1.000000  1.000000  0.997531  0.575926  404     1   0   2    407                           1.000000                      0.000000e+00                                    1.000000                               0.000000e+00                            1.000000                           0.000000                         1.000000                    0.000000e+00                              1.000000                             0.000000                      1.000000                     0.000000                       1.000000                      0.000000                     1.000000                    0.000000                      1.000000                 0.000000e+00                          1.0                         0.0                         1.00                    0.000000                         0.00                    0.000000                          0.0                         0.0                             2.0                            0.0
4      CDSATG  0.951613           0.958904   0.894737  1.000000     0.917808  0.997045  0.995885  0.944444  0.906199   51    67   6   0    124                           0.958137                      1.113511e-02                                    0.958137                               1.113511e-02                            0.923133                           0.019188                         1.000000                    0.000000e+00                              0.916275                             0.022270                      0.996990                     0.001086                       0.997041                      0.001045                     0.959928                    0.010317                      0.919696                 2.073285e-02                         51.0                         0.0                        46.73                    1.135782                         4.27                    1.135782                          0.0                         0.0                           102.0                            0.0
3   CDSnonATG  0.994992           0.940317   0.937500  0.882353     0.998282  0.991813  0.948026  0.909091  0.906959   15   581   1   2    599                           0.941176                      1.115816e-16                                    0.941176                               1.115816e-16                            1.000000                           0.000000                         0.882353                    0.000000e+00                              1.000000                             0.000000                      0.992976                     0.004128                       0.993925                      0.003226                     0.937500                    0.000000                      0.888523                 1.115816e-16                         15.0                         0.0                        17.00                    0.000000                         0.00                    0.000000                          2.0                         0.0                            34.0                            0.0
