/homes/bangchi/miniconda3/envs/TIScalling/lib/python3.10/site-packages/torch/nn/modules/transformer.py:379: UserWarning: enable_nested_tensor is True, but self.use_nested_tensor is False because encoder_layer.norm_first was True
  warnings.warn(
DEVICE: cuda
run at: 20260420_170637
Using 2 GPUs
total parameters: 9313
total trainable parameters: 9313
Epoch 01 | lr=1.00e-03 | train_loss=0.2003 train_f1=0.6667 | val_loss=0.3561 val_f1=1.0000
  -> saved best model to model/test-run_20260420_170638.pt
Epoch 02 | lr=1.00e-03 | train_loss=0.2248 train_f1=0.6667 | val_loss=0.3786 val_f1=1.0000
Epoch 03 | lr=1.00e-03 | train_loss=0.1662 train_f1=0.8571 | val_loss=0.4053 val_f1=1.0000
Epoch 04 | lr=1.00e-03 | train_loss=0.1422 train_f1=0.8571 | val_loss=0.4341 val_f1=0.6667
Epoch 05 | lr=1.00e-03 | train_loss=0.1350 train_f1=1.0000 | val_loss=0.4667 val_f1=0.6667
Epoch 06 | lr=5.00e-04 | train_loss=0.1380 train_f1=0.8571 | val_loss=0.4844 val_f1=0.6667
  -> early stopping at epoch 6 (no improvement for 5 epochs)
Best validation F1: 1.0000
(34271, 5)
(32772, 5)
/homes/bangchi/miniconda3/envs/TIScalling/lib/python3.10/site-packages/torch/nn/modules/transformer.py:379: UserWarning: enable_nested_tensor is True, but self.use_nested_tensor is False because encoder_layer.norm_first was True
  warnings.warn(
Using 2 GPUs
total parameters: 9313
total trainable parameters: 9313
Epoch 01 | lr=1.00e-03 | train_loss=0.9860 train_f1=0.3461 | val_loss=0.9518 val_f1=0.3865
  -> saved best model to model/transformer_clf_20260420_170647.pt
Epoch 02 | lr=1.00e-03 | train_loss=0.9447 train_f1=0.3630 | val_loss=0.9454 val_f1=0.4153
  -> saved best model to model/transformer_clf_20260420_170647.pt
Epoch 03 | lr=1.00e-03 | train_loss=0.9366 train_f1=0.3731 | val_loss=0.9374 val_f1=0.4069
Epoch 04 | lr=1.00e-03 | train_loss=0.9354 train_f1=0.3733 | val_loss=0.9454 val_f1=0.4146
slurmstepd: error: *** JOB 309733 ON handel CANCELLED AT 2026-04-20T17:12:03 ***
