/homes/bangchi/miniconda3/envs/TIScalling/lib/python3.10/site-packages/torch/nn/modules/transformer.py:379: UserWarning: enable_nested_tensor is True, but self.use_nested_tensor is False because encoder_layer.norm_first was True
  warnings.warn(
DEVICE: cuda
Using 2 GPUs
total parameters: 33521
total trainable parameters: 33521
Epoch 01 | lr=1.00e-03 | train_loss=0.3737 train_f1=0.0000 | val_loss=0.4539 val_f1=0.0000
  -> saved best model to model/test-run_20260420_091550.pt
Epoch 02 | lr=1.00e-03 | train_loss=0.2695 train_f1=0.0000 | val_loss=0.4564 val_f1=0.0000
Epoch 03 | lr=1.00e-03 | train_loss=0.3382 train_f1=0.0000 | val_loss=0.4591 val_f1=0.0000
Epoch 04 | lr=1.00e-03 | train_loss=0.3229 train_f1=0.4000 | val_loss=0.4618 val_f1=0.0000
Epoch 05 | lr=1.00e-03 | train_loss=0.3410 train_f1=0.0000 | val_loss=0.4645 val_f1=0.0000
Epoch 06 | lr=5.00e-04 | train_loss=0.3803 train_f1=0.0000 | val_loss=0.4659 val_f1=0.0000
  -> early stopping at epoch 6 (no improvement for 5 epochs)
Best validation F1: 0.0000
(34271, 5)
(32772, 5)
/homes/bangchi/miniconda3/envs/TIScalling/lib/python3.10/site-packages/torch/nn/modules/transformer.py:379: UserWarning: enable_nested_tensor is True, but self.use_nested_tensor is False because encoder_layer.norm_first was True
  warnings.warn(
Using 2 GPUs
total parameters: 33521
total trainable parameters: 33521
Epoch 01 | lr=1.00e-03 | train_loss=1.0475 train_f1=0.3208 | val_loss=1.0242 val_f1=0.3669
  -> saved best model to model/transformer_clf_20260420_091601.pt
Epoch 02 | lr=1.00e-03 | train_loss=0.9873 train_f1=0.3400 | val_loss=0.9921 val_f1=0.3897
  -> saved best model to model/transformer_clf_20260420_091601.pt
Epoch 03 | lr=1.00e-03 | train_loss=0.9588 train_f1=0.3520 | val_loss=0.9786 val_f1=0.3920
  -> saved best model to model/transformer_clf_20260420_091601.pt
Epoch 04 | lr=1.00e-03 | train_loss=0.9424 train_f1=0.3641 | val_loss=0.9769 val_f1=0.3853
slurmstepd: error: *** JOB 309650 ON haydn CANCELLED AT 2026-04-20T09:21:38 ***
