/homes/bangchi/miniconda3/envs/TIScalling/lib/python3.10/site-packages/torch/nn/modules/transformer.py:379: UserWarning: enable_nested_tensor is True, but self.use_nested_tensor is False because encoder_layer.norm_first was True
  warnings.warn(
DEVICE: cuda
run at: 20260421_154600
labels: {0: 4, 1: 6}
hyperparameters: {'embed_dim': 32, 'd_model': 64, 'num_layers': 2, 'num_heads': 4, 'ff_dim': 128, 'batch_size': 16, 'max_epoch': 50, 'dropout': 0.2, 'weight_fold': 1}
Using 2 GPUs
total parameters: 156993
total trainable parameters: 156993
Epoch 01 | lr=1.00e-03 | train_loss=0.0832 train_f1=1.0000 | val_loss=0.7312 val_f1=0.6667
  -> saved best model to model/test-run_20260421_154600.pt
Epoch 02 | lr=1.00e-03 | train_loss=0.0552 train_f1=1.0000 | val_loss=0.8403 val_f1=0.6667
Epoch 03 | lr=1.00e-03 | train_loss=0.0306 train_f1=1.0000 | val_loss=0.9575 val_f1=0.6667
Epoch 04 | lr=1.00e-03 | train_loss=0.0196 train_f1=1.0000 | val_loss=1.0806 val_f1=0.6667
Epoch 05 | lr=1.00e-03 | train_loss=0.0170 train_f1=1.0000 | val_loss=1.2275 val_f1=0.6667
Epoch 06 | lr=1.00e-03 | train_loss=0.0107 train_f1=1.0000 | val_loss=1.3962 val_f1=0.6667
  -> early stopping at epoch 6 (no improvement for 5 epochs)
Best validation F1: 0.6667
(34271, 5)
(32772, 5)
/homes/bangchi/miniconda3/envs/TIScalling/lib/python3.10/site-packages/torch/nn/modules/transformer.py:379: UserWarning: enable_nested_tensor is True, but self.use_nested_tensor is False because encoder_layer.norm_first was True
  warnings.warn(
labels: {1: 5216, 0: 27556}
hyperparameters: {'embed_dim': 32, 'd_model': 64, 'num_layers': 2, 'num_heads': 4, 'ff_dim': 128, 'batch_size': 16, 'max_epoch': 50, 'dropout': 0.2, 'weight_fold': 1}
Using 2 GPUs
total parameters: 156993
total trainable parameters: 156993
Epoch 01 | lr=1.00e-03 | train_loss=0.9955 train_f1=0.3455 | val_loss=0.9499 val_f1=0.3990
  -> saved best model to model/transformer_clf_20260421_154610.pt
Epoch 02 | lr=1.00e-03 | train_loss=0.9449 train_f1=0.3658 | val_loss=0.9768 val_f1=0.4343
  -> saved best model to model/transformer_clf_20260421_154610.pt
Epoch 03 | lr=1.00e-03 | train_loss=0.9332 train_f1=0.3773 | val_loss=1.0257 val_f1=0.3893
Epoch 04 | lr=1.00e-03 | train_loss=0.9256 train_f1=0.3835 | val_loss=0.9564 val_f1=0.4046
Epoch 05 | lr=1.00e-03 | train_loss=0.9148 train_f1=0.3864 | val_loss=0.9755 val_f1=0.3916
Epoch 06 | lr=1.00e-03 | train_loss=0.9047 train_f1=0.3955 | val_loss=0.9605 val_f1=0.3930
Epoch 07 | lr=1.00e-03 | train_loss=0.8988 train_f1=0.3989 | val_loss=1.0040 val_f1=0.4053
  -> early stopping at epoch 7 (no improvement for 5 epochs)
/nas/cluster_data/homes/bangchi/TISCalling/script/train_nn_model_by_site_transformer.py:677: FutureWarning: You are using `torch.load` with `weights_only=False` (the current default value), which uses the default pickle module implicitly. It is possible to construct malicious pickle data which will execute arbitrary code during unpickling (See https://github.com/pytorch/pytorch/blob/main/SECURITY.md#untrusted-models for more details). In a future release, the default value for `weights_only` will be flipped to `True`. This limits the functions that could be executed during unpickling. Arbitrary objects will no longer be allowed to be loaded via this mode unless they are explicitly allowlisted by the user via `torch.serialization.add_safe_globals`. We recommend you start setting `weights_only=True` for any use case where you don't have full control of the loaded file. Please open an issue on GitHub for any issues related to this experimental feature.
  state_dict = torch.load(path, map_location=device)
Best validation F1: 0.4343
{'accuracy': 0.7089896273530542,
 'f1': np.float64(0.3669034684496448),
 'fn': np.int64(347),
 'fp': np.int64(1168),
 'mcc': np.float64(0.22807132490049653),
 'precision': np.float64(0.2731798382078407),
 'recall': np.float64(0.5585241730279898),
 'specificity': np.float64(0.7357466063348417),
 'tn': np.int64(3252),
 'tp': np.int64(439)}

