/homes/bangchi/miniconda3/envs/TIScalling/lib/python3.10/site-packages/torch/nn/modules/transformer.py:379: UserWarning: enable_nested_tensor is True, but self.use_nested_tensor is False because encoder_layer.norm_first was True
  warnings.warn(
DEVICE: cuda
run at: 20260420_152346
Using 2 GPUs
total parameters: 33545
total trainable parameters: 33545
Epoch 01 | lr=1.00e-03 | train_loss=0.1885 train_f1=1.0000 | val_loss=0.7193 val_f1=0.6667
  -> saved best model to model/test-run_20260420_152348.pt
Epoch 02 | lr=1.00e-03 | train_loss=0.1810 train_f1=0.8571 | val_loss=0.7218 val_f1=0.6667
Epoch 03 | lr=1.00e-03 | train_loss=0.1560 train_f1=0.8571 | val_loss=0.7256 val_f1=0.6667
Epoch 04 | lr=1.00e-03 | train_loss=0.1547 train_f1=1.0000 | val_loss=0.7285 val_f1=0.6667
Epoch 05 | lr=1.00e-03 | train_loss=0.2072 train_f1=0.6667 | val_loss=0.7301 val_f1=0.6667
Epoch 06 | lr=5.00e-04 | train_loss=0.1836 train_f1=0.8571 | val_loss=0.7310 val_f1=0.6667
  -> early stopping at epoch 6 (no improvement for 5 epochs)
Best validation F1: 0.6667
(34271, 5)
(32772, 5)
/homes/bangchi/miniconda3/envs/TIScalling/lib/python3.10/site-packages/torch/nn/modules/transformer.py:379: UserWarning: enable_nested_tensor is True, but self.use_nested_tensor is False because encoder_layer.norm_first was True
  warnings.warn(
Using 2 GPUs
total parameters: 33545
total trainable parameters: 33545
Epoch 01 | lr=1.00e-03 | train_loss=0.0164 train_f1=0.9908 | val_loss=0.0000 val_f1=1.0000
  -> saved best model to model/transformer_clf_20260420_152358.pt
Epoch 02 | lr=1.00e-03 | train_loss=0.0002 train_f1=0.9999 | val_loss=0.0000 val_f1=1.0000
slurmstepd: error: *** JOB 309727 ON handel CANCELLED AT 2026-04-20T15:27:14 ***
