/homes/bangchi/miniconda3/envs/TIScalling/lib/python3.10/site-packages/torch/nn/modules/transformer.py:379: UserWarning: enable_nested_tensor is True, but self.use_nested_tensor is False because encoder_layer.norm_first was True
  warnings.warn(
DEVICE: cuda
run at: 20260422_140903
labels: {0: 4, 1: 6}
hyperparameters: {'embed_dim': 64, 'd_model': 64, 'num_layers': 3, 'num_heads': 8, 'ff_dim': 128, 'batch_size': 16, 'max_epoch': 50, 'dropout': 0.1, 'weight_fold': 1, 'max_len': 201}
Using 2 GPUs
total parameters: 109569
total trainable parameters: 109569
Epoch 01 | lr=1.00e-03 | train_loss=0.2601 train_accuracy=0.4000 train_precision=1.0000 train_recall=0.2500 train_loss=0.2601 train_f1=0.4000 | val_loss=0.8570 val_accuracy=0.5000 val_precision=0.5000 val_recall=1.0000 val_f1=0.6667
  -> saved best model to model/test-run_20260422_140904.pt
Epoch 02 | lr=1.00e-03 | train_loss=0.1809 train_accuracy=1.0000 train_precision=1.0000 train_recall=1.0000 train_loss=0.1809 train_f1=1.0000 | val_loss=1.0669 val_accuracy=0.5000 val_precision=0.5000 val_recall=1.0000 val_f1=0.6667
Epoch 03 | lr=1.00e-03 | train_loss=0.0568 train_accuracy=1.0000 train_precision=1.0000 train_recall=1.0000 train_loss=0.0568 train_f1=1.0000 | val_loss=1.2758 val_accuracy=0.5000 val_precision=0.5000 val_recall=1.0000 val_f1=0.6667
Epoch 04 | lr=1.00e-03 | train_loss=0.0458 train_accuracy=1.0000 train_precision=1.0000 train_recall=1.0000 train_loss=0.0458 train_f1=1.0000 | val_loss=1.4797 val_accuracy=0.5000 val_precision=0.5000 val_recall=1.0000 val_f1=0.6667
Epoch 05 | lr=1.00e-03 | train_loss=0.0156 train_accuracy=1.0000 train_precision=1.0000 train_recall=1.0000 train_loss=0.0156 train_f1=1.0000 | val_loss=1.6845 val_accuracy=0.5000 val_precision=0.5000 val_recall=1.0000 val_f1=0.6667
Epoch 06 | lr=1.00e-03 | train_loss=0.0098 train_accuracy=1.0000 train_precision=1.0000 train_recall=1.0000 train_loss=0.0098 train_f1=1.0000 | val_loss=1.8799 val_accuracy=0.5000 val_precision=0.5000 val_recall=1.0000 val_f1=0.6667
  -> early stopping at epoch 6 (no improvement for 5 epochs)
Best validation F1: 0.6667
(34271, 5)
/homes/bangchi/miniconda3/envs/TIScalling/lib/python3.10/site-packages/torch/nn/modules/transformer.py:379: UserWarning: enable_nested_tensor is True, but self.use_nested_tensor is False because encoder_layer.norm_first was True
  warnings.warn(
labels: {1: 4394, 0: 29877}
hyperparameters: {'embed_dim': 64, 'd_model': 64, 'num_layers': 3, 'num_heads': 8, 'ff_dim': 128, 'batch_size': 16, 'max_epoch': 50, 'dropout': 0.1, 'weight_fold': 1, 'max_len': 201}
Using 2 GPUs
total parameters: 109569
total trainable parameters: 109569
Epoch 01 | lr=1.00e-03 | train_loss=0.9896 train_accuracy=0.6804 train_precision=0.2420 train_recall=0.7159 train_loss=0.9896 train_f1=0.3618 | val_loss=0.9762 val_accuracy=0.7107 val_precision=0.3356 val_recall=0.8303 val_f1=0.4780
  -> saved best model to model/transformer_clf_20260422_140907.pt
Epoch 02 | lr=1.00e-03 | train_loss=0.7486 train_accuracy=0.7851 train_precision=0.3496 train_recall=0.8126 train_loss=0.7486 train_f1=0.4889 | val_loss=0.7769 val_accuracy=0.7496 val_precision=0.3786 val_recall=0.8879 val_f1=0.5308
  -> saved best model to model/transformer_clf_20260422_140907.pt
Epoch 03 | lr=1.00e-03 | train_loss=0.6319 train_accuracy=0.8352 train_precision=0.4238 train_recall=0.8412 train_loss=0.6319 train_f1=0.5636 | val_loss=0.6815 val_accuracy=0.8470 val_precision=0.5125 val_recall=0.8379 val_f1=0.6360
  -> saved best model to model/transformer_clf_20260422_140907.pt
Epoch 04 | lr=1.00e-03 | train_loss=0.5773 train_accuracy=0.8569 train_precision=0.4644 train_recall=0.8552 train_loss=0.5773 train_f1=0.6019 | val_loss=0.6332 val_accuracy=0.8511 val_precision=0.5203 val_recall=0.8545 val_f1=0.6468
  -> saved best model to model/transformer_clf_20260422_140907.pt
Epoch 05 | lr=1.00e-03 | train_loss=0.5392 train_accuracy=0.8646 train_precision=0.4804 train_recall=0.8581 train_loss=0.5392 train_f1=0.6160 | val_loss=0.5956 val_accuracy=0.8615 val_precision=0.5424 val_recall=0.8439 val_f1=0.6603
  -> saved best model to model/transformer_clf_20260422_140907.pt
Epoch 06 | lr=1.00e-03 | train_loss=0.5254 train_accuracy=0.8687 train_precision=0.4892 train_recall=0.8656 train_loss=0.5254 train_f1=0.6251 | val_loss=0.5880 val_accuracy=0.8289 val_precision=0.4802 val_recall=0.8803 val_f1=0.6214
Epoch 07 | lr=1.00e-03 | train_loss=0.5116 train_accuracy=0.8706 train_precision=0.4935 train_recall=0.8786 train_loss=0.5116 train_f1=0.6320 | val_loss=0.6005 val_accuracy=0.8523 val_precision=0.5230 val_recall=0.8439 val_f1=0.6458
Epoch 08 | lr=1.00e-03 | train_loss=0.4995 train_accuracy=0.8737 train_precision=0.5006 train_recall=0.8734 train_loss=0.4995 train_f1=0.6364 | val_loss=0.5729 val_accuracy=0.8792 val_precision=0.5857 val_recall=0.8288 val_f1=0.6863
  -> saved best model to model/transformer_clf_20260422_140907.pt
Epoch 09 | lr=1.00e-03 | train_loss=0.4824 train_accuracy=0.8781 train_precision=0.5104 train_recall=0.8825 train_loss=0.4824 train_f1=0.6468 | val_loss=0.5704 val_accuracy=0.8117 val_precision=0.4554 val_recall=0.9197 val_f1=0.6091
Epoch 10 | lr=1.00e-03 | train_loss=0.4753 train_accuracy=0.8791 train_precision=0.5128 train_recall=0.8881 train_loss=0.4753 train_f1=0.6501 | val_loss=0.5849 val_accuracy=0.8258 val_precision=0.4759 val_recall=0.9136 val_f1=0.6258
Epoch 11 | lr=1.00e-03 | train_loss=0.4625 train_accuracy=0.8817 train_precision=0.5189 train_recall=0.8877 train_loss=0.4625 train_f1=0.6550 | val_loss=0.5964 val_accuracy=0.8545 val_precision=0.5266 val_recall=0.8712 val_f1=0.6564
Epoch 12 | lr=1.00e-03 | train_loss=0.4579 train_accuracy=0.8849 train_precision=0.5266 train_recall=0.8887 train_loss=0.4579 train_f1=0.6613 | val_loss=0.6135 val_accuracy=0.8741 val_precision=0.5723 val_recall=0.8333 val_f1=0.6786
Epoch 13 | lr=1.00e-03 | train_loss=0.4395 train_accuracy=0.8914 train_precision=0.5425 train_recall=0.9030 train_loss=0.4395 train_f1=0.6778 | val_loss=0.5852 val_accuracy=0.8630 val_precision=0.5450 val_recall=0.8530 val_f1=0.6651
  -> early stopping at epoch 13 (no improvement for 5 epochs)
/nas/cluster_data/homes/bangchi/TISCalling/script/train_nn_model_by_site_transformer.py:685: FutureWarning: You are using `torch.load` with `weights_only=False` (the current default value), which uses the default pickle module implicitly. It is possible to construct malicious pickle data which will execute arbitrary code during unpickling (See https://github.com/pytorch/pytorch/blob/main/SECURITY.md#untrusted-models for more details). In a future release, the default value for `weights_only` will be flipped to `True`. This limits the functions that could be executed during unpickling. Arbitrary objects will no longer be allowed to be loaded via this mode unless they are explicitly allowlisted by the user via `torch.serialization.add_safe_globals`. We recommend you start setting `weights_only=True` for any use case where you don't have full control of the loaded file. Please open an issue on GitHub for any issues related to this experimental feature.
  state_dict = torch.load(path, map_location=device)
Best validation F1: 0.6863
{'accuracy': 0.8813559322033898,
 'f1': np.float64(0.6152137701277068),
 'fn': np.int64(107),
 'fp': np.int64(586),
 'mcc': np.float64(0.5795008175416467),
 'precision': np.float64(0.48596491228070177),
 'recall': np.float64(0.8381240544629349),
 'specificity': np.float64(0.8868725868725869),
 'tn': np.int64(4594),
 'tp': np.int64(554)}

