/homes/bangchi/miniconda3/envs/TIScalling/lib/python3.10/site-packages/torch/nn/modules/transformer.py:379: UserWarning: enable_nested_tensor is True, but self.use_nested_tensor is False because encoder_layer.norm_first was True
  warnings.warn(
DEVICE: cuda
run at: 20260421_163552
labels: {0: 4, 1: 6}
hyperparameters: {'embed_dim': 64, 'd_model': 64, 'num_layers': 3, 'num_heads': 8, 'ff_dim': 128, 'batch_size': 16, 'max_epoch': 50, 'dropout': 0.2, 'weight_fold': 1, 'max_len': 201}
Using 2 GPUs
total parameters: 109569
total trainable parameters: 109569
Epoch 01 | lr=1.00e-03 | train_loss=0.2971 train_f1=0.4000 | val_loss=0.7548 val_f1=0.6667
  -> saved best model to model/test-run_20260421_163552.pt
Epoch 02 | lr=1.00e-03 | train_loss=0.1985 train_f1=1.0000 | val_loss=0.9442 val_f1=0.6667
Epoch 03 | lr=1.00e-03 | train_loss=0.0630 train_f1=1.0000 | val_loss=1.1591 val_f1=0.6667
Epoch 04 | lr=1.00e-03 | train_loss=0.0653 train_f1=1.0000 | val_loss=1.3696 val_f1=0.6667
Epoch 05 | lr=1.00e-03 | train_loss=0.0176 train_f1=1.0000 | val_loss=1.5854 val_f1=0.6667
Epoch 06 | lr=1.00e-03 | train_loss=0.0128 train_f1=1.0000 | val_loss=1.8017 val_f1=0.6667
  -> early stopping at epoch 6 (no improvement for 5 epochs)
Best validation F1: 0.6667
(34271, 5)
/homes/bangchi/miniconda3/envs/TIScalling/lib/python3.10/site-packages/torch/nn/modules/transformer.py:379: UserWarning: enable_nested_tensor is True, but self.use_nested_tensor is False because encoder_layer.norm_first was True
  warnings.warn(
labels: {1: 4394, 0: 29877}
hyperparameters: {'embed_dim': 64, 'd_model': 64, 'num_layers': 3, 'num_heads': 8, 'ff_dim': 128, 'batch_size': 16, 'max_epoch': 50, 'dropout': 0.2, 'weight_fold': 1, 'max_len': 201}
Using 2 GPUs
total parameters: 109569
total trainable parameters: 109569
Epoch 01 | lr=1.00e-03 | train_loss=1.0156 train_f1=0.3494 | val_loss=1.0971 val_f1=0.4263
  -> saved best model to model/transformer_clf_20260421_163556.pt
Epoch 02 | lr=1.00e-03 | train_loss=0.7235 train_f1=0.5056 | val_loss=0.6801 val_f1=0.5849
  -> saved best model to model/transformer_clf_20260421_163556.pt
Epoch 03 | lr=1.00e-03 | train_loss=0.5844 train_f1=0.6000 | val_loss=0.6470 val_f1=0.6351
  -> saved best model to model/transformer_clf_20260421_163556.pt
Epoch 04 | lr=1.00e-03 | train_loss=0.5641 train_f1=0.6074 | val_loss=0.6514 val_f1=0.6412
  -> saved best model to model/transformer_clf_20260421_163556.pt
Epoch 05 | lr=1.00e-03 | train_loss=0.5409 train_f1=0.6179 | val_loss=0.6030 val_f1=0.6463
  -> saved best model to model/transformer_clf_20260421_163556.pt
Epoch 06 | lr=1.00e-03 | train_loss=0.5338 train_f1=0.6212 | val_loss=0.5820 val_f1=0.6497
  -> saved best model to model/transformer_clf_20260421_163556.pt
Epoch 07 | lr=1.00e-03 | train_loss=0.5259 train_f1=0.6240 | val_loss=0.5969 val_f1=0.6058
slurmstepd: error: *** JOB 313837 ON handel CANCELLED AT 2026-04-21T16:39:11 ***
