/homes/bangchi/miniconda3/envs/TIScalling/lib/python3.10/site-packages/torch/nn/modules/transformer.py:379: UserWarning: enable_nested_tensor is True, but self.use_nested_tensor is False because encoder_layer.norm_first was True
  warnings.warn(
DEVICE: cuda
run at: 20260421_091716
Using 2 GPUs
total parameters: 17857
total trainable parameters: 17857
Epoch 01 | lr=1.00e-03 | train_loss=0.2545 train_f1=0.6667 | val_loss=0.3554 val_f1=1.0000
  -> saved best model to model/test-run_20260421_091716.pt
Epoch 02 | lr=1.00e-03 | train_loss=0.1139 train_f1=1.0000 | val_loss=0.3996 val_f1=1.0000
Epoch 03 | lr=1.00e-03 | train_loss=0.1812 train_f1=0.8571 | val_loss=0.4474 val_f1=0.6667
Epoch 04 | lr=1.00e-03 | train_loss=0.1029 train_f1=0.8571 | val_loss=0.5033 val_f1=0.6667
Epoch 05 | lr=1.00e-03 | train_loss=0.0876 train_f1=1.0000 | val_loss=0.5689 val_f1=0.6667
Epoch 06 | lr=5.00e-04 | train_loss=0.1055 train_f1=1.0000 | val_loss=0.5973 val_f1=0.6667
Epoch 07 | lr=5.00e-04 | train_loss=0.0898 train_f1=1.0000 | val_loss=0.6284 val_f1=0.6667
Epoch 08 | lr=5.00e-04 | train_loss=0.0763 train_f1=1.0000 | val_loss=0.6561 val_f1=0.6667
Epoch 09 | lr=5.00e-04 | train_loss=0.0789 train_f1=1.0000 | val_loss=0.6820 val_f1=0.6667
Epoch 10 | lr=2.50e-04 | train_loss=0.0906 train_f1=1.0000 | val_loss=0.6943 val_f1=0.6667
Epoch 11 | lr=2.50e-04 | train_loss=0.0894 train_f1=1.0000 | val_loss=0.7056 val_f1=0.6667
  -> early stopping at epoch 11 (no improvement for 10 epochs)
Best validation F1: 1.0000
(34271, 5)
(32772, 5)
/homes/bangchi/miniconda3/envs/TIScalling/lib/python3.10/site-packages/torch/nn/modules/transformer.py:379: UserWarning: enable_nested_tensor is True, but self.use_nested_tensor is False because encoder_layer.norm_first was True
  warnings.warn(
Using 2 GPUs
total parameters: 17857
total trainable parameters: 17857
Epoch 01 | lr=1.00e-03 | train_loss=0.9877 train_f1=0.3468 | val_loss=0.9564 val_f1=0.3772
  -> saved best model to model/transformer_clf_20260421_091726.pt
Epoch 02 | lr=1.00e-03 | train_loss=0.9436 train_f1=0.3655 | val_loss=0.9592 val_f1=0.4467
  -> saved best model to model/transformer_clf_20260421_091726.pt
Epoch 03 | lr=1.00e-03 | train_loss=0.9384 train_f1=0.3679 | val_loss=0.9393 val_f1=0.4092
Epoch 04 | lr=1.00e-03 | train_loss=0.9318 train_f1=0.3745 | val_loss=0.9694 val_f1=0.4046
Epoch 05 | lr=1.00e-03 | train_loss=0.9308 train_f1=0.3794 | val_loss=0.9387 val_f1=0.4008
slurmstepd: error: *** JOB 309742 ON handel CANCELLED AT 2026-04-21T09:37:38 ***
