/homes/bangchi/miniconda3/envs/TIScalling/lib/python3.10/site-packages/torch/nn/modules/transformer.py:379: UserWarning: enable_nested_tensor is True, but self.use_nested_tensor is False because encoder_layer.norm_first was True
  warnings.warn(
DEVICE: cuda:1
run at: 20260429_171408
labels: {0: 4, 1: 6}
hyperparameters: {'embed_dim': 32, 'd_model': 64, 'num_layers': 2, 'num_heads': 8, 'ff_dim': 128, 'batch_size': 32, 'max_epoch': 50, 'dropout': 0.3, 'weight_fold': 0.1, 'max_len': 511, 'pooling_mode': 'mean', 'lr': 0.001}
total parameters: 157025
total trainable parameters: 157025
Epoch 01 | lr=1.00e-03 | train_loss=0.1878 train_accuracy=0.2000 train_precision=0.5000 train_recall=0.2500 train_f1=0.3333 | val_loss=0.5700 val_accuracy=0.5000 val_precision=0.5000 val_recall=1.0000 val_f1=0.6667 val_aupr=0.5000
  -> saved best model to model/test-run_20260429_171409.pt
Epoch 02 | lr=1.00e-03 | train_loss=0.0939 train_accuracy=0.6000 train_precision=1.0000 train_recall=0.5000 train_f1=0.6667 | val_loss=0.4626 val_accuracy=0.0000 val_precision=0.0000 val_recall=0.0000 val_f1=0.0000 val_aupr=0.5000
Epoch 03 | lr=1.00e-03 | train_loss=0.1126 train_accuracy=0.4000 train_precision=1.0000 train_recall=0.2500 train_f1=0.4000 | val_loss=0.3646 val_accuracy=0.0000 val_precision=0.0000 val_recall=0.0000 val_f1=0.0000 val_aupr=0.5000
Epoch 04 | lr=1.00e-03 | train_loss=0.0688 train_accuracy=0.2000 train_precision=0.0000 train_recall=0.0000 train_f1=0.0000 | val_loss=0.2905 val_accuracy=0.5000 val_precision=0.0000 val_recall=0.0000 val_f1=0.0000 val_aupr=0.5000
Epoch 05 | lr=1.00e-03 | train_loss=0.0566 train_accuracy=0.4000 train_precision=1.0000 train_recall=0.2500 train_f1=0.4000 | val_loss=0.2381 val_accuracy=0.5000 val_precision=0.0000 val_recall=0.0000 val_f1=0.0000 val_aupr=0.5000
Epoch 06 | lr=1.00e-03 | train_loss=0.0662 train_accuracy=0.2000 train_precision=0.0000 train_recall=0.0000 train_f1=0.0000 | val_loss=0.1995 val_accuracy=0.5000 val_precision=0.0000 val_recall=0.0000 val_f1=0.0000 val_aupr=0.5000
Epoch 07 | lr=1.00e-03 | train_loss=0.0558 train_accuracy=0.2000 train_precision=0.0000 train_recall=0.0000 train_f1=0.0000 | val_loss=0.1748 val_accuracy=0.5000 val_precision=0.0000 val_recall=0.0000 val_f1=0.0000 val_aupr=0.5000
Epoch 08 | lr=1.00e-03 | train_loss=0.0396 train_accuracy=0.2000 train_precision=0.0000 train_recall=0.0000 train_f1=0.0000 | val_loss=0.1590 val_accuracy=0.5000 val_precision=0.0000 val_recall=0.0000 val_f1=0.0000 val_aupr=0.5000
Epoch 09 | lr=1.00e-03 | train_loss=0.0506 train_accuracy=0.2000 train_precision=0.0000 train_recall=0.0000 train_f1=0.0000 | val_loss=0.1479 val_accuracy=0.5000 val_precision=0.0000 val_recall=0.0000 val_f1=0.0000 val_aupr=0.5000
Epoch 10 | lr=1.00e-03 | train_loss=0.0537 train_accuracy=0.2000 train_precision=0.0000 train_recall=0.0000 train_f1=0.0000 | val_loss=0.1426 val_accuracy=0.5000 val_precision=0.0000 val_recall=0.0000 val_f1=0.0000 val_aupr=0.5000
Epoch 11 | lr=1.00e-03 | train_loss=0.0443 train_accuracy=0.2000 train_precision=0.0000 train_recall=0.0000 train_f1=0.0000 | val_loss=0.1426 val_accuracy=0.5000 val_precision=0.0000 val_recall=0.0000 val_f1=0.0000 val_aupr=0.5000
  -> early stopping at epoch 11 (no improvement for 10 epochs)
Best validation F1: 0.6667
(34271, 5)
/homes/bangchi/miniconda3/envs/TIScalling/lib/python3.10/site-packages/torch/nn/modules/transformer.py:379: UserWarning: enable_nested_tensor is True, but self.use_nested_tensor is False because encoder_layer.norm_first was True
  warnings.warn(
labels: {1: 4394, 0: 29877}
hyperparameters: {'embed_dim': 32, 'd_model': 64, 'num_layers': 2, 'num_heads': 8, 'ff_dim': 128, 'batch_size': 32, 'max_epoch': 50, 'dropout': 0.3, 'weight_fold': 0.1, 'max_len': 511, 'pooling_mode': 'mean', 'lr': 0.001}
total parameters: 157025
total trainable parameters: 157025
Epoch 01 | lr=1.00e-03 | train_loss=0.2591 train_accuracy=0.8864 train_precision=0.8867 train_recall=0.1171 train_f1=0.2070 | val_loss=0.3033 val_accuracy=0.8555 val_precision=0.9844 val_recall=0.0955 val_f1=0.1740 val_aupr=0.4114
  -> saved best model to model/transformer_clf_20260429_171413.pt
Epoch 02 | lr=1.00e-03 | train_loss=0.2080 train_accuracy=0.9002 train_precision=0.8261 train_recall=0.2675 train_f1=0.4041 | val_loss=0.2133 val_accuracy=0.8961 val_precision=0.9291 val_recall=0.3773 val_f1=0.5366 val_aupr=0.7288
  -> saved best model to model/transformer_clf_20260429_171413.pt
Epoch 03 | lr=1.00e-03 | train_loss=0.1260 train_accuracy=0.9420 train_precision=0.8671 train_recall=0.6391 train_f1=0.7359 | val_loss=0.0958 val_accuracy=0.9623 val_precision=0.9118 val_recall=0.8455 val_f1=0.8774 val_aupr=0.9328
  -> saved best model to model/transformer_clf_20260429_171413.pt
Epoch 04 | lr=1.00e-03 | train_loss=0.0904 train_accuracy=0.9623 train_precision=0.9065 train_recall=0.7823 train_f1=0.8398 | val_loss=0.0938 val_accuracy=0.9577 val_precision=0.9323 val_recall=0.7924 val_f1=0.8567 val_aupr=0.9373
Epoch 05 | lr=1.00e-03 | train_loss=0.0845 train_accuracy=0.9643 train_precision=0.9153 train_recall=0.7908 train_f1=0.8485 | val_loss=0.1066 val_accuracy=0.9582 val_precision=0.9484 val_recall=0.7803 val_f1=0.8562 val_aupr=0.9368
Epoch 06 | lr=1.00e-03 | train_loss=0.0794 train_accuracy=0.9675 train_precision=0.9252 train_recall=0.8087 train_f1=0.8630 | val_loss=0.0896 val_accuracy=0.9611 val_precision=0.9294 val_recall=0.8182 val_f1=0.8703 val_aupr=0.9430
Epoch 07 | lr=1.00e-03 | train_loss=0.0740 train_accuracy=0.9686 train_precision=0.9326 train_recall=0.8106 train_f1=0.8673 | val_loss=0.1383 val_accuracy=0.9350 val_precision=0.9875 val_recall=0.6000 val_f1=0.7465 val_aupr=0.9458
Epoch 08 | lr=1.00e-03 | train_loss=0.0710 train_accuracy=0.9692 train_precision=0.9375 train_recall=0.8109 train_f1=0.8697 | val_loss=0.0883 val_accuracy=0.9599 val_precision=0.9186 val_recall=0.8212 val_f1=0.8672 val_aupr=0.9465
Epoch 09 | lr=1.00e-03 | train_loss=0.0656 train_accuracy=0.9707 train_precision=0.9387 train_recall=0.8223 train_f1=0.8767 | val_loss=0.0890 val_accuracy=0.9599 val_precision=0.9491 val_recall=0.7909 val_f1=0.8628 val_aupr=0.9483
Epoch 10 | lr=1.00e-03 | train_loss=0.0616 train_accuracy=0.9737 train_precision=0.9400 train_recall=0.8461 train_f1=0.8906 | val_loss=0.0949 val_accuracy=0.9572 val_precision=0.9431 val_recall=0.7788 val_f1=0.8531 val_aupr=0.9365
Epoch 11 | lr=1.00e-03 | train_loss=0.0590 train_accuracy=0.9744 train_precision=0.9452 train_recall=0.8471 train_f1=0.8934 | val_loss=0.0902 val_accuracy=0.9625 val_precision=0.9133 val_recall=0.8455 val_f1=0.8780 val_aupr=0.9517
  -> saved best model to model/transformer_clf_20260429_171413.pt
Epoch 12 | lr=1.00e-03 | train_loss=0.0567 train_accuracy=0.9757 train_precision=0.9464 train_recall=0.8562 train_f1=0.8990 | val_loss=0.0887 val_accuracy=0.9618 val_precision=0.9547 val_recall=0.7985 val_f1=0.8696 val_aupr=0.9527
Epoch 13 | lr=1.00e-03 | train_loss=0.0524 train_accuracy=0.9777 train_precision=0.9512 train_recall=0.8685 train_f1=0.9080 | val_loss=0.0929 val_accuracy=0.9652 val_precision=0.9095 val_recall=0.8682 val_f1=0.8884 val_aupr=0.9507
  -> saved best model to model/transformer_clf_20260429_171413.pt
Epoch 14 | lr=1.00e-03 | train_loss=0.0497 train_accuracy=0.9786 train_precision=0.9528 train_recall=0.8741 train_f1=0.9117 | val_loss=0.0946 val_accuracy=0.9599 val_precision=0.9540 val_recall=0.7864 val_f1=0.8621 val_aupr=0.9465
Epoch 15 | lr=1.00e-03 | train_loss=0.0492 train_accuracy=0.9786 train_precision=0.9538 train_recall=0.8731 train_f1=0.9117 | val_loss=0.1127 val_accuracy=0.9560 val_precision=0.9544 val_recall=0.7606 val_f1=0.8465 val_aupr=0.9408
Epoch 16 | lr=1.00e-03 | train_loss=0.0456 train_accuracy=0.9801 train_precision=0.9592 train_recall=0.8799 train_f1=0.9179 | val_loss=0.1084 val_accuracy=0.9587 val_precision=0.9343 val_recall=0.7970 val_f1=0.8602 val_aupr=0.9409
Epoch 17 | lr=1.00e-03 | train_loss=0.0443 train_accuracy=0.9808 train_precision=0.9588 train_recall=0.8861 train_f1=0.9210 | val_loss=0.1001 val_accuracy=0.9630 val_precision=0.9304 val_recall=0.8303 val_f1=0.8775 val_aupr=0.9499
Epoch 18 | lr=1.00e-03 | train_loss=0.0418 train_accuracy=0.9815 train_precision=0.9633 train_recall=0.8874 train_f1=0.9238 | val_loss=0.1074 val_accuracy=0.9584 val_precision=0.9207 val_recall=0.8091 val_f1=0.8613 val_aupr=0.9404
Epoch 19 | lr=1.00e-03 | train_loss=0.0368 train_accuracy=0.9837 train_precision=0.9659 train_recall=0.9027 train_f1=0.9332 | val_loss=0.1640 val_accuracy=0.9497 val_precision=0.9538 val_recall=0.7197 val_f1=0.8204 val_aupr=0.9422
Epoch 20 | lr=1.00e-03 | train_loss=0.0381 train_accuracy=0.9828 train_precision=0.9634 train_recall=0.8985 train_f1=0.9298 | val_loss=0.1106 val_accuracy=0.9613 val_precision=0.9296 val_recall=0.8197 val_f1=0.8712 val_aupr=0.9463
Epoch 21 | lr=1.00e-03 | train_loss=0.0367 train_accuracy=0.9842 train_precision=0.9683 train_recall=0.9050 train_f1=0.9356 | val_loss=0.1145 val_accuracy=0.9604 val_precision=0.9000 val_recall=0.8455 val_f1=0.8719 val_aupr=0.9402
Epoch 22 | lr=1.00e-03 | train_loss=0.0356 train_accuracy=0.9840 train_precision=0.9670 train_recall=0.9047 train_f1=0.9348 | val_loss=0.1434 val_accuracy=0.9613 val_precision=0.8731 val_recall=0.8864 val_f1=0.8797 val_aupr=0.9449
Epoch 23 | lr=1.00e-03 | train_loss=0.0337 train_accuracy=0.9844 train_precision=0.9648 train_recall=0.9099 train_f1=0.9365 | val_loss=0.1236 val_accuracy=0.9638 val_precision=0.9279 val_recall=0.8379 val_f1=0.8806 val_aupr=0.9428
  -> early stopping at epoch 23 (no improvement for 10 epochs)
/homes/bangchi/miniconda3/envs/TIScalling/lib/python3.10/site-packages/torch/nn/modules/transformer.py:379: UserWarning: enable_nested_tensor is True, but self.use_nested_tensor is False because encoder_layer.norm_first was True
  warnings.warn(
/nas/cluster_data/homes/bangchi/TISCalling/script/train_nn_model_by_site_transformer_relatvie_pos_label_CLS.py:742: FutureWarning: You are using `torch.load` with `weights_only=False` (the current default value), which uses the default pickle module implicitly. It is possible to construct malicious pickle data which will execute arbitrary code during unpickling (See https://github.com/pytorch/pytorch/blob/main/SECURITY.md#untrusted-models for more details). In a future release, the default value for `weights_only` will be flipped to `True`. This limits the functions that could be executed during unpickling. Arbitrary objects will no longer be allowed to be loaded via this mode unless they are explicitly allowlisted by the user via `torch.serialization.add_safe_globals`. We recommend you start setting `weights_only=True` for any use case where you don't have full control of the loaded file. Please open an issue on GitHub for any issues related to this experimental feature.
  state_dict = torch.load(path, map_location=device)
Best validation F1: 0.8884
{'accuracy': 0.9667865091593905,
 'auc': np.float64(0.9719694624384488),
 'aupr': np.float64(0.9152752353307484),
 'f1': np.float64(0.8498452012383901),
 'fn': np.int64(112),
 'fp': np.int64(82),
 'mcc': np.float64(0.8314680884846738),
 'precision': np.float64(0.8700475435816165),
 'recall': np.float64(0.8305597579425114),
 'specificity': np.float64(0.9841698841698842),
 'tn': np.int64(5098),
 'tp': np.int64(549)}

