/homes/bangchi/miniconda3/envs/TIScalling/lib/python3.10/site-packages/torch/nn/modules/transformer.py:379: UserWarning: enable_nested_tensor is True, but self.use_nested_tensor is False because encoder_layer.norm_first was True
  warnings.warn(
DEVICE: cuda
run at: 20260422_151950
labels: {0: 4, 1: 6}
hyperparameters: {'embed_dim': 64, 'd_model': 64, 'num_layers': 3, 'num_heads': 8, 'ff_dim': 128, 'batch_size': 32, 'max_epoch': 50, 'dropout': 0.05, 'weight_fold': 1, 'max_len': 201, 'pooling_mode': 'attention'}
Using 2 GPUs
total parameters: 126273
total trainable parameters: 126273
Epoch 01 | lr=1.00e-03 | train_loss=0.3067 train_accuracy=0.6000 train_precision=0.7500 train_recall=0.7500 train_f1=0.7500 | val_loss=0.6348 val_accuracy=0.0000 val_precision=0.0000 val_recall=0.0000 val_f1=0.0000
  -> saved best model to model/test-run_20260422_151951.pt
Epoch 02 | lr=1.00e-03 | train_loss=0.1676 train_accuracy=1.0000 train_precision=1.0000 train_recall=1.0000 train_f1=1.0000 | val_loss=0.7795 val_accuracy=0.5000 val_precision=0.5000 val_recall=1.0000 val_f1=0.6667
  -> saved best model to model/test-run_20260422_151951.pt
Epoch 03 | lr=1.00e-03 | train_loss=0.0977 train_accuracy=1.0000 train_precision=1.0000 train_recall=1.0000 train_f1=1.0000 | val_loss=1.0293 val_accuracy=0.5000 val_precision=0.5000 val_recall=1.0000 val_f1=0.6667
Epoch 04 | lr=1.00e-03 | train_loss=0.0456 train_accuracy=1.0000 train_precision=1.0000 train_recall=1.0000 train_f1=1.0000 | val_loss=1.3420 val_accuracy=0.5000 val_precision=0.5000 val_recall=1.0000 val_f1=0.6667
Epoch 05 | lr=1.00e-03 | train_loss=0.0264 train_accuracy=1.0000 train_precision=1.0000 train_recall=1.0000 train_f1=1.0000 | val_loss=1.6746 val_accuracy=0.5000 val_precision=0.5000 val_recall=1.0000 val_f1=0.6667
Epoch 06 | lr=1.00e-03 | train_loss=0.0105 train_accuracy=1.0000 train_precision=1.0000 train_recall=1.0000 train_f1=1.0000 | val_loss=2.0084 val_accuracy=0.5000 val_precision=0.5000 val_recall=1.0000 val_f1=0.6667
Epoch 07 | lr=1.00e-03 | train_loss=0.0049 train_accuracy=1.0000 train_precision=1.0000 train_recall=1.0000 train_f1=1.0000 | val_loss=2.3353 val_accuracy=0.5000 val_precision=0.5000 val_recall=1.0000 val_f1=0.6667
Epoch 08 | lr=1.00e-03 | train_loss=0.0033 train_accuracy=1.0000 train_precision=1.0000 train_recall=1.0000 train_f1=1.0000 | val_loss=2.6523 val_accuracy=0.5000 val_precision=0.5000 val_recall=1.0000 val_f1=0.6667
Epoch 09 | lr=1.00e-03 | train_loss=0.0019 train_accuracy=1.0000 train_precision=1.0000 train_recall=1.0000 train_f1=1.0000 | val_loss=2.9595 val_accuracy=0.5000 val_precision=0.5000 val_recall=1.0000 val_f1=0.6667
Epoch 10 | lr=1.00e-03 | train_loss=0.0011 train_accuracy=1.0000 train_precision=1.0000 train_recall=1.0000 train_f1=1.0000 | val_loss=3.2548 val_accuracy=0.5000 val_precision=0.5000 val_recall=1.0000 val_f1=0.6667
Epoch 11 | lr=1.00e-03 | train_loss=0.0005 train_accuracy=1.0000 train_precision=1.0000 train_recall=1.0000 train_f1=1.0000 | val_loss=3.5350 val_accuracy=0.5000 val_precision=0.5000 val_recall=1.0000 val_f1=0.6667
Epoch 12 | lr=1.00e-03 | train_loss=0.0003 train_accuracy=1.0000 train_precision=1.0000 train_recall=1.0000 train_f1=1.0000 | val_loss=3.7988 val_accuracy=0.5000 val_precision=0.5000 val_recall=1.0000 val_f1=0.6667
Epoch 13 | lr=1.00e-03 | train_loss=0.0002 train_accuracy=1.0000 train_precision=1.0000 train_recall=1.0000 train_f1=1.0000 | val_loss=4.0440 val_accuracy=0.5000 val_precision=0.5000 val_recall=1.0000 val_f1=0.6667
Epoch 14 | lr=5.00e-04 | train_loss=0.0002 train_accuracy=1.0000 train_precision=1.0000 train_recall=1.0000 train_f1=1.0000 | val_loss=4.1567 val_accuracy=0.5000 val_precision=0.5000 val_recall=1.0000 val_f1=0.6667
Epoch 15 | lr=5.00e-04 | train_loss=0.0001 train_accuracy=1.0000 train_precision=1.0000 train_recall=1.0000 train_f1=1.0000 | val_loss=4.2597 val_accuracy=0.5000 val_precision=0.5000 val_recall=1.0000 val_f1=0.6667
Epoch 16 | lr=5.00e-04 | train_loss=0.0002 train_accuracy=1.0000 train_precision=1.0000 train_recall=1.0000 train_f1=1.0000 | val_loss=4.3534 val_accuracy=0.5000 val_precision=0.5000 val_recall=1.0000 val_f1=0.6667
Epoch 17 | lr=5.00e-04 | train_loss=0.0001 train_accuracy=1.0000 train_precision=1.0000 train_recall=1.0000 train_f1=1.0000 | val_loss=4.4393 val_accuracy=0.5000 val_precision=0.5000 val_recall=1.0000 val_f1=0.6667
Epoch 18 | lr=5.00e-04 | train_loss=0.0001 train_accuracy=1.0000 train_precision=1.0000 train_recall=1.0000 train_f1=1.0000 | val_loss=4.5178 val_accuracy=0.5000 val_precision=0.5000 val_recall=1.0000 val_f1=0.6667
Epoch 19 | lr=5.00e-04 | train_loss=0.0001 train_accuracy=1.0000 train_precision=1.0000 train_recall=1.0000 train_f1=1.0000 | val_loss=4.5895 val_accuracy=0.5000 val_precision=0.5000 val_recall=1.0000 val_f1=0.6667
Epoch 20 | lr=5.00e-04 | train_loss=0.0001 train_accuracy=1.0000 train_precision=1.0000 train_recall=1.0000 train_f1=1.0000 | val_loss=4.6551 val_accuracy=0.5000 val_precision=0.5000 val_recall=1.0000 val_f1=0.6667
Epoch 21 | lr=5.00e-04 | train_loss=0.0000 train_accuracy=1.0000 train_precision=1.0000 train_recall=1.0000 train_f1=1.0000 | val_loss=4.7151 val_accuracy=0.5000 val_precision=0.5000 val_recall=1.0000 val_f1=0.6667
Epoch 22 | lr=5.00e-04 | train_loss=0.0000 train_accuracy=1.0000 train_precision=1.0000 train_recall=1.0000 train_f1=1.0000 | val_loss=4.7700 val_accuracy=0.5000 val_precision=0.5000 val_recall=1.0000 val_f1=0.6667
  -> early stopping at epoch 22 (no improvement for 20 epochs)
Best validation F1: 0.6667
(34271, 5)
/homes/bangchi/miniconda3/envs/TIScalling/lib/python3.10/site-packages/torch/nn/modules/transformer.py:379: UserWarning: enable_nested_tensor is True, but self.use_nested_tensor is False because encoder_layer.norm_first was True
  warnings.warn(
labels: {1: 4394, 0: 29877}
hyperparameters: {'embed_dim': 64, 'd_model': 64, 'num_layers': 3, 'num_heads': 8, 'ff_dim': 128, 'batch_size': 32, 'max_epoch': 50, 'dropout': 0.05, 'weight_fold': 1, 'max_len': 201, 'pooling_mode': 'attention'}
Using 2 GPUs
total parameters: 126273
total trainable parameters: 126273
Epoch 01 | lr=1.00e-03 | train_loss=0.9046 train_accuracy=0.7102 train_precision=0.2701 train_recall=0.7579 train_f1=0.3982 | val_loss=0.8309 val_accuracy=0.7313 val_precision=0.3595 val_recall=0.8758 val_f1=0.5097
  -> saved best model to model/transformer_clf_20260422_151955.pt
Epoch 02 | lr=1.00e-03 | train_loss=0.6934 train_accuracy=0.8024 train_precision=0.3749 train_recall=0.8418 train_f1=0.5187 | val_loss=0.7264 val_accuracy=0.8910 val_precision=0.6314 val_recall=0.7606 val_f1=0.6900
  -> saved best model to model/transformer_clf_20260422_151955.pt
Epoch 03 | lr=1.00e-03 | train_loss=0.6383 train_accuracy=0.8389 train_precision=0.4294 train_recall=0.8318 train_f1=0.5664 | val_loss=0.7005 val_accuracy=0.7808 val_precision=0.4108 val_recall=0.8621 val_f1=0.5565
Epoch 04 | lr=1.00e-03 | train_loss=0.5765 train_accuracy=0.8546 train_precision=0.4596 train_recall=0.8513 train_f1=0.5969 | val_loss=0.7179 val_accuracy=0.7301 val_precision=0.3660 val_recall=0.9455 val_f1=0.5277
Epoch 05 | lr=1.00e-03 | train_loss=0.5506 train_accuracy=0.8635 train_precision=0.4780 train_recall=0.8565 train_f1=0.6136 | val_loss=0.6110 val_accuracy=0.8830 val_precision=0.5950 val_recall=0.8348 val_f1=0.6948
  -> saved best model to model/transformer_clf_20260422_151955.pt
Epoch 06 | lr=1.00e-03 | train_loss=0.5368 train_accuracy=0.8682 train_precision=0.4881 train_recall=0.8617 train_f1=0.6232 | val_loss=0.6255 val_accuracy=0.8852 val_precision=0.6043 val_recall=0.8121 val_f1=0.6930
Epoch 07 | lr=1.00e-03 | train_loss=0.5527 train_accuracy=0.8623 train_precision=0.4754 train_recall=0.8578 train_f1=0.6117 | val_loss=0.5970 val_accuracy=0.8543 val_precision=0.5268 val_recall=0.8485 val_f1=0.6500
Epoch 08 | lr=1.00e-03 | train_loss=0.5405 train_accuracy=0.8673 train_precision=0.4860 train_recall=0.8532 train_f1=0.6193 | val_loss=0.6182 val_accuracy=0.8623 val_precision=0.5430 val_recall=0.8606 val_f1=0.6659
Epoch 09 | lr=1.00e-03 | train_loss=0.5169 train_accuracy=0.8686 train_precision=0.4892 train_recall=0.8698 train_f1=0.6262 | val_loss=0.5958 val_accuracy=0.8823 val_precision=0.5947 val_recall=0.8227 val_f1=0.6904
Epoch 10 | lr=1.00e-03 | train_loss=0.5385 train_accuracy=0.8654 train_precision=0.4822 train_recall=0.8653 train_f1=0.6193 | val_loss=0.6002 val_accuracy=0.8192 val_precision=0.4651 val_recall=0.8879 val_f1=0.6104
Epoch 11 | lr=1.00e-03 | train_loss=0.5243 train_accuracy=0.8654 train_precision=0.4822 train_recall=0.8669 train_f1=0.6197 | val_loss=0.5753 val_accuracy=0.8654 val_precision=0.5504 val_recall=0.8515 val_f1=0.6686
Epoch 12 | lr=1.00e-03 | train_loss=0.5078 train_accuracy=0.8721 train_precision=0.4967 train_recall=0.8692 train_f1=0.6322 | val_loss=0.5961 val_accuracy=0.8134 val_precision=0.4565 val_recall=0.8894 val_f1=0.6033
Epoch 13 | lr=1.00e-03 | train_loss=0.5103 train_accuracy=0.8719 train_precision=0.4965 train_recall=0.8718 train_f1=0.6327 | val_loss=0.6343 val_accuracy=0.8395 val_precision=0.4982 val_recall=0.8621 val_f1=0.6315
Epoch 14 | lr=1.00e-03 | train_loss=0.5075 train_accuracy=0.8713 train_precision=0.4950 train_recall=0.8747 train_f1=0.6322 | val_loss=0.7047 val_accuracy=0.7808 val_precision=0.4126 val_recall=0.8833 val_f1=0.5625
Epoch 15 | lr=1.00e-03 | train_loss=0.5293 train_accuracy=0.8681 train_precision=0.4880 train_recall=0.8721 train_f1=0.6258 | val_loss=0.6100 val_accuracy=0.8552 val_precision=0.5288 val_recall=0.8485 val_f1=0.6515
Epoch 16 | lr=1.00e-03 | train_loss=0.5301 train_accuracy=0.8665 train_precision=0.4847 train_recall=0.8702 train_f1=0.6226 | val_loss=0.6647 val_accuracy=0.8330 val_precision=0.4867 val_recall=0.8576 val_f1=0.6210
Epoch 17 | lr=5.00e-04 | train_loss=0.4413 train_accuracy=0.8924 train_precision=0.5455 train_recall=0.8939 train_f1=0.6775 | val_loss=0.5936 val_accuracy=0.8400 val_precision=0.4991 val_recall=0.8894 val_f1=0.6394
Epoch 18 | lr=5.00e-04 | train_loss=0.4096 train_accuracy=0.8978 train_precision=0.5596 train_recall=0.9011 train_f1=0.6904 | val_loss=0.6394 val_accuracy=0.8794 val_precision=0.5868 val_recall=0.8242 val_f1=0.6856
Epoch 19 | lr=5.00e-04 | train_loss=0.3990 train_accuracy=0.8993 train_precision=0.5629 train_recall=0.9115 train_f1=0.6960 | val_loss=0.5888 val_accuracy=0.8325 val_precision=0.4863 val_recall=0.8894 val_f1=0.6288
Epoch 20 | lr=5.00e-04 | train_loss=0.4032 train_accuracy=0.8979 train_precision=0.5597 train_recall=0.9066 train_f1=0.6921 | val_loss=0.6998 val_accuracy=0.8702 val_precision=0.5631 val_recall=0.8318 val_f1=0.6716
Epoch 21 | lr=5.00e-04 | train_loss=0.3795 train_accuracy=0.9021 train_precision=0.5705 train_recall=0.9167 train_f1=0.7033 | val_loss=0.6285 val_accuracy=0.8763 val_precision=0.5774 val_recall=0.8364 val_f1=0.6832
Epoch 22 | lr=5.00e-04 | train_loss=0.3491 train_accuracy=0.9111 train_precision=0.5958 train_recall=0.9245 train_f1=0.7247 | val_loss=0.6836 val_accuracy=0.8591 val_precision=0.5368 val_recall=0.8500 val_f1=0.6581
Epoch 23 | lr=5.00e-04 | train_loss=0.3365 train_accuracy=0.9145 train_precision=0.6049 train_recall=0.9343 train_f1=0.7344 | val_loss=0.8089 val_accuracy=0.8797 val_precision=0.5912 val_recall=0.7955 val_f1=0.6783
Epoch 24 | lr=5.00e-04 | train_loss=0.3203 train_accuracy=0.9171 train_precision=0.6129 train_recall=0.9346 train_f1=0.7403 | val_loss=0.7861 val_accuracy=0.8859 val_precision=0.6078 val_recall=0.8030 val_f1=0.6919
Epoch 25 | lr=5.00e-04 | train_loss=0.3166 train_accuracy=0.9178 train_precision=0.6147 train_recall=0.9382 train_f1=0.7428 | val_loss=0.7140 val_accuracy=0.8765 val_precision=0.5775 val_recall=0.8409 val_f1=0.6848
  -> early stopping at epoch 25 (no improvement for 20 epochs)
/nas/cluster_data/homes/bangchi/TISCalling/script/train_nn_model_by_site_transformer.py:684: FutureWarning: You are using `torch.load` with `weights_only=False` (the current default value), which uses the default pickle module implicitly. It is possible to construct malicious pickle data which will execute arbitrary code during unpickling (See https://github.com/pytorch/pytorch/blob/main/SECURITY.md#untrusted-models for more details). In a future release, the default value for `weights_only` will be flipped to `True`. This limits the functions that could be executed during unpickling. Arbitrary objects will no longer be allowed to be loaded via this mode unless they are explicitly allowlisted by the user via `torch.serialization.add_safe_globals`. We recommend you start setting `weights_only=True` for any use case where you don't have full control of the loaded file. Please open an issue on GitHub for any issues related to this experimental feature.
  state_dict = torch.load(path, map_location=device)
Best validation F1: 0.6948
{'accuracy': 0.8830679678137305,
 'f1': np.float64(0.6108262108262108),
 'fn': np.int64(125),
 'fp': np.int64(558),
 'mcc': np.float64(0.5709630770612977),
 'precision': np.float64(0.489945155393053),
 'recall': np.float64(0.81089258698941),
 'specificity': np.float64(0.8922779922779923),
 'tn': np.int64(4622),
 'tp': np.int64(536)}

