/homes/bangchi/miniconda3/envs/TIScalling/lib/python3.10/site-packages/torch/nn/modules/transformer.py:379: UserWarning: enable_nested_tensor is True, but self.use_nested_tensor is False because encoder_layer.norm_first was True
  warnings.warn(
DEVICE: cuda
run at: 20260422_151003
labels: {0: 4, 1: 6}
hyperparameters: {'embed_dim': 64, 'd_model': 64, 'num_layers': 3, 'num_heads': 8, 'ff_dim': 128, 'batch_size': 32, 'max_epoch': 50, 'dropout': 0.05, 'weight_fold': 1, 'max_len': 201, 'pooling_mode': 'attention'}
Using 2 GPUs
total parameters: 126273
total trainable parameters: 126273
Epoch 01 | lr=1.00e-03 | train_loss=0.3067 train_accuracy=0.6000 train_precision=0.7500 train_recall=0.7500 train_f1=0.7500 | val_loss=0.6348 val_accuracy=0.0000 val_precision=0.0000 val_recall=0.0000 val_f1=0.0000
  -> saved best model to model/test-run_20260422_151003.pt
Epoch 02 | lr=1.00e-03 | train_loss=0.1676 train_accuracy=1.0000 train_precision=1.0000 train_recall=1.0000 train_f1=1.0000 | val_loss=0.7795 val_accuracy=0.5000 val_precision=0.5000 val_recall=1.0000 val_f1=0.6667
  -> saved best model to model/test-run_20260422_151003.pt
Epoch 03 | lr=1.00e-03 | train_loss=0.0977 train_accuracy=1.0000 train_precision=1.0000 train_recall=1.0000 train_f1=1.0000 | val_loss=1.0293 val_accuracy=0.5000 val_precision=0.5000 val_recall=1.0000 val_f1=0.6667
Epoch 04 | lr=1.00e-03 | train_loss=0.0456 train_accuracy=1.0000 train_precision=1.0000 train_recall=1.0000 train_f1=1.0000 | val_loss=1.3420 val_accuracy=0.5000 val_precision=0.5000 val_recall=1.0000 val_f1=0.6667
Epoch 05 | lr=1.00e-03 | train_loss=0.0264 train_accuracy=1.0000 train_precision=1.0000 train_recall=1.0000 train_f1=1.0000 | val_loss=1.6746 val_accuracy=0.5000 val_precision=0.5000 val_recall=1.0000 val_f1=0.6667
Epoch 06 | lr=1.00e-03 | train_loss=0.0105 train_accuracy=1.0000 train_precision=1.0000 train_recall=1.0000 train_f1=1.0000 | val_loss=2.0084 val_accuracy=0.5000 val_precision=0.5000 val_recall=1.0000 val_f1=0.6667
Epoch 07 | lr=1.00e-03 | train_loss=0.0049 train_accuracy=1.0000 train_precision=1.0000 train_recall=1.0000 train_f1=1.0000 | val_loss=2.3353 val_accuracy=0.5000 val_precision=0.5000 val_recall=1.0000 val_f1=0.6667
Epoch 08 | lr=1.00e-03 | train_loss=0.0033 train_accuracy=1.0000 train_precision=1.0000 train_recall=1.0000 train_f1=1.0000 | val_loss=2.6523 val_accuracy=0.5000 val_precision=0.5000 val_recall=1.0000 val_f1=0.6667
Epoch 09 | lr=5.00e-04 | train_loss=0.0019 train_accuracy=1.0000 train_precision=1.0000 train_recall=1.0000 train_f1=1.0000 | val_loss=2.8031 val_accuracy=0.5000 val_precision=0.5000 val_recall=1.0000 val_f1=0.6667
Epoch 10 | lr=5.00e-04 | train_loss=0.0014 train_accuracy=1.0000 train_precision=1.0000 train_recall=1.0000 train_f1=1.0000 | val_loss=2.9434 val_accuracy=0.5000 val_precision=0.5000 val_recall=1.0000 val_f1=0.6667
Epoch 11 | lr=5.00e-04 | train_loss=0.0009 train_accuracy=1.0000 train_precision=1.0000 train_recall=1.0000 train_f1=1.0000 | val_loss=3.0739 val_accuracy=0.5000 val_precision=0.5000 val_recall=1.0000 val_f1=0.6667
Epoch 12 | lr=5.00e-04 | train_loss=0.0007 train_accuracy=1.0000 train_precision=1.0000 train_recall=1.0000 train_f1=1.0000 | val_loss=3.1961 val_accuracy=0.5000 val_precision=0.5000 val_recall=1.0000 val_f1=0.6667
  -> early stopping at epoch 12 (no improvement for 10 epochs)
Best validation F1: 0.6667
(34271, 5)
/homes/bangchi/miniconda3/envs/TIScalling/lib/python3.10/site-packages/torch/nn/modules/transformer.py:379: UserWarning: enable_nested_tensor is True, but self.use_nested_tensor is False because encoder_layer.norm_first was True
  warnings.warn(
labels: {1: 4394, 0: 29877}
hyperparameters: {'embed_dim': 64, 'd_model': 64, 'num_layers': 3, 'num_heads': 8, 'ff_dim': 128, 'batch_size': 32, 'max_epoch': 50, 'dropout': 0.05, 'weight_fold': 1, 'max_len': 201, 'pooling_mode': 'attention'}
Using 2 GPUs
total parameters: 126273
total trainable parameters: 126273
Epoch 01 | lr=1.00e-03 | train_loss=0.8932 train_accuracy=0.7386 train_precision=0.2904 train_recall=0.7390 train_f1=0.4170 | val_loss=0.7502 val_accuracy=0.8279 val_precision=0.4776 val_recall=0.8409 val_f1=0.6092
  -> saved best model to model/transformer_clf_20260422_151007.pt
Epoch 02 | lr=1.00e-03 | train_loss=0.6788 train_accuracy=0.8318 train_precision=0.4172 train_recall=0.8301 train_f1=0.5553 | val_loss=0.7237 val_accuracy=0.8139 val_precision=0.4561 val_recall=0.8652 val_f1=0.5973
Epoch 03 | lr=1.00e-03 | train_loss=0.6551 train_accuracy=0.8453 train_precision=0.4412 train_recall=0.8353 train_f1=0.5774 | val_loss=0.7471 val_accuracy=0.8659 val_precision=0.5560 val_recall=0.7894 val_f1=0.6525
  -> saved best model to model/transformer_clf_20260422_151007.pt
Epoch 04 | lr=1.00e-03 | train_loss=0.6048 train_accuracy=0.8519 train_precision=0.4542 train_recall=0.8464 train_f1=0.5911 | val_loss=0.6300 val_accuracy=0.8166 val_precision=0.4608 val_recall=0.8818 val_f1=0.6053
Epoch 05 | lr=1.00e-03 | train_loss=0.5683 train_accuracy=0.8582 train_precision=0.4671 train_recall=0.8562 train_f1=0.6044 | val_loss=0.8028 val_accuracy=0.9058 val_precision=0.7039 val_recall=0.7061 val_f1=0.7050
  -> saved best model to model/transformer_clf_20260422_151007.pt
Epoch 06 | lr=1.00e-03 | train_loss=0.5509 train_accuracy=0.8630 train_precision=0.4768 train_recall=0.8571 train_f1=0.6128 | val_loss=0.6330 val_accuracy=0.7963 val_precision=0.4331 val_recall=0.8970 val_f1=0.5841
Epoch 07 | lr=1.00e-03 | train_loss=0.5344 train_accuracy=0.8653 train_precision=0.4820 train_recall=0.8663 train_f1=0.6194 | val_loss=0.6400 val_accuracy=0.8876 val_precision=0.6146 val_recall=0.7924 val_f1=0.6923
Epoch 08 | lr=1.00e-03 | train_loss=0.5457 train_accuracy=0.8642 train_precision=0.4795 train_recall=0.8620 train_f1=0.6163 | val_loss=0.6739 val_accuracy=0.8543 val_precision=0.5275 val_recall=0.8288 val_f1=0.6447
Epoch 09 | lr=1.00e-03 | train_loss=0.5311 train_accuracy=0.8658 train_precision=0.4831 train_recall=0.8718 train_f1=0.6216 | val_loss=0.6299 val_accuracy=0.8799 val_precision=0.5872 val_recall=0.8318 val_f1=0.6884
Epoch 10 | lr=1.00e-03 | train_loss=0.5073 train_accuracy=0.8707 train_precision=0.4937 train_recall=0.8721 train_f1=0.6305 | val_loss=0.6140 val_accuracy=0.8681 val_precision=0.5561 val_recall=0.8561 val_f1=0.6742
Epoch 11 | lr=1.00e-03 | train_loss=0.4914 train_accuracy=0.8737 train_precision=0.5005 train_recall=0.8802 train_f1=0.6381 | val_loss=0.5917 val_accuracy=0.8422 val_precision=0.5030 val_recall=0.8818 val_f1=0.6406
Epoch 12 | lr=5.00e-04 | train_loss=0.4420 train_accuracy=0.8893 train_precision=0.5372 train_recall=0.9001 train_f1=0.6728 | val_loss=0.5773 val_accuracy=0.8511 val_precision=0.5197 val_recall=0.8773 val_f1=0.6528
Epoch 13 | lr=5.00e-04 | train_loss=0.4195 train_accuracy=0.8952 train_precision=0.5522 train_recall=0.9066 train_f1=0.6864 | val_loss=0.6132 val_accuracy=0.8784 val_precision=0.5822 val_recall=0.8424 val_f1=0.6885
Epoch 14 | lr=5.00e-04 | train_loss=0.4028 train_accuracy=0.8987 train_precision=0.5614 train_recall=0.9118 train_f1=0.6949 | val_loss=0.5881 val_accuracy=0.8282 val_precision=0.4796 val_recall=0.9061 val_f1=0.6272
Epoch 15 | lr=5.00e-04 | train_loss=0.3835 train_accuracy=0.9044 train_precision=0.5763 train_recall=0.9222 train_f1=0.7093 | val_loss=0.6351 val_accuracy=0.8758 val_precision=0.5754 val_recall=0.8439 val_f1=0.6843
  -> early stopping at epoch 15 (no improvement for 10 epochs)
/nas/cluster_data/homes/bangchi/TISCalling/script/train_nn_model_by_site_transformer.py:684: FutureWarning: You are using `torch.load` with `weights_only=False` (the current default value), which uses the default pickle module implicitly. It is possible to construct malicious pickle data which will execute arbitrary code during unpickling (See https://github.com/pytorch/pytorch/blob/main/SECURITY.md#untrusted-models for more details). In a future release, the default value for `weights_only` will be flipped to `True`. This limits the functions that could be executed during unpickling. Arbitrary objects will no longer be allowed to be loaded via this mode unless they are explicitly allowlisted by the user via `torch.serialization.add_safe_globals`. We recommend you start setting `weights_only=True` for any use case where you don't have full control of the loaded file. Please open an issue on GitHub for any issues related to this experimental feature.
  state_dict = torch.load(path, map_location=device)
Best validation F1: 0.7050
{'accuracy': 0.9197055298750214,
 'f1': np.float64(0.6657163221667854),
 'fn': np.int64(194),
 'fp': np.int64(275),
 'mcc': np.float64(0.6216003390167639),
 'precision': np.float64(0.6293800539083558),
 'recall': np.float64(0.7065052950075643),
 'specificity': np.float64(0.946911196911197),
 'tn': np.int64(4905),
 'tp': np.int64(467)}

