/homes/bangchi/miniconda3/envs/TIScalling/lib/python3.10/site-packages/torch/nn/modules/transformer.py:379: UserWarning: enable_nested_tensor is True, but self.use_nested_tensor is False because encoder_layer.norm_first was True
  warnings.warn(
DEVICE: cuda
run at: 20260423_151052
labels: {0: 4, 1: 6}
hyperparameters: {'embed_dim': 32, 'd_model': 64, 'num_layers': 3, 'num_heads': 8, 'ff_dim': 128, 'batch_size': 32, 'max_epoch': 50, 'dropout': 0.3, 'weight_fold': 0.1, 'max_len': 2048, 'pooling_mode': 'attention', 'lr': 0.001}
Using 2 GPUs
total parameters: 469313
total trainable parameters: 469313
Epoch 01 | lr=1.00e-03 | train_loss=0.1473 train_accuracy=0.2000 train_precision=0.0000 train_recall=0.0000 train_f1=0.0000 | val_loss=0.1290 val_accuracy=0.5000 val_precision=0.0000 val_recall=0.0000 val_f1=0.0000 val_aupr=0.5000
  -> saved best model to model/test-run_20260423_151052.pt
Epoch 02 | lr=1.00e-03 | train_loss=0.0692 train_accuracy=0.2000 train_precision=0.0000 train_recall=0.0000 train_f1=0.0000 | val_loss=0.1138 val_accuracy=0.5000 val_precision=0.0000 val_recall=0.0000 val_f1=0.0000 val_aupr=0.5000
Epoch 03 | lr=1.00e-03 | train_loss=0.0580 train_accuracy=0.2000 train_precision=0.0000 train_recall=0.0000 train_f1=0.0000 | val_loss=0.1088 val_accuracy=0.5000 val_precision=0.0000 val_recall=0.0000 val_f1=0.0000 val_aupr=0.5000
Epoch 04 | lr=1.00e-03 | train_loss=0.0374 train_accuracy=0.2000 train_precision=0.0000 train_recall=0.0000 train_f1=0.0000 | val_loss=0.1157 val_accuracy=0.5000 val_precision=0.0000 val_recall=0.0000 val_f1=0.0000 val_aupr=0.5000
Epoch 05 | lr=1.00e-03 | train_loss=0.0346 train_accuracy=0.2000 train_precision=0.0000 train_recall=0.0000 train_f1=0.0000 | val_loss=0.1302 val_accuracy=0.5000 val_precision=0.0000 val_recall=0.0000 val_f1=0.0000 val_aupr=0.5000
Epoch 06 | lr=1.00e-03 | train_loss=0.0432 train_accuracy=0.2000 train_precision=0.0000 train_recall=0.0000 train_f1=0.0000 | val_loss=0.1586 val_accuracy=0.5000 val_precision=0.0000 val_recall=0.0000 val_f1=0.0000 val_aupr=0.5000
Epoch 07 | lr=1.00e-03 | train_loss=0.0307 train_accuracy=0.4000 train_precision=1.0000 train_recall=0.2500 train_f1=0.4000 | val_loss=0.2031 val_accuracy=0.5000 val_precision=0.0000 val_recall=0.0000 val_f1=0.0000 val_aupr=0.5000
Epoch 08 | lr=1.00e-03 | train_loss=0.0210 train_accuracy=0.6000 train_precision=1.0000 train_recall=0.5000 train_f1=0.6667 | val_loss=0.2598 val_accuracy=0.5000 val_precision=0.0000 val_recall=0.0000 val_f1=0.0000 val_aupr=0.5000
Epoch 09 | lr=1.00e-03 | train_loss=0.0193 train_accuracy=0.6000 train_precision=1.0000 train_recall=0.5000 train_f1=0.6667 | val_loss=0.3362 val_accuracy=0.5000 val_precision=0.0000 val_recall=0.0000 val_f1=0.0000 val_aupr=0.5000
Epoch 10 | lr=1.00e-03 | train_loss=0.0109 train_accuracy=1.0000 train_precision=1.0000 train_recall=1.0000 train_f1=1.0000 | val_loss=0.4242 val_accuracy=0.5000 val_precision=0.5000 val_recall=1.0000 val_f1=0.6667 val_aupr=1.0000
  -> saved best model to model/test-run_20260423_151052.pt
Epoch 11 | lr=1.00e-03 | train_loss=0.0091 train_accuracy=1.0000 train_precision=1.0000 train_recall=1.0000 train_f1=1.0000 | val_loss=0.5232 val_accuracy=0.5000 val_precision=0.5000 val_recall=1.0000 val_f1=0.6667 val_aupr=1.0000
Epoch 12 | lr=1.00e-03 | train_loss=0.0094 train_accuracy=1.0000 train_precision=1.0000 train_recall=1.0000 train_f1=1.0000 | val_loss=0.6256 val_accuracy=0.5000 val_precision=0.5000 val_recall=1.0000 val_f1=0.6667 val_aupr=1.0000
Epoch 13 | lr=1.00e-03 | train_loss=0.0088 train_accuracy=1.0000 train_precision=1.0000 train_recall=1.0000 train_f1=1.0000 | val_loss=0.7315 val_accuracy=0.5000 val_precision=0.5000 val_recall=1.0000 val_f1=0.6667 val_aupr=1.0000
Epoch 14 | lr=1.00e-03 | train_loss=0.0051 train_accuracy=1.0000 train_precision=1.0000 train_recall=1.0000 train_f1=1.0000 | val_loss=0.8431 val_accuracy=0.5000 val_precision=0.5000 val_recall=1.0000 val_f1=0.6667 val_aupr=1.0000
Epoch 15 | lr=1.00e-03 | train_loss=0.0073 train_accuracy=1.0000 train_precision=1.0000 train_recall=1.0000 train_f1=1.0000 | val_loss=0.9494 val_accuracy=0.5000 val_precision=0.5000 val_recall=1.0000 val_f1=0.6667 val_aupr=1.0000
Epoch 16 | lr=1.00e-03 | train_loss=0.0041 train_accuracy=1.0000 train_precision=1.0000 train_recall=1.0000 train_f1=1.0000 | val_loss=1.0552 val_accuracy=0.5000 val_precision=0.5000 val_recall=1.0000 val_f1=0.6667 val_aupr=1.0000
Epoch 17 | lr=1.00e-03 | train_loss=0.0038 train_accuracy=1.0000 train_precision=1.0000 train_recall=1.0000 train_f1=1.0000 | val_loss=1.1554 val_accuracy=0.5000 val_precision=0.5000 val_recall=1.0000 val_f1=0.6667 val_aupr=1.0000
Epoch 18 | lr=1.00e-03 | train_loss=0.0032 train_accuracy=1.0000 train_precision=1.0000 train_recall=1.0000 train_f1=1.0000 | val_loss=1.2673 val_accuracy=0.5000 val_precision=0.5000 val_recall=1.0000 val_f1=0.6667 val_aupr=1.0000
Epoch 19 | lr=1.00e-03 | train_loss=0.0012 train_accuracy=1.0000 train_precision=1.0000 train_recall=1.0000 train_f1=1.0000 | val_loss=1.3755 val_accuracy=0.5000 val_precision=0.5000 val_recall=1.0000 val_f1=0.6667 val_aupr=1.0000
Epoch 20 | lr=1.00e-03 | train_loss=0.0024 train_accuracy=1.0000 train_precision=1.0000 train_recall=1.0000 train_f1=1.0000 | val_loss=1.4796 val_accuracy=0.5000 val_precision=0.5000 val_recall=1.0000 val_f1=0.6667 val_aupr=1.0000
  -> early stopping at epoch 20 (no improvement for 10 epochs)
Best validation F1: 0.6667
(34271, 5)
/homes/bangchi/miniconda3/envs/TIScalling/lib/python3.10/site-packages/torch/nn/modules/transformer.py:379: UserWarning: enable_nested_tensor is True, but self.use_nested_tensor is False because encoder_layer.norm_first was True
  warnings.warn(
labels: {1: 4394, 0: 29877}
hyperparameters: {'embed_dim': 32, 'd_model': 64, 'num_layers': 3, 'num_heads': 8, 'ff_dim': 128, 'batch_size': 32, 'max_epoch': 50, 'dropout': 0.3, 'weight_fold': 0.1, 'max_len': 2048, 'pooling_mode': 'attention', 'lr': 0.001}
Using 2 GPUs
total parameters: 469313
total trainable parameters: 469313
Epoch 01 | lr=1.00e-03 | train_loss=0.2501 train_accuracy=0.8757 train_precision=0.5801 train_recall=0.0625 train_f1=0.1128 | val_loss=0.2432 val_accuracy=0.8507 val_precision=0.8182 val_recall=0.0818 val_f1=0.1488 val_aupr=0.5507
  -> saved best model to model/transformer_clf_20260423_151102.pt
Epoch 02 | lr=1.00e-03 | train_loss=0.2134 train_accuracy=0.8805 train_precision=0.6362 train_recall=0.1292 train_f1=0.2148 | val_loss=0.2381 val_accuracy=0.8673 val_precision=0.6504 val_recall=0.3636 val_f1=0.4665 val_aupr=0.5821
  -> saved best model to model/transformer_clf_20260423_151102.pt
Epoch 03 | lr=1.00e-03 | train_loss=0.2071 train_accuracy=0.8860 train_precision=0.6819 train_recall=0.1848 train_f1=0.2908 | val_loss=0.2550 val_accuracy=0.8700 val_precision=0.6160 val_recall=0.4909 val_f1=0.5464 val_aupr=0.6192
  -> saved best model to model/transformer_clf_20260423_151102.pt
Epoch 04 | lr=1.00e-03 | train_loss=0.1803 train_accuracy=0.9061 train_precision=0.7892 train_recall=0.3521 train_f1=0.4869 | val_loss=0.0995 val_accuracy=0.9623 val_precision=0.9286 val_recall=0.8273 val_f1=0.8750 val_aupr=0.9261
  -> saved best model to model/transformer_clf_20260423_151102.pt
Epoch 05 | lr=1.00e-03 | train_loss=0.0993 train_accuracy=0.9599 train_precision=0.8909 train_recall=0.7787 train_f1=0.8310 | val_loss=0.1055 val_accuracy=0.9500 val_precision=0.9632 val_recall=0.7136 val_f1=0.8198 val_aupr=0.9377
Epoch 06 | lr=1.00e-03 | train_loss=0.0936 train_accuracy=0.9618 train_precision=0.8994 train_recall=0.7859 train_f1=0.8388 | val_loss=0.0874 val_accuracy=0.9635 val_precision=0.9306 val_recall=0.8333 val_f1=0.8793 val_aupr=0.9416
  -> saved best model to model/transformer_clf_20260423_151102.pt
Epoch 07 | lr=1.00e-03 | train_loss=0.0929 train_accuracy=0.9632 train_precision=0.9055 train_recall=0.7917 train_f1=0.8448 | val_loss=0.0937 val_accuracy=0.9621 val_precision=0.9451 val_recall=0.8091 val_f1=0.8718 val_aupr=0.9356
Epoch 08 | lr=1.00e-03 | train_loss=0.0903 train_accuracy=0.9632 train_precision=0.9085 train_recall=0.7885 train_f1=0.8443 | val_loss=0.0867 val_accuracy=0.9616 val_precision=0.9154 val_recall=0.8364 val_f1=0.8741 val_aupr=0.9414
Epoch 09 | lr=1.00e-03 | train_loss=0.0887 train_accuracy=0.9656 train_precision=0.9105 train_recall=0.8074 train_f1=0.8558 | val_loss=0.0862 val_accuracy=0.9616 val_precision=0.9372 val_recall=0.8136 val_f1=0.8710 val_aupr=0.9436
Epoch 10 | lr=1.00e-03 | train_loss=0.0841 train_accuracy=0.9676 train_precision=0.9215 train_recall=0.8132 train_f1=0.8640 | val_loss=0.0872 val_accuracy=0.9611 val_precision=0.9354 val_recall=0.8121 val_f1=0.8694 val_aupr=0.9426
Epoch 11 | lr=1.00e-03 | train_loss=0.0842 train_accuracy=0.9659 train_precision=0.9128 train_recall=0.8074 train_f1=0.8568 | val_loss=0.0912 val_accuracy=0.9606 val_precision=0.9543 val_recall=0.7909 val_f1=0.8650 val_aupr=0.9427
Epoch 12 | lr=1.00e-03 | train_loss=0.0813 train_accuracy=0.9681 train_precision=0.9199 train_recall=0.8187 train_f1=0.8664 | val_loss=0.0871 val_accuracy=0.9657 val_precision=0.8889 val_recall=0.8970 val_f1=0.8929 val_aupr=0.9474
  -> saved best model to model/transformer_clf_20260423_151102.pt
Epoch 13 | lr=1.00e-03 | train_loss=0.0792 train_accuracy=0.9681 train_precision=0.9225 train_recall=0.8168 train_f1=0.8664 | val_loss=0.0797 val_accuracy=0.9674 val_precision=0.9173 val_recall=0.8742 val_f1=0.8953 val_aupr=0.9518
  -> saved best model to model/transformer_clf_20260423_151102.pt
Epoch 14 | lr=1.00e-03 | train_loss=0.0785 train_accuracy=0.9683 train_precision=0.9298 train_recall=0.8103 train_f1=0.8659 | val_loss=0.0784 val_accuracy=0.9698 val_precision=0.9392 val_recall=0.8667 val_f1=0.9015 val_aupr=0.9514
  -> saved best model to model/transformer_clf_20260423_151102.pt
Epoch 15 | lr=1.00e-03 | train_loss=0.0772 train_accuracy=0.9697 train_precision=0.9291 train_recall=0.8230 train_f1=0.8728 | val_loss=0.0841 val_accuracy=0.9613 val_precision=0.9613 val_recall=0.7894 val_f1=0.8669 val_aupr=0.9485
Epoch 16 | lr=1.00e-03 | train_loss=0.0746 train_accuracy=0.9703 train_precision=0.9349 train_recall=0.8226 train_f1=0.8752 | val_loss=0.0920 val_accuracy=0.9592 val_precision=0.9730 val_recall=0.7652 val_f1=0.8567 val_aupr=0.9528
Epoch 17 | lr=1.00e-03 | train_loss=0.0712 train_accuracy=0.9728 train_precision=0.9389 train_recall=0.8399 train_f1=0.8866 | val_loss=0.0837 val_accuracy=0.9640 val_precision=0.9443 val_recall=0.8227 val_f1=0.8794 val_aupr=0.9456
Epoch 18 | lr=1.00e-03 | train_loss=0.0679 train_accuracy=0.9725 train_precision=0.9365 train_recall=0.8399 train_f1=0.8856 | val_loss=0.0919 val_accuracy=0.9601 val_precision=0.9769 val_recall=0.7682 val_f1=0.8601 val_aupr=0.9512
Epoch 19 | lr=1.00e-03 | train_loss=0.0649 train_accuracy=0.9737 train_precision=0.9403 train_recall=0.8461 train_f1=0.8907 | val_loss=0.1070 val_accuracy=0.9466 val_precision=0.9803 val_recall=0.6788 val_f1=0.8021 val_aupr=0.9451
Epoch 20 | lr=1.00e-03 | train_loss=0.0655 train_accuracy=0.9731 train_precision=0.9400 train_recall=0.8409 train_f1=0.8877 | val_loss=0.0887 val_accuracy=0.9601 val_precision=0.9575 val_recall=0.7848 val_f1=0.8626 val_aupr=0.9439
Epoch 21 | lr=1.00e-03 | train_loss=0.0620 train_accuracy=0.9767 train_precision=0.9511 train_recall=0.8601 train_f1=0.9033 | val_loss=0.0812 val_accuracy=0.9671 val_precision=0.9367 val_recall=0.8515 val_f1=0.8921 val_aupr=0.9515
Epoch 22 | lr=1.00e-03 | train_loss=0.0601 train_accuracy=0.9745 train_precision=0.9433 train_recall=0.8493 train_f1=0.8938 | val_loss=0.0773 val_accuracy=0.9683 val_precision=0.9343 val_recall=0.8621 val_f1=0.8968 val_aupr=0.9524
Epoch 23 | lr=1.00e-03 | train_loss=0.0593 train_accuracy=0.9756 train_precision=0.9467 train_recall=0.8555 train_f1=0.8988 | val_loss=0.0816 val_accuracy=0.9667 val_precision=0.9469 val_recall=0.8379 val_f1=0.8891 val_aupr=0.9507
Epoch 24 | lr=1.00e-03 | train_loss=0.0568 train_accuracy=0.9765 train_precision=0.9487 train_recall=0.8610 train_f1=0.9028 | val_loss=0.0880 val_accuracy=0.9642 val_precision=0.9539 val_recall=0.8152 val_f1=0.8791 val_aupr=0.9495
  -> early stopping at epoch 24 (no improvement for 10 epochs)
/homes/bangchi/miniconda3/envs/TIScalling/lib/python3.10/site-packages/torch/nn/modules/transformer.py:379: UserWarning: enable_nested_tensor is True, but self.use_nested_tensor is False because encoder_layer.norm_first was True
  warnings.warn(
/nas/cluster_data/homes/bangchi/TISCalling/script/train_nn_model_by_site_transformer_relatvie_pos_label.py:740: FutureWarning: You are using `torch.load` with `weights_only=False` (the current default value), which uses the default pickle module implicitly. It is possible to construct malicious pickle data which will execute arbitrary code during unpickling (See https://github.com/pytorch/pytorch/blob/main/SECURITY.md#untrusted-models for more details). In a future release, the default value for `weights_only` will be flipped to `True`. This limits the functions that could be executed during unpickling. Arbitrary objects will no longer be allowed to be loaded via this mode unless they are explicitly allowlisted by the user via `torch.serialization.add_safe_globals`. We recommend you start setting `weights_only=True` for any use case where you don't have full control of the loaded file. Please open an issue on GitHub for any issues related to this experimental feature.
  state_dict = torch.load(path, map_location=device)
Best validation F1: 0.9015
{'accuracy': 0.9702105803800719,
 'auc': np.float64(0.969355837358863),
 'aupr': np.float64(0.913884188295395),
 'f1': np.float64(0.862776025236593),
 'fn': np.int64(114),
 'fp': np.int64(60),
 'mcc': np.float64(0.8470684352641344),
 'precision': np.float64(0.9011532125205931),
 'recall': np.float64(0.8275340393343419),
 'specificity': np.float64(0.9884169884169884),
 'tn': np.int64(5120),
 'tp': np.int64(547)}

