/homes/bangchi/miniconda3/envs/TIScalling/lib/python3.10/site-packages/torch/nn/modules/transformer.py:379: UserWarning: enable_nested_tensor is True, but self.use_nested_tensor is False because encoder_layer.norm_first was True
  warnings.warn(
DEVICE: cuda
run at: 20260422_144833
labels: {0: 4, 1: 6}
hyperparameters: {'embed_dim': 64, 'd_model': 64, 'num_layers': 3, 'num_heads': 8, 'ff_dim': 128, 'batch_size': 16, 'max_epoch': 50, 'dropout': 0.05, 'weight_fold': 1, 'max_len': 201, 'pooling_mode': 'attention'}
Using 2 GPUs
total parameters: 126273
total trainable parameters: 126273
Epoch 01 | lr=1.00e-02 | train_loss=0.3067 train_accuracy=0.6000 train_precision=0.7500 train_recall=0.7500 train_loss=0.3067 train_f1=0.7500 | val_loss=0.7220 val_accuracy=0.5000 val_precision=0.5000 val_recall=1.0000 val_f1=0.6667
  -> saved best model to model/test-run_20260422_144833.pt
Epoch 02 | lr=1.00e-02 | train_loss=0.0487 train_accuracy=0.8000 train_precision=1.0000 train_recall=0.7500 train_loss=0.0487 train_f1=0.8571 | val_loss=7.1642 val_accuracy=0.5000 val_precision=0.5000 val_recall=1.0000 val_f1=0.6667
Epoch 03 | lr=1.00e-02 | train_loss=0.0957 train_accuracy=1.0000 train_precision=1.0000 train_recall=1.0000 train_loss=0.0957 train_f1=1.0000 | val_loss=5.4809 val_accuracy=0.5000 val_precision=0.5000 val_recall=1.0000 val_f1=0.6667
Epoch 04 | lr=1.00e-02 | train_loss=0.0000 train_accuracy=1.0000 train_precision=1.0000 train_recall=1.0000 train_loss=0.0000 train_f1=1.0000 | val_loss=6.0794 val_accuracy=0.5000 val_precision=0.5000 val_recall=1.0000 val_f1=0.6667
Epoch 05 | lr=1.00e-02 | train_loss=0.0000 train_accuracy=1.0000 train_precision=1.0000 train_recall=1.0000 train_loss=0.0000 train_f1=1.0000 | val_loss=7.7560 val_accuracy=0.5000 val_precision=0.5000 val_recall=1.0000 val_f1=0.6667
Epoch 06 | lr=1.00e-02 | train_loss=0.0000 train_accuracy=1.0000 train_precision=1.0000 train_recall=1.0000 train_loss=0.0000 train_f1=1.0000 | val_loss=9.4789 val_accuracy=0.5000 val_precision=0.5000 val_recall=1.0000 val_f1=0.6667
Epoch 07 | lr=1.00e-02 | train_loss=0.0000 train_accuracy=1.0000 train_precision=1.0000 train_recall=1.0000 train_loss=0.0000 train_f1=1.0000 | val_loss=11.2210 val_accuracy=0.5000 val_precision=0.5000 val_recall=1.0000 val_f1=0.6667
Epoch 08 | lr=5.00e-03 | train_loss=0.0000 train_accuracy=1.0000 train_precision=1.0000 train_recall=1.0000 train_loss=0.0000 train_f1=1.0000 | val_loss=12.0665 val_accuracy=0.5000 val_precision=0.5000 val_recall=1.0000 val_f1=0.6667
Epoch 09 | lr=5.00e-03 | train_loss=0.0000 train_accuracy=1.0000 train_precision=1.0000 train_recall=1.0000 train_loss=0.0000 train_f1=1.0000 | val_loss=12.8559 val_accuracy=0.5000 val_precision=0.5000 val_recall=1.0000 val_f1=0.6667
Epoch 10 | lr=5.00e-03 | train_loss=0.0000 train_accuracy=1.0000 train_precision=1.0000 train_recall=1.0000 train_loss=0.0000 train_f1=1.0000 | val_loss=13.5906 val_accuracy=0.5000 val_precision=0.5000 val_recall=1.0000 val_f1=0.6667
Epoch 11 | lr=5.00e-03 | train_loss=0.0000 train_accuracy=1.0000 train_precision=1.0000 train_recall=1.0000 train_loss=0.0000 train_f1=1.0000 | val_loss=14.2724 val_accuracy=0.5000 val_precision=0.5000 val_recall=1.0000 val_f1=0.6667
  -> early stopping at epoch 11 (no improvement for 10 epochs)
Best validation F1: 0.6667
(34271, 5)
/homes/bangchi/miniconda3/envs/TIScalling/lib/python3.10/site-packages/torch/nn/modules/transformer.py:379: UserWarning: enable_nested_tensor is True, but self.use_nested_tensor is False because encoder_layer.norm_first was True
  warnings.warn(
labels: {1: 4394, 0: 29877}
hyperparameters: {'embed_dim': 64, 'd_model': 64, 'num_layers': 3, 'num_heads': 8, 'ff_dim': 128, 'batch_size': 16, 'max_epoch': 50, 'dropout': 0.05, 'weight_fold': 1, 'max_len': 201, 'pooling_mode': 'attention'}
Using 2 GPUs
total parameters: 126273
total trainable parameters: 126273
Epoch 01 | lr=1.00e-02 | train_loss=7.6179 train_accuracy=0.5314 train_precision=0.1397 train_recall=0.5242 train_loss=7.6179 train_f1=0.2206 | val_loss=4.4686 val_accuracy=0.1595 val_precision=0.1595 val_recall=1.0000 val_f1=0.2751
  -> saved best model to model/transformer_clf_20260422_144836.pt
Epoch 02 | lr=1.00e-02 | train_loss=2.7633 train_accuracy=0.5319 train_precision=0.1434 train_recall=0.5431 train_loss=2.7633 train_f1=0.2269 | val_loss=1.4873 val_accuracy=0.3057 val_precision=0.1843 val_recall=0.9788 val_f1=0.3102
  -> saved best model to model/transformer_clf_20260422_144836.pt
Epoch 03 | lr=1.00e-02 | train_loss=22.2673 train_accuracy=0.5097 train_precision=0.1297 train_recall=0.5034 train_loss=22.2673 train_f1=0.2062 | val_loss=7.1315 val_accuracy=0.8405 val_precision=0.0000 val_recall=0.0000 val_f1=0.0000
Epoch 04 | lr=1.00e-02 | train_loss=4.8066 train_accuracy=0.5008 train_precision=0.1277 train_recall=0.5054 train_loss=4.8066 train_f1=0.2039 | val_loss=1.3874 val_accuracy=0.1595 val_precision=0.1595 val_recall=1.0000 val_f1=0.2751
Epoch 05 | lr=1.00e-02 | train_loss=3.6126 train_accuracy=0.5139 train_precision=0.1330 train_recall=0.5151 train_loss=3.6126 train_f1=0.2114 | val_loss=2.1220 val_accuracy=0.1595 val_precision=0.1595 val_recall=1.0000 val_f1=0.2751
Epoch 06 | lr=1.00e-02 | train_loss=1.4340 train_accuracy=0.5474 train_precision=0.1525 train_recall=0.5656 train_loss=1.4340 train_f1=0.2402 | val_loss=1.4208 val_accuracy=0.7707 val_precision=0.2643 val_recall=0.2455 val_f1=0.2545
Epoch 07 | lr=1.00e-02 | train_loss=1.1512 train_accuracy=0.5860 train_precision=0.1777 train_recall=0.6264 train_loss=1.1512 train_f1=0.2769 | val_loss=1.2145 val_accuracy=0.3830 val_precision=0.1950 val_recall=0.9167 val_f1=0.3216
  -> saved best model to model/transformer_clf_20260422_144836.pt
Epoch 08 | lr=1.00e-02 | train_loss=1.0890 train_accuracy=0.6159 train_precision=0.1966 train_recall=0.6596 train_loss=1.0890 train_f1=0.3029 | val_loss=1.1580 val_accuracy=0.4862 val_precision=0.2215 val_recall=0.8833 val_f1=0.3542
  -> saved best model to model/transformer_clf_20260422_144836.pt
Epoch 09 | lr=1.00e-02 | train_loss=1.0497 train_accuracy=0.6500 train_precision=0.2136 train_recall=0.6586 train_loss=1.0497 train_f1=0.3226 | val_loss=1.0700 val_accuracy=0.6774 val_precision=0.2971 val_recall=0.7485 val_f1=0.4253
  -> saved best model to model/transformer_clf_20260422_144836.pt
Epoch 10 | lr=1.00e-02 | train_loss=44.0695 train_accuracy=0.5745 train_precision=0.1628 train_recall=0.5705 train_loss=44.0695 train_f1=0.2533 | val_loss=21.2659 val_accuracy=0.1595 val_precision=0.1595 val_recall=1.0000 val_f1=0.2751
Epoch 11 | lr=1.00e-02 | train_loss=43.4253 train_accuracy=0.5140 train_precision=0.1329 train_recall=0.5145 train_loss=43.4253 train_f1=0.2113 | val_loss=4.1277 val_accuracy=0.6165 val_precision=0.2008 val_recall=0.4712 val_f1=0.2816
Epoch 12 | lr=1.00e-02 | train_loss=7.6304 train_accuracy=0.5408 train_precision=0.1458 train_recall=0.5412 train_loss=7.6304 train_f1=0.2297 | val_loss=9.8691 val_accuracy=0.3359 val_precision=0.1885 val_recall=0.9576 val_f1=0.3151
Epoch 13 | lr=1.00e-02 | train_loss=3.1016 train_accuracy=0.5445 train_precision=0.1488 train_recall=0.5509 train_loss=3.1016 train_f1=0.2343 | val_loss=1.5811 val_accuracy=0.7496 val_precision=0.2614 val_recall=0.3121 val_f1=0.2845
Epoch 14 | lr=1.00e-02 | train_loss=1.9967 train_accuracy=0.5646 train_precision=0.1618 train_recall=0.5841 train_loss=1.9967 train_f1=0.2534 | val_loss=1.2846 val_accuracy=0.3676 val_precision=0.1947 val_recall=0.9455 val_f1=0.3229
Epoch 15 | lr=1.00e-02 | train_loss=1.1455 train_accuracy=0.6393 train_precision=0.2130 train_recall=0.6866 train_loss=1.1455 train_f1=0.3251 | val_loss=1.1196 val_accuracy=0.6426 val_precision=0.2875 val_recall=0.8394 val_f1=0.4283
  -> saved best model to model/transformer_clf_20260422_144836.pt
Epoch 16 | lr=1.00e-02 | train_loss=0.9736 train_accuracy=0.6747 train_precision=0.2501 train_recall=0.7862 train_loss=0.9736 train_f1=0.3794 | val_loss=1.0631 val_accuracy=0.7373 val_precision=0.3495 val_recall=0.7515 val_f1=0.4772
  -> saved best model to model/transformer_clf_20260422_144836.pt
Epoch 17 | lr=1.00e-02 | train_loss=0.8091 train_accuracy=0.7833 train_precision=0.3470 train_recall=0.8087 train_loss=0.8091 train_f1=0.4856 | val_loss=0.7827 val_accuracy=0.9111 val_precision=0.7219 val_recall=0.7197 val_f1=0.7208
  -> saved best model to model/transformer_clf_20260422_144836.pt
Epoch 18 | lr=1.00e-02 | train_loss=0.6746 train_accuracy=0.8410 train_precision=0.4327 train_recall=0.8262 train_loss=0.6746 train_f1=0.5679 | val_loss=0.8152 val_accuracy=0.8079 val_precision=0.4460 val_recall=0.8455 val_f1=0.5840
Epoch 19 | lr=1.00e-02 | train_loss=19.7010 train_accuracy=0.6849 train_precision=0.2363 train_recall=0.6681 train_loss=19.7010 train_f1=0.3491 | val_loss=2.0703 val_accuracy=0.5495 val_precision=0.1532 val_recall=0.4030 val_f1=0.2220
Epoch 20 | lr=1.00e-02 | train_loss=11.4920 train_accuracy=0.5087 train_precision=0.1308 train_recall=0.5106 train_loss=11.4920 train_f1=0.2082 | val_loss=18.6313 val_accuracy=0.8405 val_precision=0.0000 val_recall=0.0000 val_f1=0.0000
Epoch 21 | lr=1.00e-02 | train_loss=7.4759 train_accuracy=0.5193 train_precision=0.1344 train_recall=0.5145 train_loss=7.4759 train_f1=0.2131 | val_loss=31.8706 val_accuracy=0.1595 val_precision=0.1595 val_recall=1.0000 val_f1=0.2751
Epoch 22 | lr=1.00e-02 | train_loss=nan train_accuracy=0.6446 train_precision=0.1277 train_recall=0.3104 train_loss=nan train_f1=0.1810 | val_loss=nan val_accuracy=0.8405 val_precision=0.0000 val_recall=0.0000 val_f1=0.0000
Epoch 23 | lr=1.00e-02 | train_loss=nan train_accuracy=0.8735 train_precision=0.0000 train_recall=0.0000 train_loss=nan train_f1=0.0000 | val_loss=nan val_accuracy=0.8405 val_precision=0.0000 val_recall=0.0000 val_f1=0.0000
Epoch 24 | lr=5.00e-03 | train_loss=nan train_accuracy=0.8735 train_precision=0.0000 train_recall=0.0000 train_loss=nan train_f1=0.0000 | val_loss=nan val_accuracy=0.8405 val_precision=0.0000 val_recall=0.0000 val_f1=0.0000
Epoch 25 | lr=5.00e-03 | train_loss=nan train_accuracy=0.8735 train_precision=0.0000 train_recall=0.0000 train_loss=nan train_f1=0.0000 | val_loss=nan val_accuracy=0.8405 val_precision=0.0000 val_recall=0.0000 val_f1=0.0000
Epoch 26 | lr=5.00e-03 | train_loss=nan train_accuracy=0.8735 train_precision=0.0000 train_recall=0.0000 train_loss=nan train_f1=0.0000 | val_loss=nan val_accuracy=0.8405 val_precision=0.0000 val_recall=0.0000 val_f1=0.0000
Epoch 27 | lr=5.00e-03 | train_loss=nan train_accuracy=0.8735 train_precision=0.0000 train_recall=0.0000 train_loss=nan train_f1=0.0000 | val_loss=nan val_accuracy=0.8405 val_precision=0.0000 val_recall=0.0000 val_f1=0.0000
  -> early stopping at epoch 27 (no improvement for 10 epochs)
/nas/cluster_data/homes/bangchi/TISCalling/script/train_nn_model_by_site_transformer.py:685: FutureWarning: You are using `torch.load` with `weights_only=False` (the current default value), which uses the default pickle module implicitly. It is possible to construct malicious pickle data which will execute arbitrary code during unpickling (See https://github.com/pytorch/pytorch/blob/main/SECURITY.md#untrusted-models for more details). In a future release, the default value for `weights_only` will be flipped to `True`. This limits the functions that could be executed during unpickling. Arbitrary objects will no longer be allowed to be loaded via this mode unless they are explicitly allowlisted by the user via `torch.serialization.add_safe_globals`. We recommend you start setting `weights_only=True` for any use case where you don't have full control of the loaded file. Please open an issue on GitHub for any issues related to this experimental feature.
  state_dict = torch.load(path, map_location=device)
Best validation F1: 0.7208
{'accuracy': 0.9073788734805684,
 'f1': np.float64(0.6438446346280448),
 'fn': np.int64(172),
 'fp': np.int64(369),
 'mcc': np.float64(0.5982905664984446),
 'precision': np.float64(0.5699300699300699),
 'recall': np.float64(0.7397881996974282),
 'specificity': np.float64(0.9287644787644788),
 'tn': np.int64(4811),
 'tp': np.int64(489)}

