[transformers] The `check_model_inputs` decorator is deprecated in favor of `merge_with_config_defaults`.
DEVICE: cuda:0
Loading tokenizer: multimolecule/rinalmo-micro
pad token id = 0
run at: 20260521_230050
(34271, 6)
labels: {1: 4394, 0: 29877}
train labels: {np.int64(1): 3080, np.int64(0): 21095}
val labels: {np.int64(1): 435, np.int64(0): 2776}
test labels: {np.int64(1): 879, np.int64(0): 6006}
train sections: {np.int64(0): 2387, np.int64(3): 535, np.int64(1): 17161, np.int64(2): 1310, np.int64(4): 2782}
section_ratio: {np.int64(0): 10.127775450356095, np.int64(3): 45.18691588785047, np.int64(1): 1.4087174407085834, np.int64(2): 18.454198473282442, np.int64(4): 8.68979151689432}
section_neg_pos_ratio: {0: 0.26229508196721313, 3: 1.1926229508196722, 1: 64.00378787878788, 2: 1.1475409836065573, 4: 38.183098591549296}
hyperparameters: {'lora_r': 4, 'lora_alpha': 32, 'lora_dropout': 0.1, 'num_heads': 8, 'dropout': 0.1, 'pooling_mode': 'attention', 'batch_size': 16, 'max_epoch': 50, 'section_scaling': 0, 'section_weight_fold': {'0': 1, '1': 1, '2': 1, '3': 1, '4': 1}, 'section_label_scaling': 0, 'section_pos_weight_fold': {'0': 1, '1': 30, '2': 1, '3': 1, '4': 30}, 'max_weight': 300, 'lr': 0.0001, 'left_window': 411, 'right_window': 101, 'ignore_sec': 0}
Loading backbone: multimolecule/rinalmo-micro
Loading weights:   0%|          | 0/183 [00:00<?, ?it/s]Loading weights: 100%|██████████| 183/183 [00:00<00:00, 33082.95it/s]
[transformers] [1mRiNALMoModel LOAD REPORT[0m from: multimolecule/rinalmo-micro
Key                                 | Status     | 
------------------------------------+------------+-
lm_head.bias                        | UNEXPECTED | 
lm_head.transform.dense.bias        | UNEXPECTED | 
lm_head.transform.layer_norm.weight | UNEXPECTED | 
lm_head.transform.layer_norm.bias   | UNEXPECTED | 
lm_head.transform.dense.weight      | UNEXPECTED | 
pooler.dense.weight                 | MISSING    | 
pooler.dense.bias                   | MISSING    | 

Notes:
- UNEXPECTED:	can be ignored when loading from different task/architecture; not ok if you expect identical arch.
- MISSING:	those params were newly initialized because missing from the checkpoint. Consider training on your downstream task.
trainable params: 301,920 || all params: 33,783,372 || trainable%: 0.8937
Total params: 34,707,853  |  Trainable: 1,226,401
Epoch 01 | lr=1.00e-04 | train loss=0.7711 acc=0.7868 prec=0.3080 rec=0.5399 f1=0.3922 | aupr=0.3252 | val   loss=0.4943 acc=0.7649 prec=0.1615 rec=0.7168 f1=0.2635 aupr=0.2787
  -> saved best model to model.pt
Epoch 02 | lr=1.00e-04 | train loss=0.6531 acc=0.8115 prec=0.3656 rec=0.6523 f1=0.4686 | aupr=0.4109 | val   loss=0.5109 acc=0.7544 prec=0.1595 rec=0.7457 f1=0.2627 aupr=0.2583
Epoch 03 | lr=1.00e-04 | train loss=0.5605 acc=0.8361 prec=0.4147 rec=0.6968 f1=0.5199 | aupr=0.4891 | val   loss=0.6081 acc=0.7358 prec=0.1580 rec=0.8092 f1=0.2644 aupr=0.3294
  -> saved best model to model.pt
Epoch 04 | lr=1.00e-04 | train loss=0.4273 acc=0.8785 prec=0.5157 rec=0.7571 f1=0.6135 | aupr=0.6705 | val   loss=0.6292 acc=0.7385 prec=0.1750 rec=0.9306 f1=0.2946 aupr=0.5406
  -> saved best model to model.pt
Epoch 05 | lr=1.00e-04 | train loss=0.3414 acc=0.9078 prec=0.5999 rec=0.8289 f1=0.6960 | aupr=0.8011 | val   loss=0.2009 acc=0.9182 prec=0.3917 rec=0.7110 f1=0.5051 aupr=0.5370
Epoch 06 | lr=1.00e-04 | train loss=0.2635 acc=0.9292 prec=0.6748 rec=0.8581 f1=0.7555 | aupr=0.8631 | val   loss=0.1791 acc=0.9271 prec=0.4340 rec=0.7977 f1=0.5621 aupr=0.7080
  -> saved best model to model.pt
Epoch 07 | lr=1.00e-04 | train loss=0.2202 acc=0.9435 prec=0.7251 rec=0.8968 f1=0.8019 | aupr=0.9063 | val   loss=0.1569 acc=0.9396 prec=0.4910 rec=0.7861 f1=0.6044 aupr=0.7346
  -> saved best model to model.pt
Epoch 08 | lr=1.00e-04 | train loss=0.1750 acc=0.9550 prec=0.7762 rec=0.9088 f1=0.8373 | aupr=0.9287 | val   loss=0.1321 acc=0.9562 prec=0.5940 rec=0.8035 f1=0.6830 aupr=0.8003
  -> saved best model to model.pt
Epoch 09 | lr=1.00e-04 | train loss=0.1476 acc=0.9615 prec=0.8020 rec=0.9269 f1=0.8599 | aupr=0.9463 | val   loss=0.1207 acc=0.9607 prec=0.6256 rec=0.8208 f1=0.7100 aupr=0.8139
  -> saved best model to model.pt
Epoch 10 | lr=1.00e-04 | train loss=0.1201 acc=0.9682 prec=0.8398 rec=0.9273 f1=0.8813 | aupr=0.9544 | val   loss=0.1073 acc=0.9617 prec=0.6364 rec=0.8092 f1=0.7125 aupr=0.8371
  -> saved best model to model.pt
Epoch 11 | lr=1.00e-04 | train loss=0.1185 acc=0.9695 prec=0.8453 rec=0.9312 f1=0.8861 | aupr=0.9555 | val   loss=0.1121 acc=0.9630 prec=0.6368 rec=0.8613 f1=0.7322 aupr=0.8543
  -> saved best model to model.pt
Epoch 12 | lr=1.00e-04 | train loss=0.1044 acc=0.9724 prec=0.8506 rec=0.9503 f1=0.8977 | aupr=0.9702 | val   loss=0.1327 acc=0.9623 prec=0.6490 rec=0.7803 f1=0.7087 aupr=0.7946
Epoch 13 | lr=1.00e-04 | train loss=0.1013 acc=0.9728 prec=0.8562 rec=0.9455 f1=0.8986 | aupr=0.9700 | val   loss=0.0859 acc=0.9746 prec=0.7634 rec=0.8208 f1=0.7911 aupr=0.8773
  -> saved best model to model.pt
Epoch 14 | lr=1.00e-04 | train loss=0.0760 acc=0.9801 prec=0.8990 rec=0.9503 f1=0.9239 | aupr=0.9794 | val   loss=0.1185 acc=0.9681 prec=0.6820 rec=0.8555 f1=0.7590 aupr=0.8578
Epoch 15 | lr=1.00e-04 | train loss=0.0891 acc=0.9753 prec=0.8689 rec=0.9494 f1=0.9074 | aupr=0.9719 | val   loss=0.0876 acc=0.9735 prec=0.7513 rec=0.8208 f1=0.7845 aupr=0.8651
Epoch 16 | lr=1.00e-04 | train loss=0.0877 acc=0.9785 prec=0.8856 rec=0.9549 f1=0.9189 | aupr=0.9782 | val   loss=0.1177 acc=0.9607 prec=0.6154 rec=0.8786 f1=0.7238 aupr=0.8689
Epoch 17 | lr=1.00e-04 | train loss=0.0921 acc=0.9761 prec=0.8739 rec=0.9497 f1=0.9102 | aupr=0.9749 | val   loss=0.1074 acc=0.9623 prec=0.6230 rec=0.9075 f1=0.7388 aupr=0.8740
Epoch 18 | lr=5.00e-05 | train loss=0.0429 acc=0.9881 prec=0.9421 rec=0.9659 f1=0.9538 | aupr=0.9897 | val   loss=0.1076 acc=0.9722 prec=0.7136 rec=0.8786 f1=0.7876 aupr=0.8806
  -> saved best model to model.pt
Epoch 19 | lr=5.00e-05 | train loss=0.0424 acc=0.9882 prec=0.9377 rec=0.9721 f1=0.9546 | aupr=0.9917 | val   loss=0.1047 acc=0.9685 prec=0.6852 rec=0.8555 f1=0.7609 aupr=0.8766
Epoch 20 | lr=5.00e-05 | train loss=0.0340 acc=0.9904 prec=0.9524 rec=0.9737 f1=0.9629 | aupr=0.9943 | val   loss=0.0929 acc=0.9783 prec=0.8045 rec=0.8324 f1=0.8182 aupr=0.8866
  -> saved best model to model.pt
Epoch 21 | lr=5.00e-05 | train loss=0.0293 acc=0.9911 prec=0.9569 rec=0.9737 f1=0.9652 | aupr=0.9950 | val   loss=0.1010 acc=0.9773 prec=0.7978 rec=0.8208 f1=0.8091 aupr=0.8784
Epoch 22 | lr=5.00e-05 | train loss=0.0339 acc=0.9915 prec=0.9553 rec=0.9789 f1=0.9670 | aupr=0.9943 | val   loss=0.1041 acc=0.9701 prec=0.7053 rec=0.8439 f1=0.7684 aupr=0.8670
Epoch 23 | lr=5.00e-05 | train loss=0.0348 acc=0.9901 prec=0.9494 rec=0.9740 f1=0.9615 | aupr=0.9945 | val   loss=0.0902 acc=0.9793 prec=0.8218 rec=0.8266 f1=0.8242 aupr=0.8954
  -> saved best model to model.pt
Epoch 24 | lr=5.00e-05 | train loss=0.0220 acc=0.9930 prec=0.9661 rec=0.9795 f1=0.9728 | aupr=0.9969 | val   loss=0.1016 acc=0.9763 prec=0.7784 rec=0.8324 f1=0.8045 aupr=0.8852
Epoch 25 | lr=5.00e-05 | train loss=0.0238 acc=0.9932 prec=0.9667 rec=0.9802 f1=0.9734 | aupr=0.9968 | val   loss=0.1024 acc=0.9786 prec=0.8125 rec=0.8266 f1=0.8195 aupr=0.8946
Epoch 26 | lr=5.00e-05 | train loss=0.0227 acc=0.9940 prec=0.9696 rec=0.9838 f1=0.9766 | aupr=0.9972 | val   loss=0.1074 acc=0.9796 prec=0.8266 rec=0.8266 f1=0.8266 aupr=0.8917
Epoch 27 | lr=5.00e-05 | train loss=0.0141 acc=0.9954 prec=0.9790 rec=0.9854 f1=0.9822 | aupr=0.9983 | val   loss=0.1001 acc=0.9820 prec=0.8846 rec=0.7977 f1=0.8389 aupr=0.9003
  -> saved best model to model.pt
Epoch 28 | lr=5.00e-05 | train loss=0.0339 acc=0.9926 prec=0.9618 rec=0.9808 f1=0.9712 | aupr=0.9965 | val   loss=0.0898 acc=0.9796 prec=0.8424 rec=0.8035 f1=0.8225 aupr=0.8916
Epoch 29 | lr=5.00e-05 | train loss=0.0177 acc=0.9947 prec=0.9731 rec=0.9854 f1=0.9792 | aupr=0.9984 | val   loss=0.1225 acc=0.9742 prec=0.7680 rec=0.8035 f1=0.7853 aupr=0.8678
Epoch 30 | lr=5.00e-05 | train loss=0.0172 acc=0.9947 prec=0.9749 rec=0.9838 f1=0.9793 | aupr=0.9980 | val   loss=0.1131 acc=0.9807 prec=0.8537 rec=0.8092 f1=0.8309 aupr=0.8917
Epoch 31 | lr=5.00e-05 | train loss=0.0109 acc=0.9966 prec=0.9839 rec=0.9899 f1=0.9869 | aupr=0.9989 | val   loss=0.1300 acc=0.9800 prec=0.8654 rec=0.7803 f1=0.8207 aupr=0.8842
Epoch 32 | lr=2.50e-05 | train loss=0.0145 acc=0.9964 prec=0.9820 rec=0.9903 f1=0.9861 | aupr=0.9987 | val   loss=0.1280 acc=0.9725 prec=0.7347 rec=0.8324 f1=0.7805 aupr=0.8715
  -> early stopping at epoch 32
Best val AUPR: 0.9003
Loading backbone: multimolecule/rinalmo-micro
Loading weights:   0%|          | 0/183 [00:00<?, ?it/s]Loading weights: 100%|██████████| 183/183 [00:00<00:00, 32182.71it/s]
[transformers] [1mRiNALMoModel LOAD REPORT[0m from: multimolecule/rinalmo-micro
Key                                 | Status     | 
------------------------------------+------------+-
lm_head.bias                        | UNEXPECTED | 
lm_head.transform.dense.bias        | UNEXPECTED | 
lm_head.transform.layer_norm.weight | UNEXPECTED | 
lm_head.transform.layer_norm.bias   | UNEXPECTED | 
lm_head.transform.dense.weight      | UNEXPECTED | 
pooler.dense.weight                 | MISSING    | 
pooler.dense.bias                   | MISSING    | 

Notes:
- UNEXPECTED:	can be ignored when loading from different task/architecture; not ok if you expect identical arch.
- MISSING:	those params were newly initialized because missing from the checkpoint. Consider training on your downstream task.
trainable params: 301,920 || all params: 33,783,372 || trainable%: 0.8937
Total params: 34,707,853  |  Trainable: 1,226,401
/nas/cluster_data/homes/bangchi/TISCalling/model/rinalmo_dora_20260521-03-halffold_only_5utrnonatg_cdsnontatg/main.py:641: FutureWarning: You are using `torch.load` with `weights_only=False` (the current default value), which uses the default pickle module implicitly. It is possible to construct malicious pickle data which will execute arbitrary code during unpickling (See https://github.com/pytorch/pytorch/blob/main/SECURITY.md#untrusted-models for more details). In a future release, the default value for `weights_only` will be flipped to `True`. This limits the functions that could be executed during unpickling. Arbitrary objects will no longer be allowed to be loaded via this mode unless they are explicitly allowlisted by the user via `torch.serialization.add_safe_globals`. We recommend you start setting `weights_only=True` for any use case where you don't have full control of the loaded file. Please open an issue on GitHub for any issues related to this experimental feature.
  sd    = torch.load(path, map_location=device)
/homes/bangchi/miniconda3/envs/TIScalling/lib/python3.10/site-packages/sklearn/metrics/_classification.py:395: UserWarning: A single label was found in 'y_true' and 'y_pred'. For the confusion matrix to have the correct shape, use the 'labels' parameter to pass all known labels.
  warnings.warn(
/homes/bangchi/miniconda3/envs/TIScalling/lib/python3.10/site-packages/sklearn/metrics/_classification.py:395: UserWarning: A single label was found in 'y_true' and 'y_pred'. For the confusion matrix to have the correct shape, use the 'labels' parameter to pass all known labels.
  warnings.warn(
========== training set: all sites ==========
      section  accuracy  balanced_accuracy  precision    recall  specificity       auc      aupr        f1       mcc   tp     tn    fp    fn  total  balanced_downsample_accuracy_mean  balanced_downsample_accuracy_std  balanced_downsample_balanced_accuracy_mean  balanced_downsample_balanced_accuracy_std  balanced_downsample_precision_mean  balanced_downsample_precision_std  balanced_downsample_recall_mean  balanced_downsample_recall_std  balanced_downsample_specificity_mean  balanced_downsample_specificity_std  balanced_downsample_auc_mean  balanced_downsample_auc_std  balanced_downsample_aupr_mean  balanced_downsample_aupr_std  balanced_downsample_f1_mean  balanced_downsample_f1_std  balanced_downsample_mcc_mean  balanced_downsample_mcc_std  balanced_downsample_tp_mean  balanced_downsample_tp_std  balanced_downsample_tn_mean  balanced_downsample_tn_std  balanced_downsample_fp_mean  balanced_downsample_fp_std  balanced_downsample_fn_mean  balanced_downsample_fn_std  balanced_downsample_total_mean  balanced_downsample_total_std
6     3UTRATG  0.897959           0.707447   0.200000  0.500000     0.914894  0.829787  0.308824  0.285714  0.271200    1     43     4     1     49                           0.702500                          0.098569                                    0.702500                                   0.098569                            0.905000                           0.197139                         0.500000                    0.000000e+00                              0.905000                         1.971386e-01                      0.832500                     0.166875                       0.889167                      0.113023                     0.635000                    0.065713                      0.467654                     0.227636                         1.00                    0.000000                         1.81                    0.394277                         0.19                    0.394277                         1.00                    0.000000                             4.0                            0.0
7  3UTRnonATG  0.872197           0.438063   0.000000  0.000000     0.876126  0.638514  0.009189  0.000000 -0.025172    0    389    55     2    446                           0.437500                          0.108799                                    0.437500                                   0.108799                            0.000000                           0.000000                         0.000000                    0.000000e+00                              0.875000                         2.175971e-01                      0.612500                     0.316577                       0.706667                      0.216621                     0.000000                    0.000000                     -0.144338                     0.251259                         0.00                    0.000000                         1.75                    0.435194                         0.25                    0.435194                         2.00                    0.000000                             4.0                            0.0
4     5UTRATG  0.519084           0.493091   0.437500  0.114754     0.871429  0.503220  0.468236  0.181818 -0.021049   70    610    90   540   1310                           0.493246                          0.002377                                    0.493246                                   0.002377                            0.472387                           0.009295                         0.114754                    1.394770e-17                              0.871738                         4.753099e-03                      0.503545                     0.004046                       0.502886                      0.003639                     0.184641                    0.000707                     -0.020614                     0.007118                        70.00                    0.000000                       531.76                    2.899390                        78.24                    2.899390                       540.00                    0.000000                          1220.0                            0.0
3  5UTRnonATG  0.862362           0.529271   0.022313  0.185606     0.872936  0.544414  0.018654  0.039837  0.021569   49  14750  2147   215  17161                           0.530644                          0.009958                                    0.530644                                   0.009958                            0.601324                           0.038579                         0.185606                    5.579081e-17                              0.875682                         1.991576e-02                      0.547593                     0.014481                       0.550146                      0.015801                     0.283449                    0.004302                      0.085515                     0.029737                        49.00                    0.000000                       231.18                    5.257760                        32.82                    5.257760                       215.00                    0.000000                           528.0                            0.0
1   Annotated  0.124736           0.461473   0.995708  0.122946     0.800000  0.552835  0.997336  0.218868 -0.012038  232      4     1  1655   1892                           0.457000                          0.074203                                    0.457000                                   0.074203                            0.245500                           0.272329                         0.114000                    1.484057e-01                              0.800000                         2.231632e-16                      0.553200                     0.153694                       0.603090                      0.082387                     0.153238                    0.183630                     -0.156824                     0.209689                         0.57                    0.742028                         4.00                    0.000000                         1.00                    0.000000                         4.43                    0.742028                            10.0                            0.0
2      CDSATG  0.551402           0.518126   0.531250  0.139344     0.896907  0.475515  0.459215  0.220779  0.055637   34    261    30   210    535                           0.517930                          0.004459                                    0.517930                                   0.004459                            0.574628                           0.021727                         0.139344                    0.000000e+00                              0.896516                         8.917913e-03                      0.475700                     0.006972                       0.503158                      0.006901                     0.224249                    0.001617                      0.055143                     0.014711                        34.00                    0.000000                       218.75                    2.175971                        25.25                    2.175971                       210.00                    0.000000                           488.0                            0.0
5   CDSnonATG  0.847951           0.524231   0.034392  0.183099     0.865363  0.508507  0.030549  0.057906  0.022304   13   2346   365    58   2782                           0.527042                          0.021763                                    0.527042                                   0.021763                            0.598014                           0.083380                         0.183099                    2.789540e-17                              0.870986                         4.352523e-02                      0.511220                     0.036125                       0.545180                      0.030894                     0.279392                    0.009206                      0.078377                     0.064342                        13.00                    0.000000                        61.84                    3.090291                         9.16                    3.090291                        58.00                    0.000000                           142.0                            0.0
0         all  0.777746           0.500966   0.129084  0.129545     0.872387  0.502958  0.129962  0.129315  0.001929  399  18403  2692  2681  24175                           0.501071                          0.003037                                    0.501071                                   0.003037                            0.504449                           0.011935                         0.129545                    0.000000e+00                              0.872597                         6.074294e-03                      0.503242                     0.005239                       0.506073                      0.004946                     0.206132                    0.000996                      0.003293                     0.009112                       399.00                    0.000000                      2687.60                   18.708827                       392.40                   18.708827                      2681.00                    0.000000                          6160.0                            0.0
========== val set: all sites ==========
      section  accuracy  balanced_accuracy  precision    recall  specificity       auc      aupr        f1       mcc   tp    tn  fp  fn  total  balanced_downsample_accuracy_mean  balanced_downsample_accuracy_std  balanced_downsample_balanced_accuracy_mean  balanced_downsample_balanced_accuracy_std  balanced_downsample_precision_mean  balanced_downsample_precision_std  balanced_downsample_recall_mean  balanced_downsample_recall_std  balanced_downsample_specificity_mean  balanced_downsample_specificity_std  balanced_downsample_auc_mean  balanced_downsample_auc_std  balanced_downsample_aupr_mean  balanced_downsample_aupr_std  balanced_downsample_f1_mean  balanced_downsample_f1_std  balanced_downsample_mcc_mean  balanced_downsample_mcc_std  balanced_downsample_tp_mean  balanced_downsample_tp_std  balanced_downsample_tn_mean  balanced_downsample_tn_std  balanced_downsample_fp_mean  balanced_downsample_fp_std  balanced_downsample_fn_mean  balanced_downsample_fn_std  balanced_downsample_total_mean  balanced_downsample_total_std
2     5UTRATG  0.928571           0.927820   0.920455  0.920455     0.935185  0.969171  0.971426  0.920455  0.855640   81   101   7   7    196                           0.928580                      6.163840e-03                                    0.928580                               6.163840e-03                            0.935806                       1.181425e-02                         0.920455                    2.231632e-16                              0.936705                         1.232768e-02                      0.969544                     0.002615                       0.976085                      0.002886                     0.928030                5.787757e-03                      0.857340                 1.254214e-02                         81.0                         0.0                        82.43                    1.084836                         5.57                    1.084836                          7.0                         0.0                           176.0                            0.0
3  5UTRnonATG  0.988782           0.759936   0.766667  0.522727     0.997145  0.964574  0.679057  0.621622  0.627807   23  2445   7  21   2496                           0.760455                      3.098408e-03                                    0.760455                               3.098408e-03                            0.996667                       1.136083e-02                         0.522727                    1.115816e-16                              0.998182                         6.196816e-03                      0.965987                     0.010140                       0.969513                      0.009547                     0.685759                2.752932e-03                      0.592169                 9.136368e-03                         23.0                         0.0                        43.92                    0.272660                         0.08                    0.272660                         21.0                         0.0                            88.0                            0.0
1   Annotated  1.000000           1.000000   1.000000  1.000000     1.000000  1.000000  1.000000  1.000000  1.000000  262     1   0   0    263                           1.000000                      0.000000e+00                                    1.000000                               0.000000e+00                            1.000000                       0.000000e+00                         1.000000                    0.000000e+00                              1.000000                         0.000000e+00                      1.000000                     0.000000                       1.000000                      0.000000                     1.000000                0.000000e+00                      1.000000                 0.000000e+00                          1.0                         0.0                         1.00                    0.000000                         0.00                    0.000000                          0.0                         0.0                             2.0                            0.0
4      CDSATG  0.927273           0.909091   0.891892  1.000000     0.818182  0.995868  0.997475  0.942857  0.854242   33    18   4   0     55                           0.909091                      3.347448e-16                                    0.909091                               2.231632e-16                            0.846154                       3.347448e-16                         1.000000                    0.000000e+00                              0.818182                         2.231632e-16                      0.995723                     0.002881                       0.996236                      0.002535                     0.916667                1.115816e-16                      0.832050                 2.231632e-16                         22.0                         0.0                        18.00                    0.000000                         4.00                    0.000000                          0.0                         0.0                            44.0                            0.0
5   CDSnonATG  0.965174           0.562500   1.000000  0.125000     1.000000  0.851036  0.449941  0.222222  0.347311    1   193   0   7    201                           0.562500                      0.000000e+00                                    0.562500                               0.000000e+00                            1.000000                       0.000000e+00                         0.125000                    0.000000e+00                              1.000000                         0.000000e+00                      0.852187                     0.068322                       0.882435                      0.054154                     0.222222                2.789540e-17                      0.258199                 1.115816e-16                          1.0                         0.0                         8.00                    0.000000                         0.00                    0.000000                          7.0                         0.0                            16.0                            0.0
0         all  0.983494           0.956528   0.956938  0.919540     0.993516  0.992494  0.975563  0.937866  0.928599  400  2758  18  35   3211                           0.956793                      1.752695e-03                                    0.956793                               1.752695e-03                            0.993581                       3.756228e-03                         0.919540                    1.115816e-16                              0.994046                         3.505390e-03                      0.992607                     0.000714                       0.993743                      0.000645                     0.955124                1.737237e-03                      0.916139                 3.752481e-03                        400.0                         0.0                       432.41                    1.524845                         2.59                    1.524845                         35.0                         0.0                           870.0                            0.0
sect_best_cut: {'Annotated': np.float32(0.00019112909), '5UTRATG': np.float32(0.043228514), '5UTRnonATG': np.float32(0.0003653914), 'CDSATG': np.float32(0.83939046), 'CDSnonATG': np.float32(1.2330046e-05)}
--- cutoff adj ---
      section  accuracy  balanced_accuracy  precision    recall  specificity       auc      aupr        f1       mcc   tp    tn  fp  fn  total  balanced_downsample_accuracy_mean  balanced_downsample_accuracy_std  balanced_downsample_balanced_accuracy_mean  balanced_downsample_balanced_accuracy_std  balanced_downsample_precision_mean  balanced_downsample_precision_std  balanced_downsample_recall_mean  balanced_downsample_recall_std  balanced_downsample_specificity_mean  balanced_downsample_specificity_std  balanced_downsample_auc_mean  balanced_downsample_auc_std  balanced_downsample_aupr_mean  balanced_downsample_aupr_std  balanced_downsample_f1_mean  balanced_downsample_f1_std  balanced_downsample_mcc_mean  balanced_downsample_mcc_std  balanced_downsample_tp_mean  balanced_downsample_tp_std  balanced_downsample_tn_mean  balanced_downsample_tn_std  balanced_downsample_fp_mean  balanced_downsample_fp_std  balanced_downsample_fn_mean  balanced_downsample_fn_std  balanced_downsample_total_mean  balanced_downsample_total_std
2     5UTRATG  0.897959           0.905303   0.826923  0.977273     0.833333  0.969171  0.971426  0.895833  0.807890   86    90  18   2    196                           0.905966                      8.407160e-03                                    0.905966                               8.407160e-03                            0.855480                           0.012620                         0.977273                    2.231632e-16                              0.834659                         1.681432e-02                      0.969544                     0.002615                       0.976085                      0.002886                     0.912281                7.167735e-03                      0.820400                 1.499593e-02                         86.0                         0.0                        73.45                    1.479660                        14.55                    1.479660                          2.0                         0.0                           176.0                            0.0
3  5UTRnonATG  0.957532           0.889107   0.268657  0.818182     0.960033  0.964574  0.679057  0.404494  0.454353   36  2354  98   8   2496                           0.890227                      1.464548e-02                                    0.890227                               1.464548e-02                            0.957007                           0.032063                         0.818182                    2.231632e-16                              0.962273                         2.929095e-02                      0.965987                     0.010140                       0.969513                      0.009547                     0.881920                1.377349e-02                      0.789163                 3.270943e-02                         36.0                         0.0                        42.34                    1.288802                         1.66                    1.288802                          8.0                         0.0                            88.0                            0.0
1   Annotated  1.000000           1.000000   1.000000  1.000000     1.000000  1.000000  1.000000  1.000000  1.000000  262     1   0   0    263                           1.000000                      0.000000e+00                                    1.000000                               0.000000e+00                            1.000000                           0.000000                         1.000000                    0.000000e+00                              1.000000                         0.000000e+00                      1.000000                     0.000000                       1.000000                      0.000000                     1.000000                0.000000e+00                      1.000000                 0.000000e+00                          1.0                         0.0                         1.00                    0.000000                         0.00                    0.000000                          0.0                         0.0                             2.0                            0.0
4      CDSATG  0.945455           0.931818   0.916667  1.000000     0.863636  0.995868  0.997475  0.956522  0.889757   33    19   3   0     55                           0.931818                      2.231632e-16                                    0.931818                               1.115816e-16                            0.880000                           0.000000                         1.000000                    0.000000e+00                              0.863636                         3.347448e-16                      0.995723                     0.002881                       0.996236                      0.002535                     0.936170                3.347448e-16                      0.871780                 1.115816e-16                         22.0                         0.0                        19.00                    0.000000                         3.00                    0.000000                          0.0                         0.0                            44.0                            0.0
5   CDSnonATG  0.711443           0.789832   0.109375  0.875000     0.704663  0.851036  0.449941  0.194444  0.243248    7   136  57   1    201                           0.793750                      9.210467e-02                                    0.793750                               9.210467e-02                            0.770167                           0.114221                         0.875000                    0.000000e+00                              0.712500                         1.842093e-01                      0.852187                     0.068322                       0.882435                      0.054154                     0.814747                6.572891e-02                      0.596671                 1.827096e-01                          7.0                         0.0                         5.70                    1.473675                         2.30                    1.473675                          1.0                         0.0                            16.0                            0.0
0         all  0.983494           0.956528   0.956938  0.919540     0.993516  0.992494  0.975563  0.937866  0.928599  400  2758  18  35   3211                           0.956793                      1.752695e-03                                    0.956793                               1.752695e-03                            0.993581                           0.003756                         0.919540                    1.115816e-16                              0.994046                         3.505390e-03                      0.992607                     0.000714                       0.993743                      0.000645                     0.955124                1.737237e-03                      0.916139                 3.752481e-03                        400.0                         0.0                       432.41                    1.524845                         2.59                    1.524845                         35.0                         0.0                           870.0                            0.0
========== test set: all sites ==========
{'accuracy': 0.9764705882352941,
 'auc': np.float64(0.9910143894785532),
 'aupr': np.float64(0.9678052750471919),
 'f1': np.float64(0.9095982142857143),
 'fn': np.int64(64),
 'fp': np.int64(98),
 'mcc': np.float64(0.8962922246470232),
 'precision': np.float64(0.8926615553121577),
 'recall': np.float64(0.9271899886234357),
 'specificity': np.float64(0.9836829836829837),
 'tn': np.int64(5908),
 'total': np.int64(6885),
 'tp': np.int64(815)}
/homes/bangchi/miniconda3/envs/TIScalling/lib/python3.10/site-packages/sklearn/metrics/_classification.py:395: UserWarning: A single label was found in 'y_true' and 'y_pred'. For the confusion matrix to have the correct shape, use the 'labels' parameter to pass all known labels.
  warnings.warn(
/homes/bangchi/miniconda3/envs/TIScalling/lib/python3.10/site-packages/sklearn/metrics/_classification.py:395: UserWarning: A single label was found in 'y_true' and 'y_pred'. For the confusion matrix to have the correct shape, use the 'labels' parameter to pass all known labels.
  warnings.warn(
      section  accuracy  balanced_accuracy  precision    recall  specificity       auc      aupr        f1       mcc   tp    tn  fp  fn  total  balanced_downsample_accuracy_mean  balanced_downsample_accuracy_std  balanced_downsample_balanced_accuracy_mean  balanced_downsample_balanced_accuracy_std  balanced_downsample_precision_mean  balanced_downsample_precision_std  balanced_downsample_recall_mean  balanced_downsample_recall_std  balanced_downsample_specificity_mean  balanced_downsample_specificity_std  balanced_downsample_auc_mean  balanced_downsample_auc_std  balanced_downsample_aupr_mean  balanced_downsample_aupr_std  balanced_downsample_f1_mean  balanced_downsample_f1_std  balanced_downsample_mcc_mean  balanced_downsample_mcc_std  balanced_downsample_tp_mean  balanced_downsample_tp_std  balanced_downsample_tn_mean  balanced_downsample_tn_std  balanced_downsample_fp_mean  balanced_downsample_fp_std  balanced_downsample_fn_mean  balanced_downsample_fn_std  balanced_downsample_total_mean  balanced_downsample_total_std
6     3UTRATG  0.833333           0.911765   0.250000  1.000000     0.823529  1.000000  1.000000  0.400000  0.453743    1    14   3   0     18                           0.890000                          0.208167                                    0.890000                                   0.208167                            0.890000                           0.208167                         1.000000                    0.000000e+00                              0.780000                         4.163332e-01                      1.000000                     0.000000                       1.000000                      0.000000                     0.926667                    0.138778                      0.780000                     0.416333                         1.00                    0.000000                         0.78                    0.416333                         0.22                    0.416333                         0.00                    0.000000                             2.0                            0.0
7  3UTRnonATG  1.000000           1.000000   0.000000  0.000000     1.000000       NaN       NaN  0.000000  0.000000    0   164   0   0    164                                NaN                               NaN                                         NaN                                        NaN                                 NaN                                NaN                              NaN                             NaN                                   NaN                                  NaN                           NaN                          NaN                            NaN                           NaN                          NaN                         NaN                           NaN                          NaN                          NaN                         NaN                          NaN                         NaN                          NaN                         NaN                          NaN                         NaN                             NaN                            NaN
2     5UTRATG  0.833333           0.844657   0.741463  0.904762     0.784553  0.938044  0.934485  0.815013  0.677002  152   193  53  16    414                           0.845536                          0.009397                                    0.845536                                   0.009397                            0.809169                           0.013707                         0.904762                    1.115816e-16                              0.786310                         1.879454e-02                      0.938604                     0.003463                       0.951191                      0.003373                     0.854239                    0.007610                      0.696059                     0.017402                       152.00                    0.000000                       132.10                    3.157483                        35.90                    3.157483                        16.00                    0.000000                           336.0                            0.0
3  5UTRnonATG  0.989293           0.787420   0.545455  0.580645     0.994195  0.953826  0.580905  0.562500  0.557364   36  5138  30  26   5230                           0.787581                          0.004472                                    0.787581                                   0.004472                            0.990868                           0.014816                         0.580645                    0.000000e+00                              0.994516                         8.943614e-03                      0.954441                     0.009523                       0.961498                      0.009854                     0.732177                    0.004097                      0.631903                     0.012525                        36.00                    0.000000                        61.66                    0.554504                         0.34                    0.554504                        26.00                    0.000000                           124.0                            0.0
1   Annotated  0.992620           0.830550   0.998138  0.994434     0.666667  0.994434  0.999969  0.996283  0.513039  536     2   1   3    542                           0.831667                          0.016667                                    0.831667                                   0.016667                            0.749167                           0.008333                         0.996667                    3.333333e-02                              0.666667                         2.231632e-16                      0.996667                     0.033333                       0.998333                      0.016667                     0.855238                    0.019048                      0.703369                     0.037377                         2.99                    0.100000                         2.00                    0.000000                         1.00                    0.000000                         0.01                    0.100000                             6.0                            0.0
4      CDSATG  0.892562           0.853763   0.923077  0.933333     0.774194  0.951254  0.983925  0.928177  0.715260   84    24   7   6    121                           0.854032                          0.018393                                    0.854032                                   0.018393                            0.805089                           0.006242                         0.933871                    3.678700e-02                              0.774194                         3.347448e-16                      0.949698                     0.019917                       0.959729                      0.014509                     0.864497                    0.019429                      0.718016                     0.041513                        28.95                    1.140397                        24.00                    0.000000                         7.00                    0.000000                         2.05                    1.140397                            62.0                            0.0
5   CDSnonATG  0.957071           0.652590   0.600000  0.315789     0.989390  0.839174  0.458166  0.413793  0.415728    6   373   4  13    396                           0.653158                          0.010161                                    0.653158                                   0.010161                            0.974286                           0.055160                         0.315789                    0.000000e+00                              0.990526                         2.032226e-02                      0.840609                     0.043147                       0.861897                      0.036992                     0.476677                    0.007128                      0.416166                     0.036137                         6.00                    0.000000                        18.82                    0.386123                         0.18                    0.386123                        13.00                    0.000000                            38.0                            0.0
0         all  0.976471           0.955436   0.892662  0.927190     0.983683  0.991014  0.967805  0.909598  0.896292  815  5908  98  64   6885                           0.955410                          0.002029                                    0.955410                                   0.002029                            0.982668                           0.004214                         0.927190                    1.115816e-16                              0.983629                         4.058286e-03                      0.991041                     0.000658                       0.992313                      0.000672                     0.954119                    0.001989                      0.912282                     0.004268                       815.00                    0.000000                       864.61                    3.567233                        14.39                    3.567233                        64.00                    0.000000                          1758.0                            0.0
--- cutoff adj ---
      section  accuracy  balanced_accuracy  precision    recall  specificity       auc      aupr        f1       mcc   tp    tn   fp  fn  total  balanced_downsample_accuracy_mean  balanced_downsample_accuracy_std  balanced_downsample_balanced_accuracy_mean  balanced_downsample_balanced_accuracy_std  balanced_downsample_precision_mean  balanced_downsample_precision_std  balanced_downsample_recall_mean  balanced_downsample_recall_std  balanced_downsample_specificity_mean  balanced_downsample_specificity_std  balanced_downsample_auc_mean  balanced_downsample_auc_std  balanced_downsample_aupr_mean  balanced_downsample_aupr_std  balanced_downsample_f1_mean  balanced_downsample_f1_std  balanced_downsample_mcc_mean  balanced_downsample_mcc_std  balanced_downsample_tp_mean  balanced_downsample_tp_std  balanced_downsample_tn_mean  balanced_downsample_tn_std  balanced_downsample_fp_mean  balanced_downsample_fp_std  balanced_downsample_fn_mean  balanced_downsample_fn_std  balanced_downsample_total_mean  balanced_downsample_total_std
6     3UTRATG  0.833333           0.911765   0.250000  1.000000     0.823529  1.000000  1.000000  0.400000  0.453743    1    14    3   0     18                           0.890000                          0.208167                                    0.890000                                   0.208167                            0.890000                           0.208167                         1.000000                    0.000000e+00                              0.780000                         4.163332e-01                      1.000000                     0.000000                       1.000000                      0.000000                     0.926667                1.387777e-01                      0.780000                     0.416333                         1.00                    0.000000                         0.78                    0.416333                         0.22                    0.416333                         0.00                    0.000000                             2.0                            0.0
7  3UTRnonATG  1.000000           1.000000   0.000000  0.000000     1.000000       NaN       NaN  0.000000  0.000000    0   164    0   0    164                                NaN                               NaN                                         NaN                                        NaN                                 NaN                                NaN                              NaN                             NaN                                   NaN                                  NaN                           NaN                          NaN                            NaN                           NaN                          NaN                         NaN                           NaN                          NaN                          NaN                         NaN                          NaN                         NaN                          NaN                         NaN                          NaN                         NaN                             NaN                            NaN
2     5UTRATG  0.770531           0.798418   0.648980  0.946429     0.650407  0.938044  0.934485  0.769976  0.596280  159   160   86   9    414                           0.798571                          0.009820                                    0.798571                                   0.009820                            0.730596                           0.011089                         0.946429                    1.115816e-16                              0.650714                         1.963967e-02                      0.938604                     0.003463                       0.951191                      0.003373                     0.824578                7.058849e-03                      0.625139                     0.016589                       159.00                    0.000000                       109.32                    3.299464                        58.68                    3.299464                         9.00                    0.000000                           336.0                            0.0
3  5UTRnonATG  0.945507           0.876813   0.154799  0.806452     0.947175  0.953826  0.580905  0.259740  0.338847   50  4895  273  12   5230                           0.877258                          0.013198                                    0.877258                                   0.013198                            0.940376                           0.028921                         0.806452                    3.347448e-16                              0.948065                         2.639640e-02                      0.954441                     0.009523                       0.961498                      0.009854                     0.868078                1.232231e-02                      0.762583                     0.029583                        50.00                    0.000000                        58.78                    1.636577                         3.22                    1.636577                        12.00                    0.000000                           124.0                            0.0
1   Annotated  0.994465           0.500000   0.994465  1.000000     0.000000  0.994434  0.999969  0.997225  0.000000  539     0    3   0    542                           0.500000                          0.000000                                    0.500000                                   0.000000                            0.500000                           0.000000                         1.000000                    0.000000e+00                              0.000000                         0.000000e+00                      0.996667                     0.033333                       0.998333                      0.016667                     0.666667                2.231632e-16                      0.000000                     0.000000                         3.00                    0.000000                         0.00                    0.000000                         3.00                    0.000000                         0.00                    0.000000                             6.0                            0.0
4      CDSATG  0.876033           0.853226   0.931034  0.900000     0.806452  0.951254  0.983925  0.915254  0.686097   81    25    6   9    121                           0.852903                          0.022022                                    0.852903                                   0.022022                            0.822614                           0.007283                         0.899355                    4.404428e-02                              0.806452                         3.347448e-16                      0.949698                     0.019917                       0.959729                      0.014509                     0.858928                2.422073e-02                      0.709743                     0.046999                        27.88                    1.365373                        25.00                    0.000000                         6.00                    0.000000                         3.12                    1.365373                            62.0                            0.0
5   CDSnonATG  0.734848           0.710806   0.116071  0.684211     0.737401  0.839174  0.458166  0.198473  0.200074   13   278   99   6    396                           0.714737                          0.051383                                    0.714737                                   0.051383                            0.737605                           0.082836                         0.684211                    2.231632e-16                              0.745263                         1.027668e-01                      0.840609                     0.043147                       0.861897                      0.036992                     0.707732                3.775629e-02                      0.433281                     0.107185                        13.00                    0.000000                        14.16                    1.952569                         4.84                    1.952569                         6.00                    0.000000                            38.0                            0.0
0         all  0.976471           0.955436   0.892662  0.927190     0.983683  0.991014  0.967805  0.909598  0.896292  815  5908   98  64   6885                           0.955410                          0.002029                                    0.955410                                   0.002029                            0.982668                           0.004214                         0.927190                    1.115816e-16                              0.983629                         4.058286e-03                      0.991041                     0.000658                       0.992313                      0.000672                     0.954119                1.989278e-03                      0.912282                     0.004268                       815.00                    0.000000                       864.61                    3.567233                        14.39                    3.567233                        64.00                    0.000000                          1758.0                            0.0
